Archive member included to satisfy reference by file (symbol)

c:/users/mames/.eclipse/com.st.stm32cube.ide.mcu.rcp.product_1.5.1_931663386_win32_win32_x86_64/plugins/com.st.stm32cube.ide.mcu.externaltools.gnu-tools-for-stm32.9-2020-q2-update.win32_1.5.0.202011040924/tools/bin/../lib/gcc/arm-none-eabi/9.3.1/../../../../arm-none-eabi/lib/thumb/v7e-m+fp/hard\libc_nano.a(lib_a-errno.o)
                              Core/Src/syscalls.o (__errno)
c:/users/mames/.eclipse/com.st.stm32cube.ide.mcu.rcp.product_1.5.1_931663386_win32_win32_x86_64/plugins/com.st.stm32cube.ide.mcu.externaltools.gnu-tools-for-stm32.9-2020-q2-update.win32_1.5.0.202011040924/tools/bin/../lib/gcc/arm-none-eabi/9.3.1/../../../../arm-none-eabi/lib/thumb/v7e-m+fp/hard\libc_nano.a(lib_a-exit.o)
                              c:/users/mames/.eclipse/com.st.stm32cube.ide.mcu.rcp.product_1.5.1_931663386_win32_win32_x86_64/plugins/com.st.stm32cube.ide.mcu.externaltools.gnu-tools-for-stm32.9-2020-q2-update.win32_1.5.0.202011040924/tools/bin/../lib/gcc/arm-none-eabi/9.3.1/../../../../arm-none-eabi/lib/thumb/v7e-m+fp/hard/crt0.o (exit)
c:/users/mames/.eclipse/com.st.stm32cube.ide.mcu.rcp.product_1.5.1_931663386_win32_win32_x86_64/plugins/com.st.stm32cube.ide.mcu.externaltools.gnu-tools-for-stm32.9-2020-q2-update.win32_1.5.0.202011040924/tools/bin/../lib/gcc/arm-none-eabi/9.3.1/../../../../arm-none-eabi/lib/thumb/v7e-m+fp/hard\libc_nano.a(lib_a-impure.o)
                              c:/users/mames/.eclipse/com.st.stm32cube.ide.mcu.rcp.product_1.5.1_931663386_win32_win32_x86_64/plugins/com.st.stm32cube.ide.mcu.externaltools.gnu-tools-for-stm32.9-2020-q2-update.win32_1.5.0.202011040924/tools/bin/../lib/gcc/arm-none-eabi/9.3.1/../../../../arm-none-eabi/lib/thumb/v7e-m+fp/hard\libc_nano.a(lib_a-exit.o) (_global_impure_ptr)
c:/users/mames/.eclipse/com.st.stm32cube.ide.mcu.rcp.product_1.5.1_931663386_win32_win32_x86_64/plugins/com.st.stm32cube.ide.mcu.externaltools.gnu-tools-for-stm32.9-2020-q2-update.win32_1.5.0.202011040924/tools/bin/../lib/gcc/arm-none-eabi/9.3.1/../../../../arm-none-eabi/lib/thumb/v7e-m+fp/hard\libc_nano.a(lib_a-init.o)
                              c:/users/mames/.eclipse/com.st.stm32cube.ide.mcu.rcp.product_1.5.1_931663386_win32_win32_x86_64/plugins/com.st.stm32cube.ide.mcu.externaltools.gnu-tools-for-stm32.9-2020-q2-update.win32_1.5.0.202011040924/tools/bin/../lib/gcc/arm-none-eabi/9.3.1/../../../../arm-none-eabi/lib/thumb/v7e-m+fp/hard/crt0.o (__libc_init_array)
c:/users/mames/.eclipse/com.st.stm32cube.ide.mcu.rcp.product_1.5.1_931663386_win32_win32_x86_64/plugins/com.st.stm32cube.ide.mcu.externaltools.gnu-tools-for-stm32.9-2020-q2-update.win32_1.5.0.202011040924/tools/bin/../lib/gcc/arm-none-eabi/9.3.1/../../../../arm-none-eabi/lib/thumb/v7e-m+fp/hard\libc_nano.a(lib_a-memset.o)
                              c:/users/mames/.eclipse/com.st.stm32cube.ide.mcu.rcp.product_1.5.1_931663386_win32_win32_x86_64/plugins/com.st.stm32cube.ide.mcu.externaltools.gnu-tools-for-stm32.9-2020-q2-update.win32_1.5.0.202011040924/tools/bin/../lib/gcc/arm-none-eabi/9.3.1/../../../../arm-none-eabi/lib/thumb/v7e-m+fp/hard/crt0.o (memset)
c:/users/mames/.eclipse/com.st.stm32cube.ide.mcu.rcp.product_1.5.1_931663386_win32_win32_x86_64/plugins/com.st.stm32cube.ide.mcu.externaltools.gnu-tools-for-stm32.9-2020-q2-update.win32_1.5.0.202011040924/tools/bin/../lib/gcc/arm-none-eabi/9.3.1/../../../../arm-none-eabi/lib/thumb/v7e-m+fp/hard\libc_nano.a(lib_a-nano-vfprintf_float.o)
                              (_printf_float)
c:/users/mames/.eclipse/com.st.stm32cube.ide.mcu.rcp.product_1.5.1_931663386_win32_win32_x86_64/plugins/com.st.stm32cube.ide.mcu.externaltools.gnu-tools-for-stm32.9-2020-q2-update.win32_1.5.0.202011040924/tools/bin/../lib/gcc/arm-none-eabi/9.3.1/../../../../arm-none-eabi/lib/thumb/v7e-m+fp/hard\libc_nano.a(lib_a-nano-vfprintf_i.o)
                              c:/users/mames/.eclipse/com.st.stm32cube.ide.mcu.rcp.product_1.5.1_931663386_win32_win32_x86_64/plugins/com.st.stm32cube.ide.mcu.externaltools.gnu-tools-for-stm32.9-2020-q2-update.win32_1.5.0.202011040924/tools/bin/../lib/gcc/arm-none-eabi/9.3.1/../../../../arm-none-eabi/lib/thumb/v7e-m+fp/hard\libc_nano.a(lib_a-nano-vfprintf_float.o) (_printf_common)
c:/users/mames/.eclipse/com.st.stm32cube.ide.mcu.rcp.product_1.5.1_931663386_win32_win32_x86_64/plugins/com.st.stm32cube.ide.mcu.externaltools.gnu-tools-for-stm32.9-2020-q2-update.win32_1.5.0.202011040924/tools/bin/../lib/gcc/arm-none-eabi/9.3.1/../../../../arm-none-eabi/lib/thumb/v7e-m+fp/hard\libc_nano.a(lib_a-snprintf.o)
                              Core/Src/commands.o (snprintf)
c:/users/mames/.eclipse/com.st.stm32cube.ide.mcu.rcp.product_1.5.1_931663386_win32_win32_x86_64/plugins/com.st.stm32cube.ide.mcu.externaltools.gnu-tools-for-stm32.9-2020-q2-update.win32_1.5.0.202011040924/tools/bin/../lib/gcc/arm-none-eabi/9.3.1/../../../../arm-none-eabi/lib/thumb/v7e-m+fp/hard\libc_nano.a(lib_a-strchr.o)
[...]
Memory Configuration

Name             Origin             Length             Attributes
RAM              0x0000000020000000 0x0000000000018000 xrw
FLASH            0x0000000008000000 0x0000000000080000 xr
*default*        0x0000000000000000 0xffffffffffffffff

Linker script and memory map

LOAD c:/users/mames/.eclipse/com.st.stm32cube.ide.mcu.rcp.product_1.5.1_931663386_win32_win32_x86_64/plugins/com.st.stm32cube.ide.mcu.externaltools.gnu-tools-for-stm32.9-2020-q2-update.win32_1.5.0.202011040924/tools/bin/../lib/gcc/arm-none-eabi/9.3.1/thumb/v7e-m+fp/hard/crti.o
LOAD c:/users/mames/.eclipse/com.st.stm32cube.ide.mcu.rcp.product_1.5.1_931663386_win32_win32_x86_64/plugins/com.st.stm32cube.ide.mcu.externaltools.gnu-tools-for-stm32.9-2020-q2-update.win32_1.5.0.202011040924/tools/bin/../lib/gcc/arm-none-eabi/9.3.1/thumb/v7e-m+fp/hard/crtbegin.o
LOAD c:/users/mames/.eclipse/com.st.stm32cube.ide.mcu.rcp.product_1.5.1_931663386_win32_win32_x86_64/plugins/com.st.stm32cube.ide.mcu.externaltools.gnu-tools-for-stm32.9-2020-q2-update.win32_1.5.0.202011040924/tools/bin/../lib/gcc/arm-none-eabi/9.3.1/../../../../arm-none-eabi/lib/thumb/v7e-m+fp/hard/crt0.o
LOAD Core/Src/commands.o
LOAD Core/Src/fsm.o
LOAD Core/Src/fsmPacketCtrl.o
LOAD Core/Src/fsmParse.o
LOAD Core/Src/main.o
LOAD Core/Src/stm32f4xx_hal_msp.o
LOAD Core/Src/stm32f4xx_it.o
LOAD Core/Src/syscalls.o
LOAD Core/Src/sysmem.o
LOAD Core/Src/system_stm32f4xx.o
LOAD Core/Startup/startup_stm32f401retx.o
LOAD Drivers/STM32F4xx_HAL_Driver/Src/stm32f4xx_hal.o
LOAD Drivers/STM32F4xx_HAL_Driver/Src/stm32f4xx_hal_cortex.o
LOAD Drivers/STM32F4xx_HAL_Driver/Src/stm32f4xx_hal_dma.o
LOAD Drivers/STM32F4xx_HAL_Driver/Src/stm32f4xx_hal_dma_ex.o
LOAD Drivers/STM32F4xx_HAL_Driver/Src/stm32f4xx_hal_exti.o
LOAD Drivers/STM32F4xx_HAL_Driver/Src/stm32f4xx_hal_flash.o
LOAD Drivers/STM32F4xx_HAL_Driver/Src/stm32f4xx_hal_flash_ex.o
LOAD Drivers/STM32F4xx_HAL_Driver/Src/stm32f4xx_hal_flash_ramfunc.o
LOAD Drivers/STM32F4xx_HAL_Driver/Src/stm32f4xx_hal_gpio.o
LOAD Drivers/STM32F4xx_HAL_Driver/Src/stm32f4xx_hal_pwr.o
LOAD Drivers/STM32F4xx_HAL_Driver/Src/stm32f4xx_hal_pwr_ex.o
LOAD Drivers/STM32F4xx_HAL_Driver/Src/stm32f4xx_hal_rcc.o
LOAD Drivers/STM32F4xx_HAL_Driver/Src/stm32f4xx_hal_rcc_ex.o
LOAD Drivers/STM32F4xx_HAL_Driver/Src/stm32f4xx_hal_tim.o
LOAD Drivers/STM32F4xx_HAL_Driver/Src/stm32f4xx_hal_tim_ex.o
LOAD Drivers/STM32F4xx_HAL_Driver/Src/stm32f4xx_hal_uart.o
START GROUP
LOAD c:/users/mames/.eclipse/com.st.stm32cube.ide.mcu.rcp.product_1.5.1_931663386_win32_win32_x86_64/plugins/com.st.stm32cube.ide.mcu.externaltools.gnu-tools-for-stm32.9-2020-q2-update.win32_1.5.0.202011040924/tools/bin/../lib/gcc/arm-none-eabi/9.3.1/../../../../arm-none-eabi/lib/thumb/v7e-m+fp/hard\libc_nano.a
LOAD c:/users/mames/.eclipse/com.st.stm32cube.ide.mcu.rcp.product_1.5.1_931663386_win32_win32_x86_64/plugins/com.st.stm32cube.ide.mcu.externaltools.gnu-tools-for-stm32.9-2020-q2-update.win32_1.5.0.202011040924/tools/bin/../lib/gcc/arm-none-eabi/9.3.1/../../../../arm-none-eabi/lib/thumb/v7e-m+fp/hard\libm.a
END GROUP
START GROUP
LOAD c:/users/mames/.eclipse/com.st.stm32cube.ide.mcu.rcp.product_1.5.1_931663386_win32_win32_x86_64/plugins/com.st.stm32cube.ide.mcu.externaltools.gnu-tools-for-stm32.9-2020-q2-update.win32_1.5.0.202011040924/tools/bin/../lib/gcc/arm-none-eabi/9.3.1/thumb/v7e-m+fp/hard\libgcc.a
LOAD c:/users/mames/.eclipse/com.st.stm32cube.ide.mcu.rcp.product_1.5.1_931663386_win32_win32_x86_64/plugins/com.st.stm32cube.ide.mcu.externaltools.gnu-tools-for-stm32.9-2020-q2-update.win32_1.5.0.202011040924/tools/bin/../lib/gcc/arm-none-eabi/9.3.1/../../../../arm-none-eabi/lib/thumb/v7e-m+fp/hard\libc_nano.a
END GROUP
START GROUP
LOAD c:/users/mames/.eclipse/com.st.stm32cube.ide.mcu.rcp.product_1.5.1_931663386_win32_win32_x86_64/plugins/com.st.stm32cube.ide.mcu.externaltools.gnu-tools-for-stm32.9-2020-q2-update.win32_1.5.0.202011040924/tools/bin/../lib/gcc/arm-none-eabi/9.3.1/thumb/v7e-m+fp/hard\libgcc.a
LOAD c:/users/mames/.eclipse/com.st.stm32cube.ide.mcu.rcp.product_1.5.1_931663386_win32_win32_x86_64/plugins/com.st.stm32cube.ide.mcu.externaltools.gnu-tools-for-stm32.9-2020-q2-update.win32_1.5.0.202011040924/tools/bin/../lib/gcc/arm-none-eabi/9.3.1/../../../../arm-none-eabi/lib/thumb/v7e-m+fp/hard\libc_nano.a
LOAD c:/users/mames/.eclipse/com.st.stm32cube.ide.mcu.rcp.product_1.5.1_931663386_win32_win32_x86_64/plugins/com.st.stm32cube.ide.mcu.externaltools.gnu-tools-for-stm32.9-2020-q2-update.win32_1.5.0.202011040924/tools/bin/../lib/gcc/arm-none-eabi/9.3.1/../../../../arm-none-eabi/lib/thumb/v7e-m+fp/hard\libnosys.a
END GROUP
START GROUP
LOAD c:/users/mames/.eclipse/com.st.stm32cube.ide.mcu.rcp.product_1.5.1_931663386_win32_win32_x86_64/plugins/com.st.stm32cube.ide.mcu.externaltools.gnu-tools-for-stm32.9-2020-q2-update.win32_1.5.0.202011040924/tools/bin/../lib/gcc/arm-none-eabi/9.3.1/thumb/v7e-m+fp/hard\libgcc.a
LOAD c:/users/mames/.eclipse/com.st.stm32cube.ide.mcu.rcp.product_1.5.1_931663386_win32_win32_x86_64/plugins/com.st.stm32cube.ide.mcu.externaltools.gnu-tools-for-stm32.9-2020-q2-update.win32_1.5.0.202011040924/tools/bin/../lib/gcc/arm-none-eabi/9.3.1/../../../../arm-none-eabi/lib/thumb/v7e-m+fp/hard\libc_nano.a
LOAD c:/users/mames/.eclipse/com.st.stm32cube.ide.mcu.rcp.product_1.5.1_931663386_win32_win32_x86_64/plugins/com.st.stm32cube.ide.mcu.externaltools.gnu-tools-for-stm32.9-2020-q2-update.win32_1.5.0.202011040924/tools/bin/../lib/gcc/arm-none-eabi/9.3.1/../../../../arm-none-eabi/lib/thumb/v7e-m+fp/hard\libnosys.a
END GROUP
LOAD c:/users/mames/.eclipse/com.st.stm32cube.ide.mcu.rcp.product_1.5.1_931663386_win32_win32_x86_64/plugins/com.st.stm32cube.ide.mcu.externaltools.gnu-tools-for-stm32.9-2020-q2-update.win32_1.5.0.202011040924/tools/bin/../lib/gcc/arm-none-eabi/9.3.1/thumb/v7e-m+fp/hard/crtend.o
LOAD c:/users/mames/.eclipse/com.st.stm32cube.ide.mcu.rcp.product_1.5.1_931663386_win32_win32_x86_64/plugins/com.st.stm32cube.ide.mcu.externaltools.gnu-tools-for-stm32.9-2020-q2-update.win32_1.5.0.202011040924/tools/bin/../lib/gcc/arm-none-eabi/9.3.1/thumb/v7e-m+fp/hard/crtn.o
                0x0000000020018000                _estack = (ORIGIN (RAM) + LENGTH (RAM))
                0x0000000000000200                _Min_Heap_Size = 0x200
                0x0000000000000400                _Min_Stack_Size = 0x400

.isr_vector     0x0000000008000000      0x194
                0x0000000008000000                . = ALIGN (0x4)
 *(.isr_vector)
 .isr_vector    0x0000000008000000      0x194 Core/Startup/startup_stm32f401retx.o
                0x0000000008000000                g_pfnVectors
                0x0000000008000194                . = ALIGN (0x4)

.text           0x00000000080001a0     0x7e90
                0x00000000080001a0                . = ALIGN (0x4)
 *(.text)
 .text          0x00000000080001a0       0x40 c:/users/mames/.eclipse/com.st.stm32cube.ide.mcu.rcp.product_1.5.1_931663386_win32_win32_x86_64/plugins/com.st.stm32cube.ide.mcu.externaltools.gnu-tools-for-stm32.9-2020-q2-update.win32_1.5.0.202011040924/tools/bin/../lib/gcc/arm-none-eabi/9.3.1/thumb/v7e-m+fp/hard/crtbegin.o
 .text          0x00000000080001e0       0x10 c:/users/mames/.eclipse/com.st.stm32cube.ide.mcu.rcp.product_1.5.1_931663386_win32_win32_x86_64/plugins/com.st.stm32cube.ide.mcu.externaltools.gnu-tools-for-stm32.9-2020-q2-update.win32_1.5.0.202011040924/tools/bin/../lib/gcc/arm-none-eabi/9.3.1/../../../../arm-none-eabi/lib/thumb/v7e-m+fp/hard\libc_nano.a(lib_a-strlen.o)
                0x00000000080001e0                strlen
 .text          0x00000000080001f0       0xa0 c:/users/mames/.eclipse/com.st.stm32cube.ide.mcu.rcp.product_1.5.1_931663386_win32_win32_x86_64/plugins/com.st.stm32cube.ide.mcu.externaltools.gnu-tools-for-stm32.9-2020-q2-update.win32_1.5.0.202011040924/tools/bin/../lib/gcc/arm-none-eabi/9.3.1/../../../../arm-none-eabi/lib/thumb/v7e-m+fp/hard\libc_nano.a(lib_a-memchr.o)
                0x00000000080001f0                memchr
 .text          0x0000000008000290      0x378 c:/users/mames/.eclipse/com.st.stm32cube.ide.mcu.rcp.product_1.5.1_931663386_win32_win32_x86_64/plugins/com.st.stm32cube.ide.mcu.externaltools.gnu-tools-for-stm32.9-2020-q2-update.win32_1.5.0.202011040924/tools/bin/../lib/gcc/arm-none-eabi/9.3.1/thumb/v7e-m+fp/hard\libgcc.a(_arm_addsubdf3.o)
                0x0000000008000290                __aeabi_drsub
                0x0000000008000298                __aeabi_dsub
                0x0000000008000298                __subdf3
                0x000000000800029c                __aeabi_dadd
                0x000000000800029c                __adddf3
                0x0000000008000514                __floatunsidf
                0x0000000008000514                __aeabi_ui2d
                0x0000000008000534                __floatsidf
                0x0000000008000534                __aeabi_i2d
                0x0000000008000558                __aeabi_f2d
                0x0000000008000558                __extendsfdf2
                0x000000000800059c                __floatundidf
                0x000000000800059c                __aeabi_ul2d
                0x00000000080005ac                __floatdidf
                0x00000000080005ac                __aeabi_l2d
 .text          0x0000000008000608      0x424 c:/users/mames/.eclipse/com.st.stm32cube.ide.mcu.rcp.product_1.5.1_931663386_win32_win32_x86_64/plugins/com.st.stm32cube.ide.mcu.externaltools.gnu-tools-for-stm32.9-2020-q2-update.win32_1.5.0.202011040924/tools/bin/../lib/gcc/arm-none-eabi/9.3.1/thumb/v7e-m+fp/hard\libgcc.a(_arm_muldivdf3.o)
                0x0000000008000608                __aeabi_dmul
                0x0000000008000608                __muldf3
                0x000000000800085c                __divdf3
                0x000000000800085c                __aeabi_ddiv
 .text          0x0000000008000a2c      0x110 c:/users/mames/.eclipse/com.st.stm32cube.ide.mcu.rcp.product_1.5.1_931663386_win32_win32_x86_64/plugins/com.st.stm32cube.ide.mcu.externaltools.gnu-tools-for-stm32.9-2020-q2-update.win32_1.5.0.202011040924/tools/bin/../lib/gcc/arm-none-eabi/9.3.1/thumb/v7e-m+fp/hard\libgcc.a(_arm_cmpdf2.o)
                0x0000000008000a2c                __gtdf2
                0x0000000008000a2c                __gedf2
                0x0000000008000a34                __ltdf2
                0x0000000008000a34                __ledf2
                0x0000000008000a3c                __nedf2
                0x0000000008000a3c                __eqdf2
                0x0000000008000a3c                __cmpdf2
                0x0000000008000ab8                __aeabi_cdrcmple
                0x0000000008000ac8                __aeabi_cdcmpeq
                0x0000000008000ac8                __aeabi_cdcmple
                0x0000000008000ad8                __aeabi_dcmpeq
                0x0000000008000aec                __aeabi_dcmplt
                0x0000000008000b00                __aeabi_dcmple
                0x0000000008000b14                __aeabi_dcmpge
                0x0000000008000b28                __aeabi_dcmpgt
 .text          0x0000000008000b3c       0x2c c:/users/mames/.eclipse/com.st.stm32cube.ide.mcu.rcp.product_1.5.1_931663386_win32_win32_x86_64/plugins/com.st.stm32cube.ide.mcu.externaltools.gnu-tools-for-stm32.9-2020-q2-update.win32_1.5.0.202011040924/tools/bin/../lib/gcc/arm-none-eabi/9.3.1/thumb/v7e-m+fp/hard\libgcc.a(_arm_unorddf2.o)
                0x0000000008000b3c                __unorddf2
                0x0000000008000b3c                __aeabi_dcmpun
 .text          0x0000000008000b68       0x50 c:/users/mames/.eclipse/com.st.stm32cube.ide.mcu.rcp.product_1.5.1_931663386_win32_win32_x86_64/plugins/com.st.stm32cube.ide.mcu.externaltools.gnu-tools-for-stm32.9-2020-q2-update.win32_1.5.0.202011040924/tools/bin/../lib/gcc/arm-none-eabi/9.3.1/thumb/v7e-m+fp/hard\libgcc.a(_arm_fixdfsi.o)
                0x0000000008000b68                __aeabi_d2iz
                0x0000000008000b68                __fixdfsi
 .text          0x0000000008000bb8       0x40 c:/users/mames/.eclipse/com.st.stm32cube.ide.mcu.rcp.product_1.5.1_931663386_win32_win32_x86_64/plugins/com.st.stm32cube.ide.mcu.externaltools.gnu-tools-for-stm32.9-2020-q2-update.win32_1.5.0.202011040924/tools/bin/../lib/gcc/arm-none-eabi/9.3.1/thumb/v7e-m+fp/hard\libgcc.a(_arm_fixunsdfsi.o)
                0x0000000008000bb8                __aeabi_d2uiz
                0x0000000008000bb8                __fixunsdfsi
 .text          0x0000000008000bf8       0xa0 c:/users/mames/.eclipse/com.st.stm32cube.ide.mcu.rcp.product_1.5.1_931663386_win32_win32_x86_64/plugins/com.st.stm32cube.ide.mcu.externaltools.gnu-tools-for-stm32.9-2020-q2-update.win32_1.5.0.202011040924/tools/bin/../lib/gcc/arm-none-eabi/9.3.1/thumb/v7e-m+fp/hard\libgcc.a(_arm_truncdfsf2.o)
                0x0000000008000bf8                __truncdfsf2
                0x0000000008000bf8                __aeabi_d2f
 .text          0x0000000008000c98       0x30 c:/users/mames/.eclipse/com.st.stm32cube.ide.mcu.rcp.product_1.5.1_931663386_win32_win32_x86_64/plugins/com.st.stm32cube.ide.mcu.externaltools.gnu-tools-for-stm32.9-2020-q2-update.win32_1.5.0.202011040924/tools/bin/../lib/gcc/arm-none-eabi/9.3.1/thumb/v7e-m+fp/hard\libgcc.a(_aeabi_uldivmod.o)
                0x0000000008000c98                __aeabi_uldivmod
 .text          0x0000000008000cc8       0x30 c:/users/mames/.eclipse/com.st.stm32cube.ide.mcu.rcp.product_1.5.1_931663386_win32_win32_x86_64/plugins/com.st.stm32cube.ide.mcu.externaltools.gnu-tools-for-stm32.9-2020-q2-update.win32_1.5.0.202011040924/tools/bin/../lib/gcc/arm-none-eabi/9.3.1/thumb/v7e-m+fp/hard\libgcc.a(_fixdfdi.o)
                0x0000000008000cc8                __fixdfdi
                0x0000000008000cc8                __aeabi_d2lz
 .text          0x0000000008000cf8       0x3c c:/users/mames/.eclipse/com.st.stm32cube.ide.mcu.rcp.product_1.5.1_931663386_win32_win32_x86_64/plugins/com.st.stm32cube.ide.mcu.externaltools.gnu-tools-for-stm32.9-2020-q2-update.win32_1.5.0.202011040924/tools/bin/../lib/gcc/arm-none-eabi/9.3.1/thumb/v7e-m+fp/hard\libgcc.a(_fixunsdfdi.o)
                0x0000000008000cf8                __fixunsdfdi
                0x0000000008000cf8                __aeabi_d2ulz
 .text          0x0000000008000d34      0x2c4 c:/users/mames/.eclipse/com.st.stm32cube.ide.mcu.rcp.product_1.5.1_931663386_win32_win32_x86_64/plugins/com.st.stm32cube.ide.mcu.externaltools.gnu-tools-for-stm32.9-2020-q2-update.win32_1.5.0.202011040924/tools/bin/../lib/gcc/arm-none-eabi/9.3.1/thumb/v7e-m+fp/hard\libgcc.a(_udivmoddi4.o)
                0x0000000008000d34                __udivmoddi4
 .text          0x0000000008000ff8        0x4 c:/users/mames/.eclipse/com.st.stm32cube.ide.mcu.rcp.product_1.5.1_931663386_win32_win32_x86_64/plugins/com.st.stm32cube.ide.mcu.externaltools.gnu-tools-for-stm32.9-2020-q2-update.win32_1.5.0.202011040924/tools/bin/../lib/gcc/arm-none-eabi/9.3.1/thumb/v7e-m+fp/hard\libgcc.a(_dvmd_tls.o)
                0x0000000008000ff8                __aeabi_idiv0
                0x0000000008000ff8                __aeabi_ldiv0
 *(.text*)
 .text.execute  0x0000000008000ffc       0x34 Core/Src/commands.o
                0x0000000008000ffc                execute
 .text.noop     0x0000000008001030        0xe Core/Src/commands.o
                0x0000000008001030                noop
 *fill*         0x000000000800103e        0x2 
 .text.idnCMD   0x0000000008001040       0x30 Core/Src/commands.o
                0x0000000008001040                idnCMD
 .text.voltageCMD
                0x0000000008001070       0x7c Core/Src/commands.o
                0x0000000008001070                voltageCMD
 .text.initFSM  0x00000000080010ec       0x34 Core/Src/fsm.o
                0x00000000080010ec                initFSM
 .text.packetCtrlIDLE
                0x0000000008001120       0x54 Core/Src/fsmPacketCtrl.o
                0x0000000008001120                packetCtrlIDLE
 .text.packetCtrlSelect
                0x0000000008001174       0x28 Core/Src/fsmPacketCtrl.o
                0x0000000008001174                packetCtrlSelect
 .text.packetCtrlWaitProcessed
                0x000000000800119c       0x44 Core/Src/fsmPacketCtrl.o
                0x000000000800119c                packetCtrlWaitProcessed
 .text.packetCtrlNext
                0x00000000080011e0       0x64 Core/Src/fsmPacketCtrl.o
                0x00000000080011e0                packetCtrlNext
 .text.parseIDLE
                0x0000000008001244       0x5c Core/Src/fsmParse.o
                0x0000000008001244                parseIDLE
 .text.parseNode
                0x00000000080012a0       0x88 Core/Src/fsmParse.o
                0x00000000080012a0                parseNode
 .text.parseAddr
                0x0000000008001328       0x6c Core/Src/fsmParse.o
                0x0000000008001328                parseAddr
 .text.parseSection
                0x0000000008001394       0xd8 Core/Src/fsmParse.o
                0x0000000008001394                parseSection
 .text.parseCmdIDN
                0x000000000800146c       0x40 Core/Src/fsmParse.o
                0x000000000800146c                parseCmdIDN
 .text.parseCmdBIAS
                0x00000000080014ac       0xcc Core/Src/fsmParse.o
                0x00000000080014ac                parseCmdBIAS
 .text.parseCmdKAT
                0x0000000008001578       0x14 Core/Src/fsmParse.o
                0x0000000008001578                parseCmdKAT
 .text.parseCmdMON
                0x000000000800158c       0x14 Core/Src/fsmParse.o
                0x000000000800158c                parseCmdMON
 .text.parseSendToAddr
                0x00000000080015a0       0x40 Core/Src/fsmParse.o
                0x00000000080015a0                parseSendToAddr
 .text.parseVoltageCmd
                0x00000000080015e0       0x98 Core/Src/fsmParse.o
                0x00000000080015e0                parseVoltageCmd
 .text.parseMaxCmd
                0x0000000008001678       0x14 Core/Src/fsmParse.o
                0x0000000008001678                parseMaxCmd
 .text.parseStateCmd
                0x000000000800168c       0x14 Core/Src/fsmParse.o
                0x000000000800168c                parseStateCmd
 .text.parseErrNode
                0x00000000080016a0       0x40 Core/Src/fsmParse.o
                0x00000000080016a0                parseErrNode
 .text.parseErrSection
                0x00000000080016e0       0x40 Core/Src/fsmParse.o
                0x00000000080016e0                parseErrSection
 .text.parseErrCmd
                0x0000000008001720       0x40 Core/Src/fsmParse.o
                0x0000000008001720                parseErrCmd
 .text.main     0x0000000008001760       0xcc Core/Src/main.o
                0x0000000008001760                main
 .text.SystemClock_Config
                0x000000000800182c       0xd8 Core/Src/main.o
                0x000000000800182c                SystemClock_Config
 .text.MX_USART1_UART_Init
                0x0000000008001904       0x54 Core/Src/main.o
 .text.MX_USART2_UART_Init
                0x0000000008001958       0x54 Core/Src/main.o
 .text.MX_GPIO_Init
                0x00000000080019ac       0xe0 Core/Src/main.o
 .text.Error_Handler
                0x0000000008001a8c        0xa Core/Src/main.o
                0x0000000008001a8c                Error_Handler
 *fill*         0x0000000008001a96        0x2 
 .text.HAL_MspInit
                0x0000000008001a98       0x50 Core/Src/stm32f4xx_hal_msp.o
                0x0000000008001a98                HAL_MspInit
 .text.HAL_UART_MspInit
                0x0000000008001ae8      0x118 Core/Src/stm32f4xx_hal_msp.o
                0x0000000008001ae8                HAL_UART_MspInit
 .text.NMI_Handler
                0x0000000008001c00        0x6 Core/Src/stm32f4xx_it.o
                0x0000000008001c00                NMI_Handler
 .text.HardFault_Handler
                0x0000000008001c06        0x6 Core/Src/stm32f4xx_it.o
                0x0000000008001c06                HardFault_Handler
 .text.MemManage_Handler
                0x0000000008001c0c        0x6 Core/Src/stm32f4xx_it.o
                0x0000000008001c0c                MemManage_Handler
 .text.BusFault_Handler
                0x0000000008001c12        0x6 Core/Src/stm32f4xx_it.o
                0x0000000008001c12                BusFault_Handler
 .text.UsageFault_Handler
                0x0000000008001c18        0x6 Core/Src/stm32f4xx_it.o
                0x0000000008001c18                UsageFault_Handler
 .text.SVC_Handler
                0x0000000008001c1e        0xe Core/Src/stm32f4xx_it.o
                0x0000000008001c1e                SVC_Handler
 .text.DebugMon_Handler
                0x0000000008001c2c        0xe Core/Src/stm32f4xx_it.o
                0x0000000008001c2c                DebugMon_Handler
 .text.PendSV_Handler
                0x0000000008001c3a        0xe Core/Src/stm32f4xx_it.o
                0x0000000008001c3a                PendSV_Handler
 .text.SysTick_Handler
                0x0000000008001c48        0xc Core/Src/stm32f4xx_it.o
                0x0000000008001c48                SysTick_Handler
 .text.USART1_IRQHandler
                0x0000000008001c54       0x14 Core/Src/stm32f4xx_it.o
                0x0000000008001c54                USART1_IRQHandler
 .text.USART2_IRQHandler
                0x0000000008001c68       0xe4 Core/Src/stm32f4xx_it.o
                0x0000000008001c68                USART2_IRQHandler
 .text._getpid  0x0000000008001d4c       0x10 Core/Src/syscalls.o
                0x0000000008001d4c                _getpid
 .text._kill    0x0000000008001d5c       0x20 Core/Src/syscalls.o
                0x0000000008001d5c                _kill
 .text._exit    0x0000000008001d7c       0x14 Core/Src/syscalls.o
                0x0000000008001d7c                _exit
 .text._read    0x0000000008001d90       0x3a Core/Src/syscalls.o
                0x0000000008001d90                _read
 .text._write   0x0000000008001dca       0x38 Core/Src/syscalls.o
                0x0000000008001dca                _write
 .text._close   0x0000000008001e02       0x18 Core/Src/syscalls.o
                0x0000000008001e02                _close
 .text._fstat   0x0000000008001e1a       0x20 Core/Src/syscalls.o
                0x0000000008001e1a                _fstat
 .text._isatty  0x0000000008001e3a       0x16 Core/Src/syscalls.o
                0x0000000008001e3a                _isatty
 .text._lseek   0x0000000008001e50       0x1a Core/Src/syscalls.o
                0x0000000008001e50                _lseek
 *fill*         0x0000000008001e6a        0x2 
 .text._sbrk    0x0000000008001e6c       0x6c Core/Src/sysmem.o
                0x0000000008001e6c                _sbrk
 .text.SystemInit
                0x0000000008001ed8       0x24 Core/Src/system_stm32f4xx.o
                0x0000000008001ed8                SystemInit
 .text.Reset_Handler
                0x0000000008001efc       0x50 Core/Startup/startup_stm32f401retx.o
                0x0000000008001efc                Reset_Handler
 .text.Default_Handler
                0x0000000008001f4c        0x2 Core/Startup/startup_stm32f401retx.o
                0x0000000008001f4c                RTC_Alarm_IRQHandler
                0x0000000008001f4c                EXTI2_IRQHandler
                0x0000000008001f4c                SPI4_IRQHandler
                0x0000000008001f4c                TIM1_CC_IRQHandler
                0x0000000008001f4c                DMA2_Stream5_IRQHandler
                0x0000000008001f4c                DMA1_Stream5_IRQHandler
                0x0000000008001f4c                PVD_IRQHandler
                0x0000000008001f4c                SDIO_IRQHandler
                0x0000000008001f4c                TAMP_STAMP_IRQHandler
                0x0000000008001f4c                EXTI3_IRQHandler
                0x0000000008001f4c                TIM1_UP_TIM10_IRQHandler
                0x0000000008001f4c                I2C3_ER_IRQHandler
                0x0000000008001f4c                EXTI0_IRQHandler
                0x0000000008001f4c                I2C2_EV_IRQHandler
                0x0000000008001f4c                DMA1_Stream2_IRQHandler
                0x0000000008001f4c                FPU_IRQHandler
                0x0000000008001f4c                DMA2_Stream2_IRQHandler
                0x0000000008001f4c                SPI1_IRQHandler
                0x0000000008001f4c                TIM1_BRK_TIM9_IRQHandler
                0x0000000008001f4c                DMA2_Stream3_IRQHandler
                0x0000000008001f4c                USART6_IRQHandler
                0x0000000008001f4c                DMA2_Stream0_IRQHandler
                0x0000000008001f4c                TIM4_IRQHandler
                0x0000000008001f4c                I2C1_EV_IRQHandler
                0x0000000008001f4c                DMA1_Stream6_IRQHandler
                0x0000000008001f4c                DMA1_Stream1_IRQHandler
                0x0000000008001f4c                TIM3_IRQHandler
                0x0000000008001f4c                RCC_IRQHandler
                0x0000000008001f4c                Default_Handler
                0x0000000008001f4c                EXTI15_10_IRQHandler
                0x0000000008001f4c                ADC_IRQHandler
                0x0000000008001f4c                DMA1_Stream7_IRQHandler
                0x0000000008001f4c                TIM5_IRQHandler
                0x0000000008001f4c                DMA2_Stream7_IRQHandler
                0x0000000008001f4c                I2C3_EV_IRQHandler
                0x0000000008001f4c                EXTI9_5_IRQHandler
                0x0000000008001f4c                RTC_WKUP_IRQHandler
                0x0000000008001f4c                SPI2_IRQHandler
                0x0000000008001f4c                DMA1_Stream0_IRQHandler
                0x0000000008001f4c                EXTI4_IRQHandler
                0x0000000008001f4c                WWDG_IRQHandler
                0x0000000008001f4c                TIM2_IRQHandler
                0x0000000008001f4c                OTG_FS_WKUP_IRQHandler
                0x0000000008001f4c                TIM1_TRG_COM_TIM11_IRQHandler
                0x0000000008001f4c                EXTI1_IRQHandler
                0x0000000008001f4c                I2C2_ER_IRQHandler
                0x0000000008001f4c                DMA2_Stream1_IRQHandler
                0x0000000008001f4c                FLASH_IRQHandler
                0x0000000008001f4c                DMA2_Stream4_IRQHandler
                0x0000000008001f4c                OTG_FS_IRQHandler
                0x0000000008001f4c                SPI3_IRQHandler
                0x0000000008001f4c                DMA1_Stream4_IRQHandler
                0x0000000008001f4c                I2C1_ER_IRQHandler
                0x0000000008001f4c                DMA2_Stream6_IRQHandler
                0x0000000008001f4c                DMA1_Stream3_IRQHandler
 *fill*         0x0000000008001f4e        0x2 
 .text.HAL_Init
                0x0000000008001f50       0x44 Drivers/STM32F4xx_HAL_Driver/Src/stm32f4xx_hal.o
                0x0000000008001f50                HAL_Init
 .text.HAL_InitTick
                0x0000000008001f94       0x60 Drivers/STM32F4xx_HAL_Driver/Src/stm32f4xx_hal.o
                0x0000000008001f94                HAL_InitTick
 .text.HAL_IncTick
                0x0000000008001ff4       0x28 Drivers/STM32F4xx_HAL_Driver/Src/stm32f4xx_hal.o
                0x0000000008001ff4                HAL_IncTick
 .text.HAL_GetTick
                0x000000000800201c       0x18 Drivers/STM32F4xx_HAL_Driver/Src/stm32f4xx_hal.o
                0x000000000800201c                HAL_GetTick
 .text.__NVIC_SetPriorityGrouping
                0x0000000008002034       0x48 Drivers/STM32F4xx_HAL_Driver/Src/stm32f4xx_hal_cortex.o
 .text.__NVIC_GetPriorityGrouping
                0x000000000800207c       0x1c Drivers/STM32F4xx_HAL_Driver/Src/stm32f4xx_hal_cortex.o
 .text.__NVIC_EnableIRQ
                0x0000000008002098       0x3c Drivers/STM32F4xx_HAL_Driver/Src/stm32f4xx_hal_cortex.o
 .text.__NVIC_SetPriority
                0x00000000080020d4       0x54 Drivers/STM32F4xx_HAL_Driver/Src/stm32f4xx_hal_cortex.o
 .text.NVIC_EncodePriority
                0x0000000008002128       0x66 Drivers/STM32F4xx_HAL_Driver/Src/stm32f4xx_hal_cortex.o
 *fill*         0x000000000800218e        0x2 
 .text.SysTick_Config
                0x0000000008002190       0x44 Drivers/STM32F4xx_HAL_Driver/Src/stm32f4xx_hal_cortex.o
 .text.HAL_NVIC_SetPriorityGrouping
                0x00000000080021d4       0x16 Drivers/STM32F4xx_HAL_Driver/Src/stm32f4xx_hal_cortex.o
                0x00000000080021d4                HAL_NVIC_SetPriorityGrouping
 .text.HAL_NVIC_SetPriority
                0x00000000080021ea       0x38 Drivers/STM32F4xx_HAL_Driver/Src/stm32f4xx_hal_cortex.o
                0x00000000080021ea                HAL_NVIC_SetPriority
 .text.HAL_NVIC_EnableIRQ
                0x0000000008002222       0x1c Drivers/STM32F4xx_HAL_Driver/Src/stm32f4xx_hal_cortex.o
                0x0000000008002222                HAL_NVIC_EnableIRQ
 .text.HAL_SYSTICK_Config
                0x000000000800223e       0x18 Drivers/STM32F4xx_HAL_Driver/Src/stm32f4xx_hal_cortex.o
                0x000000000800223e                HAL_SYSTICK_Config
 .text.HAL_DMA_Abort
                0x0000000008002256       0xe0 Drivers/STM32F4xx_HAL_Driver/Src/stm32f4xx_hal_dma.o
                0x0000000008002256                HAL_DMA_Abort
 .text.HAL_DMA_Abort_IT
                0x0000000008002336       0x44 Drivers/STM32F4xx_HAL_Driver/Src/stm32f4xx_hal_dma.o
                0x0000000008002336                HAL_DMA_Abort_IT
 *fill*         0x000000000800237a        0x2 
 .text.HAL_GPIO_Init
                0x000000000800237c      0x308 Drivers/STM32F4xx_HAL_Driver/Src/stm32f4xx_hal_gpio.o
                0x000000000800237c                HAL_GPIO_Init
 .text.HAL_GPIO_WritePin
                0x0000000008002684       0x32 Drivers/STM32F4xx_HAL_Driver/Src/stm32f4xx_hal_gpio.o
                0x0000000008002684                HAL_GPIO_WritePin
 *fill*         0x00000000080026b6        0x2 
 .text.HAL_RCC_OscConfig
                0x00000000080026b8      0x4f0 Drivers/STM32F4xx_HAL_Driver/Src/stm32f4xx_hal_rcc.o
                0x00000000080026b8                HAL_RCC_OscConfig
 .text.HAL_RCC_ClockConfig
                0x0000000008002ba8      0x1cc Drivers/STM32F4xx_HAL_Driver/Src/stm32f4xx_hal_rcc.o
                0x0000000008002ba8                HAL_RCC_ClockConfig
 .text.HAL_RCC_GetSysClockFreq
                0x0000000008002d74      0x1c4 Drivers/STM32F4xx_HAL_Driver/Src/stm32f4xx_hal_rcc.o
                0x0000000008002d74                HAL_RCC_GetSysClockFreq
 .text.HAL_RCC_GetHCLKFreq
                0x0000000008002f38       0x18 Drivers/STM32F4xx_HAL_Driver/Src/stm32f4xx_hal_rcc.o
                0x0000000008002f38                HAL_RCC_GetHCLKFreq
 .text.HAL_RCC_GetPCLK1Freq
                0x0000000008002f50       0x28 Drivers/STM32F4xx_HAL_Driver/Src/stm32f4xx_hal_rcc.o
                0x0000000008002f50                HAL_RCC_GetPCLK1Freq
 .text.HAL_RCC_GetPCLK2Freq
                0x0000000008002f78       0x28 Drivers/STM32F4xx_HAL_Driver/Src/stm32f4xx_hal_rcc.o
                0x0000000008002f78                HAL_RCC_GetPCLK2Freq
 .text.HAL_UART_Init
                0x0000000008002fa0       0x9a Drivers/STM32F4xx_HAL_Driver/Src/stm32f4xx_hal_uart.o
                0x0000000008002fa0                HAL_UART_Init
 .text.HAL_UART_Transmit_IT
                0x000000000800303a       0x8a Drivers/STM32F4xx_HAL_Driver/Src/stm32f4xx_hal_uart.o
                0x000000000800303a                HAL_UART_Transmit_IT
 .text.HAL_UART_Receive_IT
                0x00000000080030c4       0x60 Drivers/STM32F4xx_HAL_Driver/Src/stm32f4xx_hal_uart.o
                0x00000000080030c4                HAL_UART_Receive_IT
 .text.HAL_UART_IRQHandler
                0x0000000008003124      0x358 Drivers/STM32F4xx_HAL_Driver/Src/stm32f4xx_hal_uart.o
                0x0000000008003124                HAL_UART_IRQHandler
 .text.HAL_UART_TxCpltCallback
                0x000000000800347c       0x14 Drivers/STM32F4xx_HAL_Driver/Src/stm32f4xx_hal_uart.o
                0x000000000800347c                HAL_UART_TxCpltCallback
 .text.HAL_UART_RxCpltCallback
                0x0000000008003490       0x14 Drivers/STM32F4xx_HAL_Driver/Src/stm32f4xx_hal_uart.o
                0x0000000008003490                HAL_UART_RxCpltCallback
 .text.HAL_UART_ErrorCallback
                0x00000000080034a4       0x14 Drivers/STM32F4xx_HAL_Driver/Src/stm32f4xx_hal_uart.o
                0x00000000080034a4                HAL_UART_ErrorCallback
 .text.HAL_UARTEx_RxEventCallback
                0x00000000080034b8       0x18 Drivers/STM32F4xx_HAL_Driver/Src/stm32f4xx_hal_uart.o
                0x00000000080034b8                HAL_UARTEx_RxEventCallback
 .text.UART_Start_Receive_IT
                0x00000000080034d0       0x74 Drivers/STM32F4xx_HAL_Driver/Src/stm32f4xx_hal_uart.o
                0x00000000080034d0                UART_Start_Receive_IT
 .text.UART_EndRxTransfer
                0x0000000008003544       0x5a Drivers/STM32F4xx_HAL_Driver/Src/stm32f4xx_hal_uart.o
 .text.UART_DMAAbortOnError
                0x000000000800359e       0x28 Drivers/STM32F4xx_HAL_Driver/Src/stm32f4xx_hal_uart.o
 .text.UART_Transmit_IT
                0x00000000080035c6       0xa0 Drivers/STM32F4xx_HAL_Driver/Src/stm32f4xx_hal_uart.o
 .text.UART_EndTransmit_IT
                0x0000000008003666       0x30 Drivers/STM32F4xx_HAL_Driver/Src/stm32f4xx_hal_uart.o
 .text.UART_Receive_IT
                0x0000000008003696      0x12e Drivers/STM32F4xx_HAL_Driver/Src/stm32f4xx_hal_uart.o
 .text.UART_SetConfig
                0x00000000080037c4      0x390 Drivers/STM32F4xx_HAL_Driver/Src/stm32f4xx_hal_uart.o
 .text.__errno  0x0000000008003b54        0xc c:/users/mames/.eclipse/com.st.stm32cube.ide.mcu.rcp.product_1.5.1_931663386_win32_win32_x86_64/plugins/com.st.stm32cube.ide.mcu.externaltools.gnu-tools-for-stm32.9-2020-q2-update.win32_1.5.0.202011040924/tools/bin/../lib/gcc/arm-none-eabi/9.3.1/../../../../arm-none-eabi/lib/thumb/v7e-m+fp/hard\libc_nano.a(lib_a-errno.o)
                0x0000000008003b54                __errno
 .text.__libc_init_array
                0x0000000008003b60       0x48 c:/users/mames/.eclipse/com.st.stm32cube.ide.mcu.rcp.product_1.5.1_931663386_win32_win32_x86_64/plugins/com.st.stm32cube.ide.mcu.externaltools.gnu-tools-for-stm32.9-2020-q2-update.win32_1.5.0.202011040924/tools/bin/../lib/gcc/arm-none-eabi/9.3.1/../../../../arm-none-eabi/lib/thumb/v7e-m+fp/hard\libc_nano.a(lib_a-init.o)
                0x0000000008003b60                __libc_init_array
 .text.memset   0x0000000008003ba8       0x10 c:/users/mames/.eclipse/com.st.stm32cube.ide.mcu.rcp.product_1.5.1_931663386_win32_win32_x86_64/plugins/com.st.stm32cube.ide.mcu.externaltools.gnu-tools-for-stm32.9-2020-q2-update.win32_1.5.0.202011040924/tools/bin/../lib/gcc/arm-none-eabi/9.3.1/../../../../arm-none-eabi/lib/thumb/v7e-m+fp/hard\libc_nano.a(lib_a-memset.o)
                0x0000000008003ba8                memset
 .text.__cvt    0x0000000008003bb8       0xc4 c:/users/mames/.eclipse/com.st.stm32cube.ide.mcu.rcp.product_1.5.1_931663386_win32_win32_x86_64/plugins/com.st.stm32cube.ide.mcu.externaltools.gnu-tools-for-stm32.9-2020-q2-update.win32_1.5.0.202011040924/tools/bin/../lib/gcc/arm-none-eabi/9.3.1/../../../../arm-none-eabi/lib/thumb/v7e-m+fp/hard\libc_nano.a(lib_a-nano-vfprintf_float.o)
                0x0000000008003bb8                __cvt
 .text.__exponent
                0x0000000008003c7c       0x7c c:/users/mames/.eclipse/com.st.stm32cube.ide.mcu.rcp.product_1.5.1_931663386_win32_win32_x86_64/plugins/com.st.stm32cube.ide.mcu.externaltools.gnu-tools-for-stm32.9-2020-q2-update.win32_1.5.0.202011040924/tools/bin/../lib/gcc/arm-none-eabi/9.3.1/../../../../arm-none-eabi/lib/thumb/v7e-m+fp/hard\libc_nano.a(lib_a-nano-vfprintf_float.o)
                0x0000000008003c7c                __exponent
 .text._printf_float
                0x0000000008003cf8      0x46c c:/users/mames/.eclipse/com.st.stm32cube.ide.mcu.rcp.product_1.5.1_931663386_win32_win32_x86_64/plugins/com.st.stm32cube.ide.mcu.externaltools.gnu-tools-for-stm32.9-2020-q2-update.win32_1.5.0.202011040924/tools/bin/../lib/gcc/arm-none-eabi/9.3.1/../../../../arm-none-eabi/lib/thumb/v7e-m+fp/hard\libc_nano.a(lib_a-nano-vfprintf_float.o)
                0x0000000008003cf8                _printf_float
 .text._printf_common
                0x0000000008004164       0xda c:/users/mames/.eclipse/com.st.stm32cube.ide.mcu.rcp.product_1.5.1_931663386_win32_win32_x86_64/plugins/com.st.stm32cube.ide.mcu.externaltools.gnu-tools-for-stm32.9-2020-q2-update.win32_1.5.0.202011040924/tools/bin/../lib/gcc/arm-none-eabi/9.3.1/../../../../arm-none-eabi/lib/thumb/v7e-m+fp/hard\libc_nano.a(lib_a-nano-vfprintf_i.o)
                0x0000000008004164                _printf_common
 *fill*         0x000000000800423e        0x2 
 .text._printf_i
                0x0000000008004240      0x24c c:/users/mames/.eclipse/com.st.stm32cube.ide.mcu.rcp.product_1.5.1_931663386_win32_win32_x86_64/plugins/com.st.stm32cube.ide.mcu.externaltools.gnu-tools-for-stm32.9-2020-q2-update.win32_1.5.0.202011040924/tools/bin/../lib/gcc/arm-none-eabi/9.3.1/../../../../arm-none-eabi/lib/thumb/v7e-m+fp/hard\libc_nano.a(lib_a-nano-vfprintf_i.o)
                0x0000000008004240                _printf_i
 .text.snprintf
                0x000000000800448c       0x68 c:/users/mames/.eclipse/com.st.stm32cube.ide.mcu.rcp.product_1.5.1_931663386_win32_win32_x86_64/plugins/com.st.stm32cube.ide.mcu.externaltools.gnu-tools-for-stm32.9-2020-q2-update.win32_1.5.0.202011040924/tools/bin/../lib/gcc/arm-none-eabi/9.3.1/../../../../arm-none-eabi/lib/thumb/v7e-m+fp/hard\libc_nano.a(lib_a-snprintf.o)
                0x000000000800448c                sniprintf
                0x000000000800448c                snprintf
 .text.strchr   0x00000000080044f4       0x1a c:/users/mames/.eclipse/com.st.stm32cube.ide.mcu.rcp.product_1.5.1_931663386_win32_win32_x86_64/plugins/com.st.stm32cube.ide.mcu.externaltools.gnu-tools-for-stm32.9-2020-q2-update.win32_1.5.0.202011040924/tools/bin/../lib/gcc/arm-none-eabi/9.3.1/../../../../arm-none-eabi/lib/thumb/v7e-m+fp/hard\libc_nano.a(lib_a-strchr.o)
                0x00000000080044f4                strchr
 .text.strncmp  0x000000000800450e       0x24 c:/users/mames/.eclipse/com.st.stm32cube.ide.mcu.rcp.product_1.5.1_931663386_win32_win32_x86_64/plugins/com.st.stm32cube.ide.mcu.externaltools.gnu-tools-for-stm32.9-2020-q2-update.win32_1.5.0.202011040924/tools/bin/../lib/gcc/arm-none-eabi/9.3.1/../../../../arm-none-eabi/lib/thumb/v7e-m+fp/hard\libc_nano.a(lib_a-strncmp.o)
                0x000000000800450e                strncmp
 .text.strncpy  0x0000000008004532       0x26 c:/users/mames/.eclipse/com.st.stm32cube.ide.mcu.rcp.product_1.5.1_931663386_win32_win32_x86_64/plugins/com.st.stm32cube.ide.mcu.externaltools.gnu-tools-for-stm32.9-2020-q2-update.win32_1.5.0.202011040924/tools/bin/../lib/gcc/arm-none-eabi/9.3.1/../../../../arm-none-eabi/lib/thumb/v7e-m+fp/hard\libc_nano.a(lib_a-strncpy.o)
                0x0000000008004532                strncpy
 .text.strpbrk  0x0000000008004558       0x34 c:/users/mames/.eclipse/com.st.stm32cube.ide.mcu.rcp.product_1.5.1_931663386_win32_win32_x86_64/plugins/com.st.stm32cube.ide.mcu.externaltools.gnu-tools-for-stm32.9-2020-q2-update.win32_1.5.0.202011040924/tools/bin/../lib/gcc/arm-none-eabi/9.3.1/../../../../arm-none-eabi/lib/thumb/v7e-m+fp/hard\libc_nano.a(lib_a-strpbrk.o)
                0x0000000008004558                strpbrk
 .text.sulp     0x000000000800458c       0x38 c:/users/mames/.eclipse/com.st.stm32cube.ide.mcu.rcp.product_1.5.1_931663386_win32_win32_x86_64/plugins/com.st.stm32cube.ide.mcu.externaltools.gnu-tools-for-stm32.9-2020-q2-update.win32_1.5.0.202011040924/tools/bin/../lib/gcc/arm-none-eabi/9.3.1/../../../../arm-none-eabi/lib/thumb/v7e-m+fp/hard\libc_nano.a(lib_a-strtod.o)
 *fill*         0x00000000080045c4        0x4 
 .text._strtod_l
                0x00000000080045c8      0xc14 c:/users/mames/.eclipse/com.st.stm32cube.ide.mcu.rcp.product_1.5.1_931663386_win32_win32_x86_64/plugins/com.st.stm32cube.ide.mcu.externaltools.gnu-tools-for-stm32.9-2020-q2-update.win32_1.5.0.202011040924/tools/bin/../lib/gcc/arm-none-eabi/9.3.1/../../../../arm-none-eabi/lib/thumb/v7e-m+fp/hard\libc_nano.a(lib_a-strtod.o)
                0x00000000080045c8                _strtod_l
 .text.strtof   0x00000000080051dc       0xb4 c:/users/mames/.eclipse/com.st.stm32cube.ide.mcu.rcp.product_1.5.1_931663386_win32_win32_x86_64/plugins/com.st.stm32cube.ide.mcu.externaltools.gnu-tools-for-stm32.9-2020-q2-update.win32_1.5.0.202011040924/tools/bin/../lib/gcc/arm-none-eabi/9.3.1/../../../../arm-none-eabi/lib/thumb/v7e-m+fp/hard\libc_nano.a(lib_a-strtod.o)
                0x00000000080051dc                strtof
 .text.quorem   0x0000000008005290      0x116 c:/users/mames/.eclipse/com.st.stm32cube.ide.mcu.rcp.product_1.5.1_931663386_win32_win32_x86_64/plugins/com.st.stm32cube.ide.mcu.externaltools.gnu-tools-for-stm32.9-2020-q2-update.win32_1.5.0.202011040924/tools/bin/../lib/gcc/arm-none-eabi/9.3.1/../../../../arm-none-eabi/lib/thumb/v7e-m+fp/hard\libc_nano.a(lib_a-dtoa.o)
 *fill*         0x00000000080053a6        0x2 
 .text._dtoa_r  0x00000000080053a8      0xbd8 c:/users/mames/.eclipse/com.st.stm32cube.ide.mcu.rcp.product_1.5.1_931663386_win32_win32_x86_64/plugins/com.st.stm32cube.ide.mcu.externaltools.gnu-tools-for-stm32.9-2020-q2-update.win32_1.5.0.202011040924/tools/bin/../lib/gcc/arm-none-eabi/9.3.1/../../../../arm-none-eabi/lib/thumb/v7e-m+fp/hard\libc_nano.a(lib_a-dtoa.o)
                0x00000000080053a8                _dtoa_r
 .text.rshift   0x0000000008005f80       0xa4 c:/users/mames/.eclipse/com.st.stm32cube.ide.mcu.rcp.product_1.5.1_931663386_win32_win32_x86_64/plugins/com.st.stm32cube.ide.mcu.externaltools.gnu-tools-for-stm32.9-2020-q2-update.win32_1.5.0.202011040924/tools/bin/../lib/gcc/arm-none-eabi/9.3.1/../../../../arm-none-eabi/lib/thumb/v7e-m+fp/hard\libc_nano.a(lib_a-gdtoa-gethex.o)
 .text.__hexdig_fun
                0x0000000008006024       0x2a c:/users/mames/.eclipse/com.st.stm32cube.ide.mcu.rcp.product_1.5.1_931663386_win32_win32_x86_64/plugins/com.st.stm32cube.ide.mcu.externaltools.gnu-tools-for-stm32.9-2020-q2-update.win32_1.5.0.202011040924/tools/bin/../lib/gcc/arm-none-eabi/9.3.1/../../../../arm-none-eabi/lib/thumb/v7e-m+fp/hard\libc_nano.a(lib_a-gdtoa-gethex.o)
                0x0000000008006024                __hexdig_fun
 *fill*         0x000000000800604e        0x2 
 .text.__gethex
                0x0000000008006050      0x48c c:/users/mames/.eclipse/com.st.stm32cube.ide.mcu.rcp.product_1.5.1_931663386_win32_win32_x86_64/plugins/com.st.stm32cube.ide.mcu.externaltools.gnu-tools-for-stm32.9-2020-q2-update.win32_1.5.0.202011040924/tools/bin/../lib/gcc/arm-none-eabi/9.3.1/../../../../arm-none-eabi/lib/thumb/v7e-m+fp/hard\libc_nano.a(lib_a-gdtoa-gethex.o)
                0x0000000008006050                __gethex
 .text.L_shift  0x00000000080064dc       0x24 c:/users/mames/.eclipse/com.st.stm32cube.ide.mcu.rcp.product_1.5.1_931663386_win32_win32_x86_64/plugins/com.st.stm32cube.ide.mcu.externaltools.gnu-tools-for-stm32.9-2020-q2-update.win32_1.5.0.202011040924/tools/bin/../lib/gcc/arm-none-eabi/9.3.1/../../../../arm-none-eabi/lib/thumb/v7e-m+fp/hard\libc_nano.a(lib_a-gdtoa-hexnan.o)
 .text.__match  0x0000000008006500       0x28 c:/users/mames/.eclipse/com.st.stm32cube.ide.mcu.rcp.product_1.5.1_931663386_win32_win32_x86_64/plugins/com.st.stm32cube.ide.mcu.externaltools.gnu-tools-for-stm32.9-2020-q2-update.win32_1.5.0.202011040924/tools/bin/../lib/gcc/arm-none-eabi/9.3.1/../../../../arm-none-eabi/lib/thumb/v7e-m+fp/hard\libc_nano.a(lib_a-gdtoa-hexnan.o)
                0x0000000008006500                __match
 .text.__hexnan
                0x0000000008006528      0x138 c:/users/mames/.eclipse/com.st.stm32cube.ide.mcu.rcp.product_1.5.1_931663386_win32_win32_x86_64/plugins/com.st.stm32cube.ide.mcu.externaltools.gnu-tools-for-stm32.9-2020-q2-update.win32_1.5.0.202011040924/tools/bin/../lib/gcc/arm-none-eabi/9.3.1/../../../../arm-none-eabi/lib/thumb/v7e-m+fp/hard\libc_nano.a(lib_a-gdtoa-hexnan.o)
                0x0000000008006528                __hexnan
 .text._localeconv_r
                0x0000000008006660        0x8 c:/users/mames/.eclipse/com.st.stm32cube.ide.mcu.rcp.product_1.5.1_931663386_win32_win32_x86_64/plugins/com.st.stm32cube.ide.mcu.externaltools.gnu-tools-for-stm32.9-2020-q2-update.win32_1.5.0.202011040924/tools/bin/../lib/gcc/arm-none-eabi/9.3.1/../../../../arm-none-eabi/lib/thumb/v7e-m+fp/hard\libc_nano.a(lib_a-localeconv.o)
                0x0000000008006660                _localeconv_r
 .text.malloc   0x0000000008006668       0x10 c:/users/mames/.eclipse/com.st.stm32cube.ide.mcu.rcp.product_1.5.1_931663386_win32_win32_x86_64/plugins/com.st.stm32cube.ide.mcu.externaltools.gnu-tools-for-stm32.9-2020-q2-update.win32_1.5.0.202011040924/tools/bin/../lib/gcc/arm-none-eabi/9.3.1/../../../../arm-none-eabi/lib/thumb/v7e-m+fp/hard\libc_nano.a(lib_a-malloc.o)
                0x0000000008006668                malloc
 .text.__ascii_mbtowc
                0x0000000008006678       0x24 c:/users/mames/.eclipse/com.st.stm32cube.ide.mcu.rcp.product_1.5.1_931663386_win32_win32_x86_64/plugins/com.st.stm32cube.ide.mcu.externaltools.gnu-tools-for-stm32.9-2020-q2-update.win32_1.5.0.202011040924/tools/bin/../lib/gcc/arm-none-eabi/9.3.1/../../../../arm-none-eabi/lib/thumb/v7e-m+fp/hard\libc_nano.a(lib_a-mbtowc_r.o)
                0x0000000008006678                __ascii_mbtowc
 .text.memcpy   0x000000000800669c       0x1c c:/users/mames/.eclipse/com.st.stm32cube.ide.mcu.rcp.product_1.5.1_931663386_win32_win32_x86_64/plugins/com.st.stm32cube.ide.mcu.externaltools.gnu-tools-for-stm32.9-2020-q2-update.win32_1.5.0.202011040924/tools/bin/../lib/gcc/arm-none-eabi/9.3.1/../../../../arm-none-eabi/lib/thumb/v7e-m+fp/hard\libc_nano.a(lib_a-memcpy-stub.o)
                0x000000000800669c                memcpy
 .text._Balloc  0x00000000080066b8       0x80 c:/users/mames/.eclipse/com.st.stm32cube.ide.mcu.rcp.product_1.5.1_931663386_win32_win32_x86_64/plugins/com.st.stm32cube.ide.mcu.externaltools.gnu-tools-for-stm32.9-2020-q2-update.win32_1.5.0.202011040924/tools/bin/../lib/gcc/arm-none-eabi/9.3.1/../../../../arm-none-eabi/lib/thumb/v7e-m+fp/hard\libc_nano.a(lib_a-mprec.o)
                0x00000000080066b8                _Balloc
 .text._Bfree   0x0000000008006738       0x44 c:/users/mames/.eclipse/com.st.stm32cube.ide.mcu.rcp.product_1.5.1_931663386_win32_win32_x86_64/plugins/com.st.stm32cube.ide.mcu.externaltools.gnu-tools-for-stm32.9-2020-q2-update.win32_1.5.0.202011040924/tools/bin/../lib/gcc/arm-none-eabi/9.3.1/../../../../arm-none-eabi/lib/thumb/v7e-m+fp/hard\libc_nano.a(lib_a-mprec.o)
                0x0000000008006738                _Bfree
 .text.__multadd
                0x000000000800677c       0x94 c:/users/mames/.eclipse/com.st.stm32cube.ide.mcu.rcp.product_1.5.1_931663386_win32_win32_x86_64/plugins/com.st.stm32cube.ide.mcu.externaltools.gnu-tools-for-stm32.9-2020-q2-update.win32_1.5.0.202011040924/tools/bin/../lib/gcc/arm-none-eabi/9.3.1/../../../../arm-none-eabi/lib/thumb/v7e-m+fp/hard\libc_nano.a(lib_a-mprec.o)
                0x000000000800677c                __multadd
 .text.__s2b    0x0000000008006810       0x94 c:/users/mames/.eclipse/com.st.stm32cube.ide.mcu.rcp.product_1.5.1_931663386_win32_win32_x86_64/plugins/com.st.stm32cube.ide.mcu.externaltools.gnu-tools-for-stm32.9-2020-q2-update.win32_1.5.0.202011040924/tools/bin/../lib/gcc/arm-none-eabi/9.3.1/../../../../arm-none-eabi/lib/thumb/v7e-m+fp/hard\libc_nano.a(lib_a-mprec.o)
                0x0000000008006810                __s2b
 .text.__hi0bits
                0x00000000080068a4       0x40 c:/users/mames/.eclipse/com.st.stm32cube.ide.mcu.rcp.product_1.5.1_931663386_win32_win32_x86_64/plugins/com.st.stm32cube.ide.mcu.externaltools.gnu-tools-for-stm32.9-2020-q2-update.win32_1.5.0.202011040924/tools/bin/../lib/gcc/arm-none-eabi/9.3.1/../../../../arm-none-eabi/lib/thumb/v7e-m+fp/hard\libc_nano.a(lib_a-mprec.o)
                0x00000000080068a4                __hi0bits
 .text.__lo0bits
                0x00000000080068e4       0x60 c:/users/mames/.eclipse/com.st.stm32cube.ide.mcu.rcp.product_1.5.1_931663386_win32_win32_x86_64/plugins/com.st.stm32cube.ide.mcu.externaltools.gnu-tools-for-stm32.9-2020-q2-update.win32_1.5.0.202011040924/tools/bin/../lib/gcc/arm-none-eabi/9.3.1/../../../../arm-none-eabi/lib/thumb/v7e-m+fp/hard\libc_nano.a(lib_a-mprec.o)
                0x00000000080068e4                __lo0bits
 .text.__i2b    0x0000000008006944       0x2c c:/users/mames/.eclipse/com.st.stm32cube.ide.mcu.rcp.product_1.5.1_931663386_win32_win32_x86_64/plugins/com.st.stm32cube.ide.mcu.externaltools.gnu-tools-for-stm32.9-2020-q2-update.win32_1.5.0.202011040924/tools/bin/../lib/gcc/arm-none-eabi/9.3.1/../../../../arm-none-eabi/lib/thumb/v7e-m+fp/hard\libc_nano.a(lib_a-mprec.o)
                0x0000000008006944                __i2b
 .text.__multiply
                0x0000000008006970      0x14c c:/users/mames/.eclipse/com.st.stm32cube.ide.mcu.rcp.product_1.5.1_931663386_win32_win32_x86_64/plugins/com.st.stm32cube.ide.mcu.externaltools.gnu-tools-for-stm32.9-2020-q2-update.win32_1.5.0.202011040924/tools/bin/../lib/gcc/arm-none-eabi/9.3.1/../../../../arm-none-eabi/lib/thumb/v7e-m+fp/hard\libc_nano.a(lib_a-mprec.o)
                0x0000000008006970                __multiply
 .text.__pow5mult
                0x0000000008006abc       0xb4 c:/users/mames/.eclipse/com.st.stm32cube.ide.mcu.rcp.product_1.5.1_931663386_win32_win32_x86_64/plugins/com.st.stm32cube.ide.mcu.externaltools.gnu-tools-for-stm32.9-2020-q2-update.win32_1.5.0.202011040924/tools/bin/../lib/gcc/arm-none-eabi/9.3.1/../../../../arm-none-eabi/lib/thumb/v7e-m+fp/hard\libc_nano.a(lib_a-mprec.o)
                0x0000000008006abc                __pow5mult
 .text.__lshift
                0x0000000008006b70       0xd8 c:/users/mames/.eclipse/com.st.stm32cube.ide.mcu.rcp.product_1.5.1_931663386_win32_win32_x86_64/plugins/com.st.stm32cube.ide.mcu.externaltools.gnu-tools-for-stm32.9-2020-q2-update.win32_1.5.0.202011040924/tools/bin/../lib/gcc/arm-none-eabi/9.3.1/../../../../arm-none-eabi/lib/thumb/v7e-m+fp/hard\libc_nano.a(lib_a-mprec.o)
                0x0000000008006b70                __lshift
 .text.__mcmp   0x0000000008006c48       0x38 c:/users/mames/.eclipse/com.st.stm32cube.ide.mcu.rcp.product_1.5.1_931663386_win32_win32_x86_64/plugins/com.st.stm32cube.ide.mcu.externaltools.gnu-tools-for-stm32.9-2020-q2-update.win32_1.5.0.202011040924/tools/bin/../lib/gcc/arm-none-eabi/9.3.1/../../../../arm-none-eabi/lib/thumb/v7e-m+fp/hard\libc_nano.a(lib_a-mprec.o)
                0x0000000008006c48                __mcmp
 .text.__mdiff  0x0000000008006c80      0x110 c:/users/mames/.eclipse/com.st.stm32cube.ide.mcu.rcp.product_1.5.1_931663386_win32_win32_x86_64/plugins/com.st.stm32cube.ide.mcu.externaltools.gnu-tools-for-stm32.9-2020-q2-update.win32_1.5.0.202011040924/tools/bin/../lib/gcc/arm-none-eabi/9.3.1/../../../../arm-none-eabi/lib/thumb/v7e-m+fp/hard\libc_nano.a(lib_a-mprec.o)
                0x0000000008006c80                __mdiff
 .text.__ulp    0x0000000008006d90       0x58 c:/users/mames/.eclipse/com.st.stm32cube.ide.mcu.rcp.product_1.5.1_931663386_win32_win32_x86_64/plugins/com.st.stm32cube.ide.mcu.externaltools.gnu-tools-for-stm32.9-2020-q2-update.win32_1.5.0.202011040924/tools/bin/../lib/gcc/arm-none-eabi/9.3.1/../../../../arm-none-eabi/lib/thumb/v7e-m+fp/hard\libc_nano.a(lib_a-mprec.o)
                0x0000000008006d90                __ulp
 .text.__b2d    0x0000000008006de8       0xa0 c:/users/mames/.eclipse/com.st.stm32cube.ide.mcu.rcp.product_1.5.1_931663386_win32_win32_x86_64/plugins/com.st.stm32cube.ide.mcu.externaltools.gnu-tools-for-stm32.9-2020-q2-update.win32_1.5.0.202011040924/tools/bin/../lib/gcc/arm-none-eabi/9.3.1/../../../../arm-none-eabi/lib/thumb/v7e-m+fp/hard\libc_nano.a(lib_a-mprec.o)
                0x0000000008006de8                __b2d
 .text.__d2b    0x0000000008006e88       0xb8 c:/users/mames/.eclipse/com.st.stm32cube.ide.mcu.rcp.product_1.5.1_931663386_win32_win32_x86_64/plugins/com.st.stm32cube.ide.mcu.externaltools.gnu-tools-for-stm32.9-2020-q2-update.win32_1.5.0.202011040924/tools/bin/../lib/gcc/arm-none-eabi/9.3.1/../../../../arm-none-eabi/lib/thumb/v7e-m+fp/hard\libc_nano.a(lib_a-mprec.o)
                0x0000000008006e88                __d2b
 .text.__ratio  0x0000000008006f40       0x66 c:/users/mames/.eclipse/com.st.stm32cube.ide.mcu.rcp.product_1.5.1_931663386_win32_win32_x86_64/plugins/com.st.stm32cube.ide.mcu.externaltools.gnu-tools-for-stm32.9-2020-q2-update.win32_1.5.0.202011040924/tools/bin/../lib/gcc/arm-none-eabi/9.3.1/../../../../arm-none-eabi/lib/thumb/v7e-m+fp/hard\libc_nano.a(lib_a-mprec.o)
                0x0000000008006f40                __ratio
 .text.__copybits
                0x0000000008006fa6       0x46 c:/users/mames/.eclipse/com.st.stm32cube.ide.mcu.rcp.product_1.5.1_931663386_win32_win32_x86_64/plugins/com.st.stm32cube.ide.mcu.externaltools.gnu-tools-for-stm32.9-2020-q2-update.win32_1.5.0.202011040924/tools/bin/../lib/gcc/arm-none-eabi/9.3.1/../../../../arm-none-eabi/lib/thumb/v7e-m+fp/hard\libc_nano.a(lib_a-mprec.o)
                0x0000000008006fa6                __copybits
 .text.__any_on
                0x0000000008006fec       0x42 c:/users/mames/.eclipse/com.st.stm32cube.ide.mcu.rcp.product_1.5.1_931663386_win32_win32_x86_64/plugins/com.st.stm32cube.ide.mcu.externaltools.gnu-tools-for-stm32.9-2020-q2-update.win32_1.5.0.202011040924/tools/bin/../lib/gcc/arm-none-eabi/9.3.1/../../../../arm-none-eabi/lib/thumb/v7e-m+fp/hard\libc_nano.a(lib_a-mprec.o)
                0x0000000008006fec                __any_on
 .text._calloc_r
                0x000000000800702e       0x1e c:/users/mames/.eclipse/com.st.stm32cube.ide.mcu.rcp.product_1.5.1_931663386_win32_win32_x86_64/plugins/com.st.stm32cube.ide.mcu.externaltools.gnu-tools-for-stm32.9-2020-q2-update.win32_1.5.0.202011040924/tools/bin/../lib/gcc/arm-none-eabi/9.3.1/../../../../arm-none-eabi/lib/thumb/v7e-m+fp/hard\libc_nano.a(lib_a-nano-callocr.o)
                0x000000000800702e                _calloc_r
 .text._free_r  0x000000000800704c       0xa0 c:/users/mames/.eclipse/com.st.stm32cube.ide.mcu.rcp.product_1.5.1_931663386_win32_win32_x86_64/plugins/com.st.stm32cube.ide.mcu.externaltools.gnu-tools-for-stm32.9-2020-q2-update.win32_1.5.0.202011040924/tools/bin/../lib/gcc/arm-none-eabi/9.3.1/../../../../arm-none-eabi/lib/thumb/v7e-m+fp/hard\libc_nano.a(lib_a-nano-freer.o)
                0x000000000800704c                _free_r
 .text._malloc_r
                0x00000000080070ec       0xb4 c:/users/mames/.eclipse/com.st.stm32cube.ide.mcu.rcp.product_1.5.1_931663386_win32_win32_x86_64/plugins/com.st.stm32cube.ide.mcu.externaltools.gnu-tools-for-stm32.9-2020-q2-update.win32_1.5.0.202011040924/tools/bin/../lib/gcc/arm-none-eabi/9.3.1/../../../../arm-none-eabi/lib/thumb/v7e-m+fp/hard\libc_nano.a(lib_a-nano-mallocr.o)
                0x00000000080070ec                _malloc_r
 .text.__ssputs_r
                0x00000000080071a0       0xb6 c:/users/mames/.eclipse/com.st.stm32cube.ide.mcu.rcp.product_1.5.1_931663386_win32_win32_x86_64/plugins/com.st.stm32cube.ide.mcu.externaltools.gnu-tools-for-stm32.9-2020-q2-update.win32_1.5.0.202011040924/tools/bin/../lib/gcc/arm-none-eabi/9.3.1/../../../../arm-none-eabi/lib/thumb/v7e-m+fp/hard\libc_nano.a(lib_a-nano-svfprintf.o)
                0x00000000080071a0                __ssputs_r
 *fill*         0x0000000008007256        0x2 
 .text._svfprintf_r
                0x0000000008007258      0x200 c:/users/mames/.eclipse/com.st.stm32cube.ide.mcu.rcp.product_1.5.1_931663386_win32_win32_x86_64/plugins/com.st.stm32cube.ide.mcu.externaltools.gnu-tools-for-stm32.9-2020-q2-update.win32_1.5.0.202011040924/tools/bin/../lib/gcc/arm-none-eabi/9.3.1/../../../../arm-none-eabi/lib/thumb/v7e-m+fp/hard\libc_nano.a(lib_a-nano-svfprintf.o)
                0x0000000008007258                _svfiprintf_r
                0x0000000008007258                _svfprintf_r
 .text.nan      0x0000000008007458       0x10 c:/users/mames/.eclipse/com.st.stm32cube.ide.mcu.rcp.product_1.5.1_931663386_win32_win32_x86_64/plugins/com.st.stm32cube.ide.mcu.externaltools.gnu-tools-for-stm32.9-2020-q2-update.win32_1.5.0.202011040924/tools/bin/../lib/gcc/arm-none-eabi/9.3.1/../../../../arm-none-eabi/lib/thumb/v7e-m+fp/hard\libc_nano.a(lib_a-s_nan.o)
                0x0000000008007458                nan
 .text._sbrk_r  0x0000000008007468       0x20 c:/users/mames/.eclipse/com.st.stm32cube.ide.mcu.rcp.product_1.5.1_931663386_win32_win32_x86_64/plugins/com.st.stm32cube.ide.mcu.externaltools.gnu-tools-for-stm32.9-2020-q2-update.win32_1.5.0.202011040924/tools/bin/../lib/gcc/arm-none-eabi/9.3.1/../../../../arm-none-eabi/lib/thumb/v7e-m+fp/hard\libc_nano.a(lib_a-sbrkr.o)
                0x0000000008007468                _sbrk_r
 .text.nanf     0x0000000008007488        0xc c:/users/mames/.eclipse/com.st.stm32cube.ide.mcu.rcp.product_1.5.1_931663386_win32_win32_x86_64/plugins/com.st.stm32cube.ide.mcu.externaltools.gnu-tools-for-stm32.9-2020-q2-update.win32_1.5.0.202011040924/tools/bin/../lib/gcc/arm-none-eabi/9.3.1/../../../../arm-none-eabi/lib/thumb/v7e-m+fp/hard\libc_nano.a(lib_a-sf_nan.o)
                0x0000000008007488                nanf
 .text.__ascii_wctomb
                0x0000000008007494       0x1a c:/users/mames/.eclipse/com.st.stm32cube.ide.mcu.rcp.product_1.5.1_931663386_win32_win32_x86_64/plugins/com.st.stm32cube.ide.mcu.externaltools.gnu-tools-for-stm32.9-2020-q2-update.win32_1.5.0.202011040924/tools/bin/../lib/gcc/arm-none-eabi/9.3.1/../../../../arm-none-eabi/lib/thumb/v7e-m+fp/hard\libc_nano.a(lib_a-wctomb_r.o)
                0x0000000008007494                __ascii_wctomb
 *fill*         0x00000000080074ae        0x2 
 .text.__assert_func
                0x00000000080074b0       0x3c c:/users/mames/.eclipse/com.st.stm32cube.ide.mcu.rcp.product_1.5.1_931663386_win32_win32_x86_64/plugins/com.st.stm32cube.ide.mcu.externaltools.gnu-tools-for-stm32.9-2020-q2-update.win32_1.5.0.202011040924/tools/bin/../lib/gcc/arm-none-eabi/9.3.1/../../../../arm-none-eabi/lib/thumb/v7e-m+fp/hard\libc_nano.a(lib_a-assert.o)
                0x00000000080074b0                __assert_func
 .text.fprintf  0x00000000080074ec       0x24 c:/users/mames/.eclipse/com.st.stm32cube.ide.mcu.rcp.product_1.5.1_931663386_win32_win32_x86_64/plugins/com.st.stm32cube.ide.mcu.externaltools.gnu-tools-for-stm32.9-2020-q2-update.win32_1.5.0.202011040924/tools/bin/../lib/gcc/arm-none-eabi/9.3.1/../../../../arm-none-eabi/lib/thumb/v7e-m+fp/hard\libc_nano.a(lib_a-fprintf.o)
                0x00000000080074ec                fiprintf
                0x00000000080074ec                fprintf
 .text.memmove  0x0000000008007510       0x34 c:/users/mames/.eclipse/com.st.stm32cube.ide.mcu.rcp.product_1.5.1_931663386_win32_win32_x86_64/plugins/com.st.stm32cube.ide.mcu.externaltools.gnu-tools-for-stm32.9-2020-q2-update.win32_1.5.0.202011040924/tools/bin/../lib/gcc/arm-none-eabi/9.3.1/../../../../arm-none-eabi/lib/thumb/v7e-m+fp/hard\libc_nano.a(lib_a-memmove.o)
                0x0000000008007510                memmove
 .text.__malloc_lock
                0x0000000008007544        0xc c:/users/mames/.eclipse/com.st.stm32cube.ide.mcu.rcp.product_1.5.1_931663386_win32_win32_x86_64/plugins/com.st.stm32cube.ide.mcu.externaltools.gnu-tools-for-stm32.9-2020-q2-update.win32_1.5.0.202011040924/tools/bin/../lib/gcc/arm-none-eabi/9.3.1/../../../../arm-none-eabi/lib/thumb/v7e-m+fp/hard\libc_nano.a(lib_a-mlock.o)
                0x0000000008007544                __malloc_lock
 .text.__malloc_unlock
                0x0000000008007550        0xc c:/users/mames/.eclipse/com.st.stm32cube.ide.mcu.rcp.product_1.5.1_931663386_win32_win32_x86_64/plugins/com.st.stm32cube.ide.mcu.externaltools.gnu-tools-for-stm32.9-2020-q2-update.win32_1.5.0.202011040924/tools/bin/../lib/gcc/arm-none-eabi/9.3.1/../../../../arm-none-eabi/lib/thumb/v7e-m+fp/hard\libc_nano.a(lib_a-mlock.o)
                0x0000000008007550                __malloc_unlock
 .text._realloc_r
                0x000000000800755c       0x4c c:/users/mames/.eclipse/com.st.stm32cube.ide.mcu.rcp.product_1.5.1_931663386_win32_win32_x86_64/plugins/com.st.stm32cube.ide.mcu.externaltools.gnu-tools-for-stm32.9-2020-q2-update.win32_1.5.0.202011040924/tools/bin/../lib/gcc/arm-none-eabi/9.3.1/../../../../arm-none-eabi/lib/thumb/v7e-m+fp/hard\libc_nano.a(lib_a-nano-reallocr.o)
                0x000000000800755c                _realloc_r
 .text.__sfputc_r
                0x00000000080075a8       0x2e c:/users/mames/.eclipse/com.st.stm32cube.ide.mcu.rcp.product_1.5.1_931663386_win32_win32_x86_64/plugins/com.st.stm32cube.ide.mcu.externaltools.gnu-tools-for-stm32.9-2020-q2-update.win32_1.5.0.202011040924/tools/bin/../lib/gcc/arm-none-eabi/9.3.1/../../../../arm-none-eabi/lib/thumb/v7e-m+fp/hard\libc_nano.a(lib_a-nano-vfprintf.o)
 .text.__sfputs_r
                0x00000000080075d6       0x24 c:/users/mames/.eclipse/com.st.stm32cube.ide.mcu.rcp.product_1.5.1_931663386_win32_win32_x86_64/plugins/com.st.stm32cube.ide.mcu.externaltools.gnu-tools-for-stm32.9-2020-q2-update.win32_1.5.0.202011040924/tools/bin/../lib/gcc/arm-none-eabi/9.3.1/../../../../arm-none-eabi/lib/thumb/v7e-m+fp/hard\libc_nano.a(lib_a-nano-vfprintf.o)
                0x00000000080075d6                __sfputs_r
 *fill*         0x00000000080075fa        0x2 
 .text._vfprintf_r
                0x00000000080075fc      0x260 c:/users/mames/.eclipse/com.st.stm32cube.ide.mcu.rcp.product_1.5.1_931663386_win32_win32_x86_64/plugins/com.st.stm32cube.ide.mcu.externaltools.gnu-tools-for-stm32.9-2020-q2-update.win32_1.5.0.202011040924/tools/bin/../lib/gcc/arm-none-eabi/9.3.1/../../../../arm-none-eabi/lib/thumb/v7e-m+fp/hard\libc_nano.a(lib_a-nano-vfprintf.o)
                0x00000000080075fc                _vfprintf_r
                0x00000000080075fc                _vfiprintf_r
 .text.__swbuf_r
                0x000000000800785c       0xa4 c:/users/mames/.eclipse/com.st.stm32cube.ide.mcu.rcp.product_1.5.1_931663386_win32_win32_x86_64/plugins/com.st.stm32cube.ide.mcu.externaltools.gnu-tools-for-stm32.9-2020-q2-update.win32_1.5.0.202011040924/tools/bin/../lib/gcc/arm-none-eabi/9.3.1/../../../../arm-none-eabi/lib/thumb/v7e-m+fp/hard\libc_nano.a(lib_a-wbuf.o)
                0x000000000800785c                __swbuf_r
 .text.__swsetup_r
                0x0000000008007900       0xdc c:/users/mames/.eclipse/com.st.stm32cube.ide.mcu.rcp.product_1.5.1_931663386_win32_win32_x86_64/plugins/com.st.stm32cube.ide.mcu.externaltools.gnu-tools-for-stm32.9-2020-q2-update.win32_1.5.0.202011040924/tools/bin/../lib/gcc/arm-none-eabi/9.3.1/../../../../arm-none-eabi/lib/thumb/v7e-m+fp/hard\libc_nano.a(lib_a-wsetup.o)
                0x0000000008007900                __swsetup_r
 .text.abort    0x00000000080079dc        0xe c:/users/mames/.eclipse/com.st.stm32cube.ide.mcu.rcp.product_1.5.1_931663386_win32_win32_x86_64/plugins/com.st.stm32cube.ide.mcu.externaltools.gnu-tools-for-stm32.9-2020-q2-update.win32_1.5.0.202011040924/tools/bin/../lib/gcc/arm-none-eabi/9.3.1/../../../../arm-none-eabi/lib/thumb/v7e-m+fp/hard\libc_nano.a(lib_a-abort.o)
                0x00000000080079dc                abort
 *fill*         0x00000000080079ea        0x2 
 .text.__sflush_r
                0x00000000080079ec      0x10c c:/users/mames/.eclipse/com.st.stm32cube.ide.mcu.rcp.product_1.5.1_931663386_win32_win32_x86_64/plugins/com.st.stm32cube.ide.mcu.externaltools.gnu-tools-for-stm32.9-2020-q2-update.win32_1.5.0.202011040924/tools/bin/../lib/gcc/arm-none-eabi/9.3.1/../../../../arm-none-eabi/lib/thumb/v7e-m+fp/hard\libc_nano.a(lib_a-fflush.o)
                0x00000000080079ec                __sflush_r
 .text._fflush_r
                0x0000000008007af8       0x78 c:/users/mames/.eclipse/com.st.stm32cube.ide.mcu.rcp.product_1.5.1_931663386_win32_win32_x86_64/plugins/com.st.stm32cube.ide.mcu.externaltools.gnu-tools-for-stm32.9-2020-q2-update.win32_1.5.0.202011040924/tools/bin/../lib/gcc/arm-none-eabi/9.3.1/../../../../arm-none-eabi/lib/thumb/v7e-m+fp/hard\libc_nano.a(lib_a-fflush.o)
                0x0000000008007af8                _fflush_r
 .text.std      0x0000000008007b70       0x48 c:/users/mames/.eclipse/com.st.stm32cube.ide.mcu.rcp.product_1.5.1_931663386_win32_win32_x86_64/plugins/com.st.stm32cube.ide.mcu.externaltools.gnu-tools-for-stm32.9-2020-q2-update.win32_1.5.0.202011040924/tools/bin/../lib/gcc/arm-none-eabi/9.3.1/../../../../arm-none-eabi/lib/thumb/v7e-m+fp/hard\libc_nano.a(lib_a-findfp.o)
 .text._cleanup_r
                0x0000000008007bb8        0xc c:/users/mames/.eclipse/com.st.stm32cube.ide.mcu.rcp.product_1.5.1_931663386_win32_win32_x86_64/plugins/com.st.stm32cube.ide.mcu.externaltools.gnu-tools-for-stm32.9-2020-q2-update.win32_1.5.0.202011040924/tools/bin/../lib/gcc/arm-none-eabi/9.3.1/../../../../arm-none-eabi/lib/thumb/v7e-m+fp/hard\libc_nano.a(lib_a-findfp.o)
                0x0000000008007bb8                _cleanup_r
 .text.__sfmoreglue
                0x0000000008007bc4       0x2c c:/users/mames/.eclipse/com.st.stm32cube.ide.mcu.rcp.product_1.5.1_931663386_win32_win32_x86_64/plugins/com.st.stm32cube.ide.mcu.externaltools.gnu-tools-for-stm32.9-2020-q2-update.win32_1.5.0.202011040924/tools/bin/../lib/gcc/arm-none-eabi/9.3.1/../../../../arm-none-eabi/lib/thumb/v7e-m+fp/hard\libc_nano.a(lib_a-findfp.o)
                0x0000000008007bc4                __sfmoreglue
 .text.__sfp_lock_acquire
                0x0000000008007bf0        0xc c:/users/mames/.eclipse/com.st.stm32cube.ide.mcu.rcp.product_1.5.1_931663386_win32_win32_x86_64/plugins/com.st.stm32cube.ide.mcu.externaltools.gnu-tools-for-stm32.9-2020-q2-update.win32_1.5.0.202011040924/tools/bin/../lib/gcc/arm-none-eabi/9.3.1/../../../../arm-none-eabi/lib/thumb/v7e-m+fp/hard\libc_nano.a(lib_a-findfp.o)
                0x0000000008007bf0                __sfp_lock_acquire
 .text.__sfp_lock_release
                0x0000000008007bfc        0xc c:/users/mames/.eclipse/com.st.stm32cube.ide.mcu.rcp.product_1.5.1_931663386_win32_win32_x86_64/plugins/com.st.stm32cube.ide.mcu.externaltools.gnu-tools-for-stm32.9-2020-q2-update.win32_1.5.0.202011040924/tools/bin/../lib/gcc/arm-none-eabi/9.3.1/../../../../arm-none-eabi/lib/thumb/v7e-m+fp/hard\libc_nano.a(lib_a-findfp.o)
                0x0000000008007bfc                __sfp_lock_release
 .text.__sinit_lock_acquire
                0x0000000008007c08        0xc c:/users/mames/.eclipse/com.st.stm32cube.ide.mcu.rcp.product_1.5.1_931663386_win32_win32_x86_64/plugins/com.st.stm32cube.ide.mcu.externaltools.gnu-tools-for-stm32.9-2020-q2-update.win32_1.5.0.202011040924/tools/bin/../lib/gcc/arm-none-eabi/9.3.1/../../../../arm-none-eabi/lib/thumb/v7e-m+fp/hard\libc_nano.a(lib_a-findfp.o)
                0x0000000008007c08                __sinit_lock_acquire
 .text.__sinit_lock_release
                0x0000000008007c14        0xc c:/users/mames/.eclipse/com.st.stm32cube.ide.mcu.rcp.product_1.5.1_931663386_win32_win32_x86_64/plugins/com.st.stm32cube.ide.mcu.externaltools.gnu-tools-for-stm32.9-2020-q2-update.win32_1.5.0.202011040924/tools/bin/../lib/gcc/arm-none-eabi/9.3.1/../../../../arm-none-eabi/lib/thumb/v7e-m+fp/hard\libc_nano.a(lib_a-findfp.o)
                0x0000000008007c14                __sinit_lock_release
 .text.__sinit  0x0000000008007c20       0x70 c:/users/mames/.eclipse/com.st.stm32cube.ide.mcu.rcp.product_1.5.1_931663386_win32_win32_x86_64/plugins/com.st.stm32cube.ide.mcu.externaltools.gnu-tools-for-stm32.9-2020-q2-update.win32_1.5.0.202011040924/tools/bin/../lib/gcc/arm-none-eabi/9.3.1/../../../../arm-none-eabi/lib/thumb/v7e-m+fp/hard\libc_nano.a(lib_a-findfp.o)
                0x0000000008007c20                __sinit
 .text.__sfp    0x0000000008007c90       0x8c c:/users/mames/.eclipse/com.st.stm32cube.ide.mcu.rcp.product_1.5.1_931663386_win32_win32_x86_64/plugins/com.st.stm32cube.ide.mcu.externaltools.gnu-tools-for-stm32.9-2020-q2-update.win32_1.5.0.202011040924/tools/bin/../lib/gcc/arm-none-eabi/9.3.1/../../../../arm-none-eabi/lib/thumb/v7e-m+fp/hard\libc_nano.a(lib_a-findfp.o)
                0x0000000008007c90                __sfp
 .text._fwalk_reent
                0x0000000008007d1c       0x3e c:/users/mames/.eclipse/com.st.stm32cube.ide.mcu.rcp.product_1.5.1_931663386_win32_win32_x86_64/plugins/com.st.stm32cube.ide.mcu.externaltools.gnu-tools-for-stm32.9-2020-q2-update.win32_1.5.0.202011040924/tools/bin/../lib/gcc/arm-none-eabi/9.3.1/../../../../arm-none-eabi/lib/thumb/v7e-m+fp/hard\libc_nano.a(lib_a-fwalk.o)
                0x0000000008007d1c                _fwalk_reent
 .text.__retarget_lock_init_recursive
                0x0000000008007d5a        0x2 c:/users/mames/.eclipse/com.st.stm32cube.ide.mcu.rcp.product_1.5.1_931663386_win32_win32_x86_64/plugins/com.st.stm32cube.ide.mcu.externaltools.gnu-tools-for-stm32.9-2020-q2-update.win32_1.5.0.202011040924/tools/bin/../lib/gcc/arm-none-eabi/9.3.1/../../../../arm-none-eabi/lib/thumb/v7e-m+fp/hard\libc_nano.a(lib_a-lock.o)
                0x0000000008007d5a                __retarget_lock_init_recursive
 .text.__retarget_lock_acquire_recursive
                0x0000000008007d5c        0x2 c:/users/mames/.eclipse/com.st.stm32cube.ide.mcu.rcp.product_1.5.1_931663386_win32_win32_x86_64/plugins/com.st.stm32cube.ide.mcu.externaltools.gnu-tools-for-stm32.9-2020-q2-update.win32_1.5.0.202011040924/tools/bin/../lib/gcc/arm-none-eabi/9.3.1/../../../../arm-none-eabi/lib/thumb/v7e-m+fp/hard\libc_nano.a(lib_a-lock.o)
                0x0000000008007d5c                __retarget_lock_acquire_recursive
 .text.__retarget_lock_release_recursive
                0x0000000008007d5e        0x2 c:/users/mames/.eclipse/com.st.stm32cube.ide.mcu.rcp.product_1.5.1_931663386_win32_win32_x86_64/plugins/com.st.stm32cube.ide.mcu.externaltools.gnu-tools-for-stm32.9-2020-q2-update.win32_1.5.0.202011040924/tools/bin/../lib/gcc/arm-none-eabi/9.3.1/../../../../arm-none-eabi/lib/thumb/v7e-m+fp/hard\libc_nano.a(lib_a-lock.o)
                0x0000000008007d5e                __retarget_lock_release_recursive
 .text.__swhatbuf_r
                0x0000000008007d60       0x48 c:/users/mames/.eclipse/com.st.stm32cube.ide.mcu.rcp.product_1.5.1_931663386_win32_win32_x86_64/plugins/com.st.stm32cube.ide.mcu.externaltools.gnu-tools-for-stm32.9-2020-q2-update.win32_1.5.0.202011040924/tools/bin/../lib/gcc/arm-none-eabi/9.3.1/../../../../arm-none-eabi/lib/thumb/v7e-m+fp/hard\libc_nano.a(lib_a-makebuf.o)
                0x0000000008007d60                __swhatbuf_r
 .text.__smakebuf_r
                0x0000000008007da8       0x80 c:/users/mames/.eclipse/com.st.stm32cube.ide.mcu.rcp.product_1.5.1_931663386_win32_win32_x86_64/plugins/com.st.stm32cube.ide.mcu.externaltools.gnu-tools-for-stm32.9-2020-q2-update.win32_1.5.0.202011040924/tools/bin/../lib/gcc/arm-none-eabi/9.3.1/../../../../arm-none-eabi/lib/thumb/v7e-m+fp/hard\libc_nano.a(lib_a-makebuf.o)
                0x0000000008007da8                __smakebuf_r
 .text._malloc_usable_size_r
                0x0000000008007e28       0x10 c:/users/mames/.eclipse/com.st.stm32cube.ide.mcu.rcp.product_1.5.1_931663386_win32_win32_x86_64/plugins/com.st.stm32cube.ide.mcu.externaltools.gnu-tools-for-stm32.9-2020-q2-update.win32_1.5.0.202011040924/tools/bin/../lib/gcc/arm-none-eabi/9.3.1/../../../../arm-none-eabi/lib/thumb/v7e-m+fp/hard\libc_nano.a(lib_a-nano-msizer.o)
                0x0000000008007e28                _malloc_usable_size_r
 .text._raise_r
                0x0000000008007e38       0x50 c:/users/mames/.eclipse/com.st.stm32cube.ide.mcu.rcp.product_1.5.1_931663386_win32_win32_x86_64/plugins/com.st.stm32cube.ide.mcu.externaltools.gnu-tools-for-stm32.9-2020-q2-update.win32_1.5.0.202011040924/tools/bin/../lib/gcc/arm-none-eabi/9.3.1/../../../../arm-none-eabi/lib/thumb/v7e-m+fp/hard\libc_nano.a(lib_a-signal.o)
                0x0000000008007e38                _raise_r
 .text.raise    0x0000000008007e88       0x10 c:/users/mames/.eclipse/com.st.stm32cube.ide.mcu.rcp.product_1.5.1_931663386_win32_win32_x86_64/plugins/com.st.stm32cube.ide.mcu.externaltools.gnu-tools-for-stm32.9-2020-q2-update.win32_1.5.0.202011040924/tools/bin/../lib/gcc/arm-none-eabi/9.3.1/../../../../arm-none-eabi/lib/thumb/v7e-m+fp/hard\libc_nano.a(lib_a-signal.o)
                0x0000000008007e88                raise
 .text._kill_r  0x0000000008007e98       0x24 c:/users/mames/.eclipse/com.st.stm32cube.ide.mcu.rcp.product_1.5.1_931663386_win32_win32_x86_64/plugins/com.st.stm32cube.ide.mcu.externaltools.gnu-tools-for-stm32.9-2020-q2-update.win32_1.5.0.202011040924/tools/bin/../lib/gcc/arm-none-eabi/9.3.1/../../../../arm-none-eabi/lib/thumb/v7e-m+fp/hard\libc_nano.a(lib_a-signalr.o)
                0x0000000008007e98                _kill_r
 .text._getpid_r
                0x0000000008007ebc        0x4 c:/users/mames/.eclipse/com.st.stm32cube.ide.mcu.rcp.product_1.5.1_931663386_win32_win32_x86_64/plugins/com.st.stm32cube.ide.mcu.externaltools.gnu-tools-for-stm32.9-2020-q2-update.win32_1.5.0.202011040924/tools/bin/../lib/gcc/arm-none-eabi/9.3.1/../../../../arm-none-eabi/lib/thumb/v7e-m+fp/hard\libc_nano.a(lib_a-signalr.o)
                0x0000000008007ebc                _getpid_r
 .text.__sread  0x0000000008007ec0       0x22 c:/users/mames/.eclipse/com.st.stm32cube.ide.mcu.rcp.product_1.5.1_931663386_win32_win32_x86_64/plugins/com.st.stm32cube.ide.mcu.externaltools.gnu-tools-for-stm32.9-2020-q2-update.win32_1.5.0.202011040924/tools/bin/../lib/gcc/arm-none-eabi/9.3.1/../../../../arm-none-eabi/lib/thumb/v7e-m+fp/hard\libc_nano.a(lib_a-stdio.o)
                0x0000000008007ec0                __sread
 .text.__swrite
                0x0000000008007ee2       0x38 c:/users/mames/.eclipse/com.st.stm32cube.ide.mcu.rcp.product_1.5.1_931663386_win32_win32_x86_64/plugins/com.st.stm32cube.ide.mcu.externaltools.gnu-tools-for-stm32.9-2020-q2-update.win32_1.5.0.202011040924/tools/bin/../lib/gcc/arm-none-eabi/9.3.1/../../../../arm-none-eabi/lib/thumb/v7e-m+fp/hard\libc_nano.a(lib_a-stdio.o)
                0x0000000008007ee2                __swrite
 .text.__sseek  0x0000000008007f1a       0x24 c:/users/mames/.eclipse/com.st.stm32cube.ide.mcu.rcp.product_1.5.1_931663386_win32_win32_x86_64/plugins/com.st.stm32cube.ide.mcu.externaltools.gnu-tools-for-stm32.9-2020-q2-update.win32_1.5.0.202011040924/tools/bin/../lib/gcc/arm-none-eabi/9.3.1/../../../../arm-none-eabi/lib/thumb/v7e-m+fp/hard\libc_nano.a(lib_a-stdio.o)
                0x0000000008007f1a                __sseek
 .text.__sclose
                0x0000000008007f3e        0x8 c:/users/mames/.eclipse/com.st.stm32cube.ide.mcu.rcp.product_1.5.1_931663386_win32_win32_x86_64/plugins/com.st.stm32cube.ide.mcu.externaltools.gnu-tools-for-stm32.9-2020-q2-update.win32_1.5.0.202011040924/tools/bin/../lib/gcc/arm-none-eabi/9.3.1/../../../../arm-none-eabi/lib/thumb/v7e-m+fp/hard\libc_nano.a(lib_a-stdio.o)
                0x0000000008007f3e                __sclose
 *fill*         0x0000000008007f46        0x2 
 .text._write_r
                0x0000000008007f48       0x24 c:/users/mames/.eclipse/com.st.stm32cube.ide.mcu.rcp.product_1.5.1_931663386_win32_win32_x86_64/plugins/com.st.stm32cube.ide.mcu.externaltools.gnu-tools-for-stm32.9-2020-q2-update.win32_1.5.0.202011040924/tools/bin/../lib/gcc/arm-none-eabi/9.3.1/../../../../arm-none-eabi/lib/thumb/v7e-m+fp/hard\libc_nano.a(lib_a-writer.o)
                0x0000000008007f48                _write_r
 .text._close_r
                0x0000000008007f6c       0x20 c:/users/mames/.eclipse/com.st.stm32cube.ide.mcu.rcp.product_1.5.1_931663386_win32_win32_x86_64/plugins/com.st.stm32cube.ide.mcu.externaltools.gnu-tools-for-stm32.9-2020-q2-update.win32_1.5.0.202011040924/tools/bin/../lib/gcc/arm-none-eabi/9.3.1/../../../../arm-none-eabi/lib/thumb/v7e-m+fp/hard\libc_nano.a(lib_a-closer.o)
                0x0000000008007f6c                _close_r
 .text._fstat_r
                0x0000000008007f8c       0x24 c:/users/mames/.eclipse/com.st.stm32cube.ide.mcu.rcp.product_1.5.1_931663386_win32_win32_x86_64/plugins/com.st.stm32cube.ide.mcu.externaltools.gnu-tools-for-stm32.9-2020-q2-update.win32_1.5.0.202011040924/tools/bin/../lib/gcc/arm-none-eabi/9.3.1/../../../../arm-none-eabi/lib/thumb/v7e-m+fp/hard\libc_nano.a(lib_a-fstatr.o)
                0x0000000008007f8c                _fstat_r
 .text._isatty_r
                0x0000000008007fb0       0x20 c:/users/mames/.eclipse/com.st.stm32cube.ide.mcu.rcp.product_1.5.1_931663386_win32_win32_x86_64/plugins/com.st.stm32cube.ide.mcu.externaltools.gnu-tools-for-stm32.9-2020-q2-update.win32_1.5.0.202011040924/tools/bin/../lib/gcc/arm-none-eabi/9.3.1/../../../../arm-none-eabi/lib/thumb/v7e-m+fp/hard\libc_nano.a(lib_a-isattyr.o)
                0x0000000008007fb0                _isatty_r
 .text._lseek_r
                0x0000000008007fd0       0x24 c:/users/mames/.eclipse/com.st.stm32cube.ide.mcu.rcp.product_1.5.1_931663386_win32_win32_x86_64/plugins/com.st.stm32cube.ide.mcu.externaltools.gnu-tools-for-stm32.9-2020-q2-update.win32_1.5.0.202011040924/tools/bin/../lib/gcc/arm-none-eabi/9.3.1/../../../../arm-none-eabi/lib/thumb/v7e-m+fp/hard\libc_nano.a(lib_a-lseekr.o)
                0x0000000008007fd0                _lseek_r
 .text._read_r  0x0000000008007ff4       0x24 c:/users/mames/.eclipse/com.st.stm32cube.ide.mcu.rcp.product_1.5.1_931663386_win32_win32_x86_64/plugins/com.st.stm32cube.ide.mcu.externaltools.gnu-tools-for-stm32.9-2020-q2-update.win32_1.5.0.202011040924/tools/bin/../lib/gcc/arm-none-eabi/9.3.1/../../../../arm-none-eabi/lib/thumb/v7e-m+fp/hard\libc_nano.a(lib_a-readr.o)
                0x0000000008007ff4                _read_r
 *(.glue_7)
 .glue_7        0x0000000008008018        0x0 linker stubs
 *(.glue_7t)
 .glue_7t       0x0000000008008018        0x0 linker stubs
 *(.eh_frame)
 .eh_frame      0x0000000008008018        0x0 c:/users/mames/.eclipse/com.st.stm32cube.ide.mcu.rcp.product_1.5.1_931663386_win32_win32_x86_64/plugins/com.st.stm32cube.ide.mcu.externaltools.gnu-tools-for-stm32.9-2020-q2-update.win32_1.5.0.202011040924/tools/bin/../lib/gcc/arm-none-eabi/9.3.1/thumb/v7e-m+fp/hard/crtbegin.o
 *(.init)
 .init          0x0000000008008018        0x4 c:/users/mames/.eclipse/com.st.stm32cube.ide.mcu.rcp.product_1.5.1_931663386_win32_win32_x86_64/plugins/com.st.stm32cube.ide.mcu.externaltools.gnu-tools-for-stm32.9-2020-q2-update.win32_1.5.0.202011040924/tools/bin/../lib/gcc/arm-none-eabi/9.3.1/thumb/v7e-m+fp/hard/crti.o
                0x0000000008008018                _init
 .init          0x000000000800801c        0x8 c:/users/mames/.eclipse/com.st.stm32cube.ide.mcu.rcp.product_1.5.1_931663386_win32_win32_x86_64/plugins/com.st.stm32cube.ide.mcu.externaltools.gnu-tools-for-stm32.9-2020-q2-update.win32_1.5.0.202011040924/tools/bin/../lib/gcc/arm-none-eabi/9.3.1/thumb/v7e-m+fp/hard/crtn.o
 *(.fini)
 .fini          0x0000000008008024        0x4 c:/users/mames/.eclipse/com.st.stm32cube.ide.mcu.rcp.product_1.5.1_931663386_win32_win32_x86_64/plugins/com.st.stm32cube.ide.mcu.externaltools.gnu-tools-for-stm32.9-2020-q2-update.win32_1.5.0.202011040924/tools/bin/../lib/gcc/arm-none-eabi/9.3.1/thumb/v7e-m+fp/hard/crti.o
                0x0000000008008024                _fini
 .fini          0x0000000008008028        0x8 c:/users/mames/.eclipse/com.st.stm32cube.ide.mcu.rcp.product_1.5.1_931663386_win32_win32_x86_64/plugins/com.st.stm32cube.ide.mcu.externaltools.gnu-tools-for-stm32.9-2020-q2-update.win32_1.5.0.202011040924/tools/bin/../lib/gcc/arm-none-eabi/9.3.1/thumb/v7e-m+fp/hard/crtn.o
                0x0000000008008030                . = ALIGN (0x4)
                0x0000000008008030                _etext = .

.vfp11_veneer   0x0000000008008030        0x0
 .vfp11_veneer  0x0000000008008030        0x0 linker stubs

.v4_bx          0x0000000008008030        0x0
 .v4_bx         0x0000000008008030        0x0 linker stubs

.iplt           0x0000000008008030        0x0
 .iplt          0x0000000008008030        0x0 c:/users/mames/.eclipse/com.st.stm32cube.ide.mcu.rcp.product_1.5.1_931663386_win32_win32_x86_64/plugins/com.st.stm32cube.ide.mcu.externaltools.gnu-tools-for-stm32.9-2020-q2-update.win32_1.5.0.202011040924/tools/bin/../lib/gcc/arm-none-eabi/9.3.1/thumb/v7e-m+fp/hard/crtbegin.o

.rodata         0x0000000008008030      0x54c
                0x0000000008008030                . = ALIGN (0x4)
 *(.rodata)
 .rodata        0x0000000008008030       0x27 Core/Src/commands.o
 *fill*         0x0000000008008057        0x1 
 .rodata        0x0000000008008058       0x4f Core/Src/fsmParse.o
 *(.rodata*)
 *fill*         0x00000000080080a7        0x1 
 .rodata.commandExecute
                0x00000000080080a8        0xc Core/Src/commands.o
                0x00000000080080a8                commandExecute
 .rodata.AHBPrescTable
                0x00000000080080b4       0x10 Core/Src/system_stm32f4xx.o
                0x00000000080080b4                AHBPrescTable
 .rodata.APBPrescTable
                0x00000000080080c4        0x8 Core/Src/system_stm32f4xx.o
                0x00000000080080c4                APBPrescTable
 .rodata._global_impure_ptr
                0x00000000080080cc        0x4 c:/users/mames/.eclipse/com.st.stm32cube.ide.mcu.rcp.product_1.5.1_931663386_win32_win32_x86_64/plugins/com.st.stm32cube.ide.mcu.externaltools.gnu-tools-for-stm32.9-2020-q2-update.win32_1.5.0.202011040924/tools/bin/../lib/gcc/arm-none-eabi/9.3.1/../../../../arm-none-eabi/lib/thumb/v7e-m+fp/hard\libc_nano.a(lib_a-impure.o)
                0x00000000080080cc                _global_impure_ptr
 .rodata._printf_float.str1.1
                0x00000000080080d0       0x12 c:/users/mames/.eclipse/com.st.stm32cube.ide.mcu.rcp.product_1.5.1_931663386_win32_win32_x86_64/plugins/com.st.stm32cube.ide.mcu.externaltools.gnu-tools-for-stm32.9-2020-q2-update.win32_1.5.0.202011040924/tools/bin/../lib/gcc/arm-none-eabi/9.3.1/../../../../arm-none-eabi/lib/thumb/v7e-m+fp/hard\libc_nano.a(lib_a-nano-vfprintf_float.o)
 .rodata._printf_i.str1.1
                0x00000000080080e2       0x22 c:/users/mames/.eclipse/com.st.stm32cube.ide.mcu.rcp.product_1.5.1_931663386_win32_win32_x86_64/plugins/com.st.stm32cube.ide.mcu.externaltools.gnu-tools-for-stm32.9-2020-q2-update.win32_1.5.0.202011040924/tools/bin/../lib/gcc/arm-none-eabi/9.3.1/../../../../arm-none-eabi/lib/thumb/v7e-m+fp/hard\libc_nano.a(lib_a-nano-vfprintf_i.o)
 .rodata._strtod_l.str1.1
                0x0000000008008104       0x22 c:/users/mames/.eclipse/com.st.stm32cube.ide.mcu.rcp.product_1.5.1_931663386_win32_win32_x86_64/plugins/com.st.stm32cube.ide.mcu.externaltools.gnu-tools-for-stm32.9-2020-q2-update.win32_1.5.0.202011040924/tools/bin/../lib/gcc/arm-none-eabi/9.3.1/../../../../arm-none-eabi/lib/thumb/v7e-m+fp/hard\libc_nano.a(lib_a-strtod.o)
                                          0xd (size before relaxing)
 .rodata.fpi.7583
                0x0000000008008104       0x14 c:/users/mames/.eclipse/com.st.stm32cube.ide.mcu.rcp.product_1.5.1_931663386_win32_win32_x86_64/plugins/com.st.stm32cube.ide.mcu.externaltools.gnu-tools-for-stm32.9-2020-q2-update.win32_1.5.0.202011040924/tools/bin/../lib/gcc/arm-none-eabi/9.3.1/../../../../arm-none-eabi/lib/thumb/v7e-m+fp/hard\libc_nano.a(lib_a-strtod.o)
 .rodata.fpinan.7619
                0x0000000008008118       0x14 c:/users/mames/.eclipse/com.st.stm32cube.ide.mcu.rcp.product_1.5.1_931663386_win32_win32_x86_64/plugins/com.st.stm32cube.ide.mcu.externaltools.gnu-tools-for-stm32.9-2020-q2-update.win32_1.5.0.202011040924/tools/bin/../lib/gcc/arm-none-eabi/9.3.1/../../../../arm-none-eabi/lib/thumb/v7e-m+fp/hard\libc_nano.a(lib_a-strtod.o)
 *fill*         0x000000000800812c        0x4 
 .rodata.tinytens
                0x0000000008008130       0x28 c:/users/mames/.eclipse/com.st.stm32cube.ide.mcu.rcp.product_1.5.1_931663386_win32_win32_x86_64/plugins/com.st.stm32cube.ide.mcu.externaltools.gnu-tools-for-stm32.9-2020-q2-update.win32_1.5.0.202011040924/tools/bin/../lib/gcc/arm-none-eabi/9.3.1/../../../../arm-none-eabi/lib/thumb/v7e-m+fp/hard\libc_nano.a(lib_a-strtod.o)
 .rodata._dtoa_r.str1.1
                0x0000000008008158       0x94 c:/users/mames/.eclipse/com.st.stm32cube.ide.mcu.rcp.product_1.5.1_931663386_win32_win32_x86_64/plugins/com.st.stm32cube.ide.mcu.externaltools.gnu-tools-for-stm32.9-2020-q2-update.win32_1.5.0.202011040924/tools/bin/../lib/gcc/arm-none-eabi/9.3.1/../../../../arm-none-eabi/lib/thumb/v7e-m+fp/hard\libc_nano.a(lib_a-dtoa.o)
                                         0x96 (size before relaxing)
 .rodata.__gethex.str1.1
                0x00000000080081ec       0x67 c:/users/mames/.eclipse/com.st.stm32cube.ide.mcu.rcp.product_1.5.1_931663386_win32_win32_x86_64/plugins/com.st.stm32cube.ide.mcu.externaltools.gnu-tools-for-stm32.9-2020-q2-update.win32_1.5.0.202011040924/tools/bin/../lib/gcc/arm-none-eabi/9.3.1/../../../../arm-none-eabi/lib/thumb/v7e-m+fp/hard\libc_nano.a(lib_a-gdtoa-gethex.o)
                                         0x78 (size before relaxing)
 .rodata.str1.1
                0x0000000008008253        0x2 c:/users/mames/.eclipse/com.st.stm32cube.ide.mcu.rcp.product_1.5.1_931663386_win32_win32_x86_64/plugins/com.st.stm32cube.ide.mcu.externaltools.gnu-tools-for-stm32.9-2020-q2-update.win32_1.5.0.202011040924/tools/bin/../lib/gcc/arm-none-eabi/9.3.1/../../../../arm-none-eabi/lib/thumb/v7e-m+fp/hard\libc_nano.a(lib_a-lnumeric.o)
                                          0x3 (size before relaxing)
 *fill*         0x0000000008008255        0x3 
 .rodata._C_numeric_locale
                0x0000000008008258        0xc c:/users/mames/.eclipse/com.st.stm32cube.ide.mcu.rcp.product_1.5.1_931663386_win32_win32_x86_64/plugins/com.st.stm32cube.ide.mcu.externaltools.gnu-tools-for-stm32.9-2020-q2-update.win32_1.5.0.202011040924/tools/bin/../lib/gcc/arm-none-eabi/9.3.1/../../../../arm-none-eabi/lib/thumb/v7e-m+fp/hard\libc_nano.a(lib_a-lnumeric.o)
                0x0000000008008258                _C_numeric_locale
 .rodata._setlocale_r.str1.1
                0x0000000008008264        0x8 c:/users/mames/.eclipse/com.st.stm32cube.ide.mcu.rcp.product_1.5.1_931663386_win32_win32_x86_64/plugins/com.st.stm32cube.ide.mcu.externaltools.gnu-tools-for-stm32.9-2020-q2-update.win32_1.5.0.202011040924/tools/bin/../lib/gcc/arm-none-eabi/9.3.1/../../../../arm-none-eabi/lib/thumb/v7e-m+fp/hard\libc_nano.a(lib_a-locale.o)
                                          0x9 (size before relaxing)
 .rodata.str1.1
                0x000000000800826c        0x2 c:/users/mames/.eclipse/com.st.stm32cube.ide.mcu.rcp.product_1.5.1_931663386_win32_win32_x86_64/plugins/com.st.stm32cube.ide.mcu.externaltools.gnu-tools-for-stm32.9-2020-q2-update.win32_1.5.0.202011040924/tools/bin/../lib/gcc/arm-none-eabi/9.3.1/../../../../arm-none-eabi/lib/thumb/v7e-m+fp/hard\libc_nano.a(lib_a-locale.o)
 .rodata._Balloc.str1.1
                0x000000000800826c       0x60 c:/users/mames/.eclipse/com.st.stm32cube.ide.mcu.rcp.product_1.5.1_931663386_win32_win32_x86_64/plugins/com.st.stm32cube.ide.mcu.externaltools.gnu-tools-for-stm32.9-2020-q2-update.win32_1.5.0.202011040924/tools/bin/../lib/gcc/arm-none-eabi/9.3.1/../../../../arm-none-eabi/lib/thumb/v7e-m+fp/hard\libc_nano.a(lib_a-mprec.o)
                                         0x77 (size before relaxing)
 .rodata.__multadd.str1.1
                0x00000000080082cc       0x11 c:/users/mames/.eclipse/com.st.stm32cube.ide.mcu.rcp.product_1.5.1_931663386_win32_win32_x86_64/plugins/com.st.stm32cube.ide.mcu.externaltools.gnu-tools-for-stm32.9-2020-q2-update.win32_1.5.0.202011040924/tools/bin/../lib/gcc/arm-none-eabi/9.3.1/../../../../arm-none-eabi/lib/thumb/v7e-m+fp/hard\libc_nano.a(lib_a-mprec.o)
 *fill*         0x00000000080082cc        0x4 
 .rodata.__mprec_bigtens
                0x00000000080082d0       0x28 c:/users/mames/.eclipse/com.st.stm32cube.ide.mcu.rcp.product_1.5.1_931663386_win32_win32_x86_64/plugins/com.st.stm32cube.ide.mcu.externaltools.gnu-tools-for-stm32.9-2020-q2-update.win32_1.5.0.202011040924/tools/bin/../lib/gcc/arm-none-eabi/9.3.1/../../../../arm-none-eabi/lib/thumb/v7e-m+fp/hard\libc_nano.a(lib_a-mprec.o)
                0x00000000080082d0                __mprec_bigtens
 .rodata.__mprec_tens
                0x00000000080082f8       0xc8 c:/users/mames/.eclipse/com.st.stm32cube.ide.mcu.rcp.product_1.5.1_931663386_win32_win32_x86_64/plugins/com.st.stm32cube.ide.mcu.externaltools.gnu-tools-for-stm32.9-2020-q2-update.win32_1.5.0.202011040924/tools/bin/../lib/gcc/arm-none-eabi/9.3.1/../../../../arm-none-eabi/lib/thumb/v7e-m+fp/hard\libc_nano.a(lib_a-mprec.o)
                0x00000000080082f8                __mprec_tens
 .rodata.p05.7513
                0x00000000080083c0        0xc c:/users/mames/.eclipse/com.st.stm32cube.ide.mcu.rcp.product_1.5.1_931663386_win32_win32_x86_64/plugins/com.st.stm32cube.ide.mcu.externaltools.gnu-tools-for-stm32.9-2020-q2-update.win32_1.5.0.202011040924/tools/bin/../lib/gcc/arm-none-eabi/9.3.1/../../../../arm-none-eabi/lib/thumb/v7e-m+fp/hard\libc_nano.a(lib_a-mprec.o)
 .rodata._svfprintf_r.str1.1
                0x00000000080083cc       0x11 c:/users/mames/.eclipse/com.st.stm32cube.ide.mcu.rcp.product_1.5.1_931663386_win32_win32_x86_64/plugins/com.st.stm32cube.ide.mcu.externaltools.gnu-tools-for-stm32.9-2020-q2-update.win32_1.5.0.202011040924/tools/bin/../lib/gcc/arm-none-eabi/9.3.1/../../../../arm-none-eabi/lib/thumb/v7e-m+fp/hard\libc_nano.a(lib_a-nano-svfprintf.o)
 .rodata.__assert_func.str1.1
                0x00000000080083dd       0x3c c:/users/mames/.eclipse/com.st.stm32cube.ide.mcu.rcp.product_1.5.1_931663386_win32_win32_x86_64/plugins/com.st.stm32cube.ide.mcu.externaltools.gnu-tools-for-stm32.9-2020-q2-update.win32_1.5.0.202011040924/tools/bin/../lib/gcc/arm-none-eabi/9.3.1/../../../../arm-none-eabi/lib/thumb/v7e-m+fp/hard\libc_nano.a(lib_a-assert.o)
                                         0x3d (size before relaxing)
 .rodata._ctype_
                0x0000000008008419      0x101 c:/users/mames/.eclipse/com.st.stm32cube.ide.mcu.rcp.product_1.5.1_931663386_win32_win32_x86_64/plugins/com.st.stm32cube.ide.mcu.externaltools.gnu-tools-for-stm32.9-2020-q2-update.win32_1.5.0.202011040924/tools/bin/../lib/gcc/arm-none-eabi/9.3.1/../../../../arm-none-eabi/lib/thumb/v7e-m+fp/hard\libc_nano.a(lib_a-ctype_.o)
                0x0000000008008419                _ctype_
 .rodata._vfprintf_r.str1.1
                0x000000000800851a       0x11 c:/users/mames/.eclipse/com.st.stm32cube.ide.mcu.rcp.product_1.5.1_931663386_win32_win32_x86_64/plugins/com.st.stm32cube.ide.mcu.externaltools.gnu-tools-for-stm32.9-2020-q2-update.win32_1.5.0.202011040924/tools/bin/../lib/gcc/arm-none-eabi/9.3.1/../../../../arm-none-eabi/lib/thumb/v7e-m+fp/hard\libc_nano.a(lib_a-nano-vfprintf.o)
 *fill*         0x000000000800851a        0x2 
 .rodata.__sf_fake_stderr
                0x000000000800851c       0x20 c:/users/mames/.eclipse/com.st.stm32cube.ide.mcu.rcp.product_1.5.1_931663386_win32_win32_x86_64/plugins/com.st.stm32cube.ide.mcu.externaltools.gnu-tools-for-stm32.9-2020-q2-update.win32_1.5.0.202011040924/tools/bin/../lib/gcc/arm-none-eabi/9.3.1/../../../../arm-none-eabi/lib/thumb/v7e-m+fp/hard\libc_nano.a(lib_a-findfp.o)
                0x000000000800851c                __sf_fake_stderr
 .rodata.__sf_fake_stdin
                0x000000000800853c       0x20 c:/users/mames/.eclipse/com.st.stm32cube.ide.mcu.rcp.product_1.5.1_931663386_win32_win32_x86_64/plugins/com.st.stm32cube.ide.mcu.externaltools.gnu-tools-for-stm32.9-2020-q2-update.win32_1.5.0.202011040924/tools/bin/../lib/gcc/arm-none-eabi/9.3.1/../../../../arm-none-eabi/lib/thumb/v7e-m+fp/hard\libc_nano.a(lib_a-findfp.o)
                0x000000000800853c                __sf_fake_stdin
 .rodata.__sf_fake_stdout
                0x000000000800855c       0x20 c:/users/mames/.eclipse/com.st.stm32cube.ide.mcu.rcp.product_1.5.1_931663386_win32_win32_x86_64/plugins/com.st.stm32cube.ide.mcu.externaltools.gnu-tools-for-stm32.9-2020-q2-update.win32_1.5.0.202011040924/tools/bin/../lib/gcc/arm-none-eabi/9.3.1/../../../../arm-none-eabi/lib/thumb/v7e-m+fp/hard\libc_nano.a(lib_a-findfp.o)
                0x000000000800855c                __sf_fake_stdout
                0x000000000800857c                . = ALIGN (0x4)

.ARM.extab      0x000000000800857c        0x0
                0x000000000800857c                . = ALIGN (0x4)
 *(.ARM.extab* .gnu.linkonce.armextab.*)
                0x000000000800857c                . = ALIGN (0x4)

.ARM            0x000000000800857c        0x8
                0x000000000800857c                . = ALIGN (0x4)
                0x000000000800857c                __exidx_start = .
 *(.ARM.exidx*)
 .ARM.exidx     0x000000000800857c        0x8 c:/users/mames/.eclipse/com.st.stm32cube.ide.mcu.rcp.product_1.5.1_931663386_win32_win32_x86_64/plugins/com.st.stm32cube.ide.mcu.externaltools.gnu-tools-for-stm32.9-2020-q2-update.win32_1.5.0.202011040924/tools/bin/../lib/gcc/arm-none-eabi/9.3.1/thumb/v7e-m+fp/hard\libgcc.a(_udivmoddi4.o)
                0x0000000008008584                __exidx_end = .
                0x0000000008008584                . = ALIGN (0x4)

.rel.dyn        0x0000000008008584        0x0
 .rel.iplt      0x0000000008008584        0x0 c:/users/mames/.eclipse/com.st.stm32cube.ide.mcu.rcp.product_1.5.1_931663386_win32_win32_x86_64/plugins/com.st.stm32cube.ide.mcu.externaltools.gnu-tools-for-stm32.9-2020-q2-update.win32_1.5.0.202011040924/tools/bin/../lib/gcc/arm-none-eabi/9.3.1/thumb/v7e-m+fp/hard/crtbegin.o

.preinit_array  0x0000000008008584        0x0
                0x0000000008008584                . = ALIGN (0x4)
                0x0000000008008584                PROVIDE (__preinit_array_start = .)
 *(.preinit_array*)
                0x0000000008008584                PROVIDE (__preinit_array_end = .)
                0x0000000008008584                . = ALIGN (0x4)

.init_array     0x0000000008008584        0x4
                0x0000000008008584                . = ALIGN (0x4)
                0x0000000008008584                PROVIDE (__init_array_start = .)
 *(SORT_BY_NAME(.init_array.*))
 *(.init_array*)