Archive member included to satisfy reference by file (symbol)

c:/users/mames/.eclipse/com.st.stm32cube.ide.mcu.rcp.product_1.5.1_931663386_win32_win32_x86_64/plugins/com.st.stm32cube.ide.mcu.externaltools.gnu-tools-for-stm32.9-2020-q2-update.win32_1.5.0.202011040924/tools/bin/../lib/gcc/arm-none-eabi/9.3.1/../../../../arm-none-eabi/lib/thumb/v7e-m+fp/hard\libc_nano.a(lib_a-errno.o)
                              Core/Src/syscalls.o (__errno)
c:/users/mames/.eclipse/com.st.stm32cube.ide.mcu.rcp.product_1.5.1_931663386_win32_win32_x86_64/plugins/com.st.stm32cube.ide.mcu.externaltools.gnu-tools-for-stm32.9-2020-q2-update.win32_1.5.0.202011040924/tools/bin/../lib/gcc/arm-none-eabi/9.3.1/../../../../arm-none-eabi/lib/thumb/v7e-m+fp/hard\libc_nano.a(lib_a-exit.o)
                              c:/users/mames/.eclipse/com.st.stm32cube.ide.mcu.rcp.product_1.5.1_931663386_win32_win32_x86_64/plugins/com.st.stm32cube.ide.mcu.externaltools.gnu-tools-for-stm32.9-2020-q2-update.win32_1.5.0.202011040924/tools/bin/../lib/gcc/arm-none-eabi/9.3.1/../../../../arm-none-eabi/lib/thumb/v7e-m+fp/hard/crt0.o (exit)
c:/users/mames/.eclipse/com.st.stm32cube.ide.mcu.rcp.product_1.5.1_931663386_win32_win32_x86_64/plugins/com.st.stm32cube.ide.mcu.externaltools.gnu-tools-for-stm32.9-2020-q2-update.win32_1.5.0.202011040924/tools/bin/../lib/gcc/arm-none-eabi/9.3.1/../../../../arm-none-eabi/lib/thumb/v7e-m+fp/hard\libc_nano.a(lib_a-impure.o)
                              c:/users/mames/.eclipse/com.st.stm32cube.ide.mcu.rcp.product_1.5.1_931663386_win32_win32_x86_64/plugins/com.st.stm32cube.ide.mcu.externaltools.gnu-tools-for-stm32.9-2020-q2-update.win32_1.5.0.202011040924/tools/bin/../lib/gcc/arm-none-eabi/9.3.1/../../../../arm-none-eabi/lib/thumb/v7e-m+fp/hard\libc_nano.a(lib_a-exit.o) (_global_impure_ptr)
c:/users/mames/.eclipse/com.st.stm32cube.ide.mcu.rcp.product_1.5.1_931663386_win32_win32_x86_64/plugins/com.st.stm32cube.ide.mcu.externaltools.gnu-tools-for-stm32.9-2020-q2-update.win32_1.5.0.202011040924/tools/bin/../lib/gcc/arm-none-eabi/9.3.1/../../../../arm-none-eabi/lib/thumb/v7e-m+fp/hard\libc_nano.a(lib_a-init.o)
                              c:/users/mames/.eclipse/com.st.stm32cube.ide.mcu.rcp.product_1.5.1_931663386_win32_win32_x86_64/plugins/com.st.stm32cube.ide.mcu.externaltools.gnu-tools-for-stm32.9-2020-q2-update.win32_1.5.0.202011040924/tools/bin/../lib/gcc/arm-none-eabi/9.3.1/../../../../arm-none-eabi/lib/thumb/v7e-m+fp/hard/crt0.o (__libc_init_array)
c:/users/mames/.eclipse/com.st.stm32cube.ide.mcu.rcp.product_1.5.1_931663386_win32_win32_x86_64/plugins/com.st.stm32cube.ide.mcu.externaltools.gnu-tools-for-stm32.9-2020-q2-update.win32_1.5.0.202011040924/tools/bin/../lib/gcc/arm-none-eabi/9.3.1/../../../../arm-none-eabi/lib/thumb/v7e-m+fp/hard\libc_nano.a(lib_a-memset.o)
                              c:/users/mames/.eclipse/com.st.stm32cube.ide.mcu.rcp.product_1.5.1_931663386_win32_win32_x86_64/plugins/com.st.stm32cube.ide.mcu.externaltools.gnu-tools-for-stm32.9-2020-q2-update.win32_1.5.0.202011040924/tools/bin/../lib/gcc/arm-none-eabi/9.3.1/../../../../arm-none-eabi/lib/thumb/v7e-m+fp/hard/crt0.o (memset)
c:/users/mames/.eclipse/com.st.stm32cube.ide.mcu.rcp.product_1.5.1_931663386_win32_win32_x86_64/plugins/com.st.stm32cube.ide.mcu.externaltools.gnu-tools-for-stm32.9-2020-q2-update.win32_1.5.0.202011040924/tools/bin/../lib/gcc/arm-none-eabi/9.3.1/../../../../arm-none-eabi/lib/thumb/v7e-m+fp/hard\libc_nano.a(lib_a-nano-vfprintf_float.o)
                              (_printf_float)
c:/users/mames/.eclipse/com.st.stm32cube.ide.mcu.rcp.product_1.5.1_931663386_win32_win32_x86_64/plugins/com.st.stm32cube.ide.mcu.externaltools.gnu-tools-for-stm32.9-2020-q2-update.win32_1.5.0.202011040924/tools/bin/../lib/gcc/arm-none-eabi/9.3.1/../../../../arm-none-eabi/lib/thumb/v7e-m+fp/hard\libc_nano.a(lib_a-nano-vfprintf_i.o)
                              c:/users/mames/.eclipse/com.st.stm32cube.ide.mcu.rcp.product_1.5.1_931663386_win32_win32_x86_64/plugins/com.st.stm32cube.ide.mcu.externaltools.gnu-tools-for-stm32.9-2020-q2-update.win32_1.5.0.202011040924/tools/bin/../lib/gcc/arm-none-eabi/9.3.1/../../../../arm-none-eabi/lib/thumb/v7e-m+fp/hard\libc_nano.a(lib_a-nano-vfprintf_float.o) (_printf_common)
c:/users/mames/.eclipse/com.st.stm32cube.ide.mcu.rcp.product_1.5.1_931663386_win32_win32_x86_64/plugins/com.st.stm32cube.ide.mcu.externaltools.gnu-tools-for-stm32.9-2020-q2-update.win32_1.5.0.202011040924/tools/bin/../lib/gcc/arm-none-eabi/9.3.1/../../../../arm-none-eabi/lib/thumb/v7e-m+fp/hard\libc_nano.a(lib_a-snprintf.o)
                              Core/Src/commands.o (snprintf)
c:/users/mames/.eclipse/com.st.stm32cube.ide.mcu.rcp.product_1.5.1_931663386_win32_win32_x86_64/plugins/com.st.stm32cube.ide.mcu.externaltools.gnu-tools-for-stm32.9-2020-q2-update.win32_1.5.0.202011040924/tools/bin/../lib/gcc/arm-none-eabi/9.3.1/../../../../arm-none-eabi/lib/thumb/v7e-m+fp/hard\libc_nano.a(lib_a-strchr.o)
[...]
Memory Configuration

Name             Origin             Length             Attributes
RAM              0x0000000020000000 0x0000000000018000 xrw
FLASH            0x0000000008000000 0x0000000000080000 xr
*default*        0x0000000000000000 0xffffffffffffffff

Linker script and memory map

LOAD c:/users/mames/.eclipse/com.st.stm32cube.ide.mcu.rcp.product_1.5.1_931663386_win32_win32_x86_64/plugins/com.st.stm32cube.ide.mcu.externaltools.gnu-tools-for-stm32.9-2020-q2-update.win32_1.5.0.202011040924/tools/bin/../lib/gcc/arm-none-eabi/9.3.1/thumb/v7e-m+fp/hard/crti.o
LOAD c:/users/mames/.eclipse/com.st.stm32cube.ide.mcu.rcp.product_1.5.1_931663386_win32_win32_x86_64/plugins/com.st.stm32cube.ide.mcu.externaltools.gnu-tools-for-stm32.9-2020-q2-update.win32_1.5.0.202011040924/tools/bin/../lib/gcc/arm-none-eabi/9.3.1/thumb/v7e-m+fp/hard/crtbegin.o
LOAD c:/users/mames/.eclipse/com.st.stm32cube.ide.mcu.rcp.product_1.5.1_931663386_win32_win32_x86_64/plugins/com.st.stm32cube.ide.mcu.externaltools.gnu-tools-for-stm32.9-2020-q2-update.win32_1.5.0.202011040924/tools/bin/../lib/gcc/arm-none-eabi/9.3.1/../../../../arm-none-eabi/lib/thumb/v7e-m+fp/hard/crt0.o
LOAD Core/Src/commands.o
LOAD Core/Src/fsm.o
LOAD Core/Src/fsmPacketCtrl.o
LOAD Core/Src/fsmParse.o
LOAD Core/Src/main.o
LOAD Core/Src/stm32f4xx_hal_msp.o
LOAD Core/Src/stm32f4xx_it.o
LOAD Core/Src/syscalls.o
LOAD Core/Src/sysmem.o
LOAD Core/Src/system_stm32f4xx.o
LOAD Core/Startup/startup_stm32f401retx.o
LOAD Drivers/STM32F4xx_HAL_Driver/Src/stm32f4xx_hal.o
LOAD Drivers/STM32F4xx_HAL_Driver/Src/stm32f4xx_hal_cortex.o
LOAD Drivers/STM32F4xx_HAL_Driver/Src/stm32f4xx_hal_dma.o
LOAD Drivers/STM32F4xx_HAL_Driver/Src/stm32f4xx_hal_dma_ex.o
LOAD Drivers/STM32F4xx_HAL_Driver/Src/stm32f4xx_hal_exti.o
LOAD Drivers/STM32F4xx_HAL_Driver/Src/stm32f4xx_hal_flash.o
LOAD Drivers/STM32F4xx_HAL_Driver/Src/stm32f4xx_hal_flash_ex.o
LOAD Drivers/STM32F4xx_HAL_Driver/Src/stm32f4xx_hal_flash_ramfunc.o
LOAD Drivers/STM32F4xx_HAL_Driver/Src/stm32f4xx_hal_gpio.o
LOAD Drivers/STM32F4xx_HAL_Driver/Src/stm32f4xx_hal_pwr.o
LOAD Drivers/STM32F4xx_HAL_Driver/Src/stm32f4xx_hal_pwr_ex.o
LOAD Drivers/STM32F4xx_HAL_Driver/Src/stm32f4xx_hal_rcc.o
LOAD Drivers/STM32F4xx_HAL_Driver/Src/stm32f4xx_hal_rcc_ex.o
LOAD Drivers/STM32F4xx_HAL_Driver/Src/stm32f4xx_hal_tim.o
LOAD Drivers/STM32F4xx_HAL_Driver/Src/stm32f4xx_hal_tim_ex.o
LOAD Drivers/STM32F4xx_HAL_Driver/Src/stm32f4xx_hal_uart.o
START GROUP
LOAD c:/users/mames/.eclipse/com.st.stm32cube.ide.mcu.rcp.product_1.5.1_931663386_win32_win32_x86_64/plugins/com.st.stm32cube.ide.mcu.externaltools.gnu-tools-for-stm32.9-2020-q2-update.win32_1.5.0.202011040924/tools/bin/../lib/gcc/arm-none-eabi/9.3.1/../../../../arm-none-eabi/lib/thumb/v7e-m+fp/hard\libc_nano.a
LOAD c:/users/mames/.eclipse/com.st.stm32cube.ide.mcu.rcp.product_1.5.1_931663386_win32_win32_x86_64/plugins/com.st.stm32cube.ide.mcu.externaltools.gnu-tools-for-stm32.9-2020-q2-update.win32_1.5.0.202011040924/tools/bin/../lib/gcc/arm-none-eabi/9.3.1/../../../../arm-none-eabi/lib/thumb/v7e-m+fp/hard\libm.a
END GROUP
START GROUP
LOAD c:/users/mames/.eclipse/com.st.stm32cube.ide.mcu.rcp.product_1.5.1_931663386_win32_win32_x86_64/plugins/com.st.stm32cube.ide.mcu.externaltools.gnu-tools-for-stm32.9-2020-q2-update.win32_1.5.0.202011040924/tools/bin/../lib/gcc/arm-none-eabi/9.3.1/thumb/v7e-m+fp/hard\libgcc.a
LOAD c:/users/mames/.eclipse/com.st.stm32cube.ide.mcu.rcp.product_1.5.1_931663386_win32_win32_x86_64/plugins/com.st.stm32cube.ide.mcu.externaltools.gnu-tools-for-stm32.9-2020-q2-update.win32_1.5.0.202011040924/tools/bin/../lib/gcc/arm-none-eabi/9.3.1/../../../../arm-none-eabi/lib/thumb/v7e-m+fp/hard\libc_nano.a
END GROUP
START GROUP
LOAD c:/users/mames/.eclipse/com.st.stm32cube.ide.mcu.rcp.product_1.5.1_931663386_win32_win32_x86_64/plugins/com.st.stm32cube.ide.mcu.externaltools.gnu-tools-for-stm32.9-2020-q2-update.win32_1.5.0.202011040924/tools/bin/../lib/gcc/arm-none-eabi/9.3.1/thumb/v7e-m+fp/hard\libgcc.a
LOAD c:/users/mames/.eclipse/com.st.stm32cube.ide.mcu.rcp.product_1.5.1_931663386_win32_win32_x86_64/plugins/com.st.stm32cube.ide.mcu.externaltools.gnu-tools-for-stm32.9-2020-q2-update.win32_1.5.0.202011040924/tools/bin/../lib/gcc/arm-none-eabi/9.3.1/../../../../arm-none-eabi/lib/thumb/v7e-m+fp/hard\libc_nano.a
LOAD c:/users/mames/.eclipse/com.st.stm32cube.ide.mcu.rcp.product_1.5.1_931663386_win32_win32_x86_64/plugins/com.st.stm32cube.ide.mcu.externaltools.gnu-tools-for-stm32.9-2020-q2-update.win32_1.5.0.202011040924/tools/bin/../lib/gcc/arm-none-eabi/9.3.1/../../../../arm-none-eabi/lib/thumb/v7e-m+fp/hard\libnosys.a
END GROUP
START GROUP
LOAD c:/users/mames/.eclipse/com.st.stm32cube.ide.mcu.rcp.product_1.5.1_931663386_win32_win32_x86_64/plugins/com.st.stm32cube.ide.mcu.externaltools.gnu-tools-for-stm32.9-2020-q2-update.win32_1.5.0.202011040924/tools/bin/../lib/gcc/arm-none-eabi/9.3.1/thumb/v7e-m+fp/hard\libgcc.a
LOAD c:/users/mames/.eclipse/com.st.stm32cube.ide.mcu.rcp.product_1.5.1_931663386_win32_win32_x86_64/plugins/com.st.stm32cube.ide.mcu.externaltools.gnu-tools-for-stm32.9-2020-q2-update.win32_1.5.0.202011040924/tools/bin/../lib/gcc/arm-none-eabi/9.3.1/../../../../arm-none-eabi/lib/thumb/v7e-m+fp/hard\libc_nano.a
LOAD c:/users/mames/.eclipse/com.st.stm32cube.ide.mcu.rcp.product_1.5.1_931663386_win32_win32_x86_64/plugins/com.st.stm32cube.ide.mcu.externaltools.gnu-tools-for-stm32.9-2020-q2-update.win32_1.5.0.202011040924/tools/bin/../lib/gcc/arm-none-eabi/9.3.1/../../../../arm-none-eabi/lib/thumb/v7e-m+fp/hard\libnosys.a
END GROUP
LOAD c:/users/mames/.eclipse/com.st.stm32cube.ide.mcu.rcp.product_1.5.1_931663386_win32_win32_x86_64/plugins/com.st.stm32cube.ide.mcu.externaltools.gnu-tools-for-stm32.9-2020-q2-update.win32_1.5.0.202011040924/tools/bin/../lib/gcc/arm-none-eabi/9.3.1/thumb/v7e-m+fp/hard/crtend.o
LOAD c:/users/mames/.eclipse/com.st.stm32cube.ide.mcu.rcp.product_1.5.1_931663386_win32_win32_x86_64/plugins/com.st.stm32cube.ide.mcu.externaltools.gnu-tools-for-stm32.9-2020-q2-update.win32_1.5.0.202011040924/tools/bin/../lib/gcc/arm-none-eabi/9.3.1/thumb/v7e-m+fp/hard/crtn.o
                0x0000000020018000                _estack = (ORIGIN (RAM) + LENGTH (RAM))
                0x0000000000000200                _Min_Heap_Size = 0x200
                0x0000000000000400                _Min_Stack_Size = 0x400

.isr_vector     0x0000000008000000      0x194
                0x0000000008000000                . = ALIGN (0x4)
 *(.isr_vector)
 .isr_vector    0x0000000008000000      0x194 Core/Startup/startup_stm32f401retx.o
                0x0000000008000000                g_pfnVectors
                0x0000000008000194                . = ALIGN (0x4)

.text           0x00000000080001a0     0x7d30
                0x00000000080001a0                . = ALIGN (0x4)
 *(.text)
 .text          0x00000000080001a0       0x40 c:/users/mames/.eclipse/com.st.stm32cube.ide.mcu.rcp.product_1.5.1_931663386_win32_win32_x86_64/plugins/com.st.stm32cube.ide.mcu.externaltools.gnu-tools-for-stm32.9-2020-q2-update.win32_1.5.0.202011040924/tools/bin/../lib/gcc/arm-none-eabi/9.3.1/thumb/v7e-m+fp/hard/crtbegin.o
 .text          0x00000000080001e0       0x10 c:/users/mames/.eclipse/com.st.stm32cube.ide.mcu.rcp.product_1.5.1_931663386_win32_win32_x86_64/plugins/com.st.stm32cube.ide.mcu.externaltools.gnu-tools-for-stm32.9-2020-q2-update.win32_1.5.0.202011040924/tools/bin/../lib/gcc/arm-none-eabi/9.3.1/../../../../arm-none-eabi/lib/thumb/v7e-m+fp/hard\libc_nano.a(lib_a-strlen.o)
                0x00000000080001e0                strlen
 .text          0x00000000080001f0       0xa0 c:/users/mames/.eclipse/com.st.stm32cube.ide.mcu.rcp.product_1.5.1_931663386_win32_win32_x86_64/plugins/com.st.stm32cube.ide.mcu.externaltools.gnu-tools-for-stm32.9-2020-q2-update.win32_1.5.0.202011040924/tools/bin/../lib/gcc/arm-none-eabi/9.3.1/../../../../arm-none-eabi/lib/thumb/v7e-m+fp/hard\libc_nano.a(lib_a-memchr.o)
                0x00000000080001f0                memchr
 .text          0x0000000008000290      0x378 c:/users/mames/.eclipse/com.st.stm32cube.ide.mcu.rcp.product_1.5.1_931663386_win32_win32_x86_64/plugins/com.st.stm32cube.ide.mcu.externaltools.gnu-tools-for-stm32.9-2020-q2-update.win32_1.5.0.202011040924/tools/bin/../lib/gcc/arm-none-eabi/9.3.1/thumb/v7e-m+fp/hard\libgcc.a(_arm_addsubdf3.o)
                0x0000000008000290                __aeabi_drsub
                0x0000000008000298                __aeabi_dsub
                0x0000000008000298                __subdf3
                0x000000000800029c                __aeabi_dadd
                0x000000000800029c                __adddf3
                0x0000000008000514                __floatunsidf
                0x0000000008000514                __aeabi_ui2d
                0x0000000008000534                __floatsidf
                0x0000000008000534                __aeabi_i2d
                0x0000000008000558                __aeabi_f2d
                0x0000000008000558                __extendsfdf2
                0x000000000800059c                __floatundidf
                0x000000000800059c                __aeabi_ul2d
                0x00000000080005ac                __floatdidf
                0x00000000080005ac                __aeabi_l2d
 .text          0x0000000008000608      0x424 c:/users/mames/.eclipse/com.st.stm32cube.ide.mcu.rcp.product_1.5.1_931663386_win32_win32_x86_64/plugins/com.st.stm32cube.ide.mcu.externaltools.gnu-tools-for-stm32.9-2020-q2-update.win32_1.5.0.202011040924/tools/bin/../lib/gcc/arm-none-eabi/9.3.1/thumb/v7e-m+fp/hard\libgcc.a(_arm_muldivdf3.o)
                0x0000000008000608                __aeabi_dmul
                0x0000000008000608                __muldf3
                0x000000000800085c                __divdf3
                0x000000000800085c                __aeabi_ddiv
 .text          0x0000000008000a2c      0x110 c:/users/mames/.eclipse/com.st.stm32cube.ide.mcu.rcp.product_1.5.1_931663386_win32_win32_x86_64/plugins/com.st.stm32cube.ide.mcu.externaltools.gnu-tools-for-stm32.9-2020-q2-update.win32_1.5.0.202011040924/tools/bin/../lib/gcc/arm-none-eabi/9.3.1/thumb/v7e-m+fp/hard\libgcc.a(_arm_cmpdf2.o)
                0x0000000008000a2c                __gtdf2
                0x0000000008000a2c                __gedf2
                0x0000000008000a34                __ltdf2
                0x0000000008000a34                __ledf2
                0x0000000008000a3c                __nedf2
                0x0000000008000a3c                __eqdf2
                0x0000000008000a3c                __cmpdf2
                0x0000000008000ab8                __aeabi_cdrcmple
                0x0000000008000ac8                __aeabi_cdcmpeq
                0x0000000008000ac8                __aeabi_cdcmple
                0x0000000008000ad8                __aeabi_dcmpeq
                0x0000000008000aec                __aeabi_dcmplt
                0x0000000008000b00                __aeabi_dcmple
                0x0000000008000b14                __aeabi_dcmpge
                0x0000000008000b28                __aeabi_dcmpgt
 .text          0x0000000008000b3c       0x2c c:/users/mames/.eclipse/com.st.stm32cube.ide.mcu.rcp.product_1.5.1_931663386_win32_win32_x86_64/plugins/com.st.stm32cube.ide.mcu.externaltools.gnu-tools-for-stm32.9-2020-q2-update.win32_1.5.0.202011040924/tools/bin/../lib/gcc/arm-none-eabi/9.3.1/thumb/v7e-m+fp/hard\libgcc.a(_arm_unorddf2.o)
                0x0000000008000b3c                __unorddf2
                0x0000000008000b3c                __aeabi_dcmpun
 .text          0x0000000008000b68       0x50 c:/users/mames/.eclipse/com.st.stm32cube.ide.mcu.rcp.product_1.5.1_931663386_win32_win32_x86_64/plugins/com.st.stm32cube.ide.mcu.externaltools.gnu-tools-for-stm32.9-2020-q2-update.win32_1.5.0.202011040924/tools/bin/../lib/gcc/arm-none-eabi/9.3.1/thumb/v7e-m+fp/hard\libgcc.a(_arm_fixdfsi.o)
                0x0000000008000b68                __aeabi_d2iz
                0x0000000008000b68                __fixdfsi
 .text          0x0000000008000bb8       0x40 c:/users/mames/.eclipse/com.st.stm32cube.ide.mcu.rcp.product_1.5.1_931663386_win32_win32_x86_64/plugins/com.st.stm32cube.ide.mcu.externaltools.gnu-tools-for-stm32.9-2020-q2-update.win32_1.5.0.202011040924/tools/bin/../lib/gcc/arm-none-eabi/9.3.1/thumb/v7e-m+fp/hard\libgcc.a(_arm_fixunsdfsi.o)
                0x0000000008000bb8                __aeabi_d2uiz
                0x0000000008000bb8                __fixunsdfsi
 .text          0x0000000008000bf8       0xa0 c:/users/mames/.eclipse/com.st.stm32cube.ide.mcu.rcp.product_1.5.1_931663386_win32_win32_x86_64/plugins/com.st.stm32cube.ide.mcu.externaltools.gnu-tools-for-stm32.9-2020-q2-update.win32_1.5.0.202011040924/tools/bin/../lib/gcc/arm-none-eabi/9.3.1/thumb/v7e-m+fp/hard\libgcc.a(_arm_truncdfsf2.o)
                0x0000000008000bf8                __truncdfsf2
                0x0000000008000bf8                __aeabi_d2f
 .text          0x0000000008000c98       0x30 c:/users/mames/.eclipse/com.st.stm32cube.ide.mcu.rcp.product_1.5.1_931663386_win32_win32_x86_64/plugins/com.st.stm32cube.ide.mcu.externaltools.gnu-tools-for-stm32.9-2020-q2-update.win32_1.5.0.202011040924/tools/bin/../lib/gcc/arm-none-eabi/9.3.1/thumb/v7e-m+fp/hard\libgcc.a(_aeabi_uldivmod.o)
                0x0000000008000c98                __aeabi_uldivmod
 .text          0x0000000008000cc8       0x30 c:/users/mames/.eclipse/com.st.stm32cube.ide.mcu.rcp.product_1.5.1_931663386_win32_win32_x86_64/plugins/com.st.stm32cube.ide.mcu.externaltools.gnu-tools-for-stm32.9-2020-q2-update.win32_1.5.0.202011040924/tools/bin/../lib/gcc/arm-none-eabi/9.3.1/thumb/v7e-m+fp/hard\libgcc.a(_fixdfdi.o)
                0x0000000008000cc8                __fixdfdi
                0x0000000008000cc8                __aeabi_d2lz
 .text          0x0000000008000cf8       0x3c c:/users/mames/.eclipse/com.st.stm32cube.ide.mcu.rcp.product_1.5.1_931663386_win32_win32_x86_64/plugins/com.st.stm32cube.ide.mcu.externaltools.gnu-tools-for-stm32.9-2020-q2-update.win32_1.5.0.202011040924/tools/bin/../lib/gcc/arm-none-eabi/9.3.1/thumb/v7e-m+fp/hard\libgcc.a(_fixunsdfdi.o)
                0x0000000008000cf8                __fixunsdfdi
                0x0000000008000cf8                __aeabi_d2ulz
 .text          0x0000000008000d34      0x2c4 c:/users/mames/.eclipse/com.st.stm32cube.ide.mcu.rcp.product_1.5.1_931663386_win32_win32_x86_64/plugins/com.st.stm32cube.ide.mcu.externaltools.gnu-tools-for-stm32.9-2020-q2-update.win32_1.5.0.202011040924/tools/bin/../lib/gcc/arm-none-eabi/9.3.1/thumb/v7e-m+fp/hard\libgcc.a(_udivmoddi4.o)
                0x0000000008000d34                __udivmoddi4
 .text          0x0000000008000ff8        0x4 c:/users/mames/.eclipse/com.st.stm32cube.ide.mcu.rcp.product_1.5.1_931663386_win32_win32_x86_64/plugins/com.st.stm32cube.ide.mcu.externaltools.gnu-tools-for-stm32.9-2020-q2-update.win32_1.5.0.202011040924/tools/bin/../lib/gcc/arm-none-eabi/9.3.1/thumb/v7e-m+fp/hard\libgcc.a(_dvmd_tls.o)
                0x0000000008000ff8                __aeabi_idiv0
                0x0000000008000ff8                __aeabi_ldiv0
 *(.text*)
 .text.execute  0x0000000008000ffc       0x34 Core/Src/commands.o
                0x0000000008000ffc                execute
 .text.noop     0x0000000008001030        0xe Core/Src/commands.o
                0x0000000008001030                noop
 *fill*         0x000000000800103e        0x2 
 .text.idnCMD   0x0000000008001040       0x30 Core/Src/commands.o
                0x0000000008001040                idnCMD
 .text.voltageCMD
                0x0000000008001070       0x7c Core/Src/commands.o
                0x0000000008001070                voltageCMD
 .text.initFSM  0x00000000080010ec       0x34 Core/Src/fsm.o
                0x00000000080010ec                initFSM
 .text.packetCtrlIDLE
                0x0000000008001120       0x54 Core/Src/fsmPacketCtrl.o
                0x0000000008001120                packetCtrlIDLE
 .text.packetCtrlSelect
                0x0000000008001174       0x28 Core/Src/fsmPacketCtrl.o
                0x0000000008001174                packetCtrlSelect
 .text.packetCtrlWaitProcessed
                0x000000000800119c       0x44 Core/Src/fsmPacketCtrl.o
                0x000000000800119c                packetCtrlWaitProcessed
 .text.packetCtrlNext
                0x00000000080011e0       0x64 Core/Src/fsmPacketCtrl.o
                0x00000000080011e0                packetCtrlNext
 .text.parseIDLE
                0x0000000008001244       0x5c Core/Src/fsmParse.o
                0x0000000008001244                parseIDLE
 .text.parseNode
                0x00000000080012a0       0x88 Core/Src/fsmParse.o
                0x00000000080012a0                parseNode
 .text.parseAddr
                0x0000000008001328       0x6c Core/Src/fsmParse.o
                0x0000000008001328                parseAddr
 .text.parseSection
                0x0000000008001394       0xd8 Core/Src/fsmParse.o
                0x0000000008001394                parseSection
 .text.parseCmdIDN
                0x000000000800146c       0x40 Core/Src/fsmParse.o
                0x000000000800146c                parseCmdIDN
 .text.parseCmdBIAS
                0x00000000080014ac       0x98 Core/Src/fsmParse.o
                0x00000000080014ac                parseCmdBIAS
 .text.parseErrNode
                0x0000000008001544       0x40 Core/Src/fsmParse.o
                0x0000000008001544                parseErrNode
 .text.parseCmdKAT
                0x0000000008001584       0x14 Core/Src/fsmParse.o
                0x0000000008001584                parseCmdKAT
 .text.parseCmdMON
                0x0000000008001598       0x14 Core/Src/fsmParse.o
                0x0000000008001598                parseCmdMON
 .text.parseSendToAddr
                0x00000000080015ac       0x40 Core/Src/fsmParse.o
                0x00000000080015ac                parseSendToAddr
 .text.parseErrSection
                0x00000000080015ec       0x14 Core/Src/fsmParse.o
                0x00000000080015ec                parseErrSection
 .text.main     0x0000000008001600       0xcc Core/Src/main.o
                0x0000000008001600                main
 .text.SystemClock_Config
                0x00000000080016cc       0xd8 Core/Src/main.o
                0x00000000080016cc                SystemClock_Config
 .text.MX_USART1_UART_Init
                0x00000000080017a4       0x54 Core/Src/main.o
 .text.MX_USART2_UART_Init
                0x00000000080017f8       0x54 Core/Src/main.o
 .text.MX_GPIO_Init
                0x000000000800184c       0xe0 Core/Src/main.o
 .text.Error_Handler
                0x000000000800192c        0xa Core/Src/main.o
                0x000000000800192c                Error_Handler
 *fill*         0x0000000008001936        0x2 
 .text.HAL_MspInit
                0x0000000008001938       0x50 Core/Src/stm32f4xx_hal_msp.o
                0x0000000008001938                HAL_MspInit
 .text.HAL_UART_MspInit
                0x0000000008001988      0x118 Core/Src/stm32f4xx_hal_msp.o
                0x0000000008001988                HAL_UART_MspInit
 .text.NMI_Handler
                0x0000000008001aa0        0x6 Core/Src/stm32f4xx_it.o
                0x0000000008001aa0                NMI_Handler
 .text.HardFault_Handler
                0x0000000008001aa6        0x6 Core/Src/stm32f4xx_it.o
                0x0000000008001aa6                HardFault_Handler
 .text.MemManage_Handler
                0x0000000008001aac        0x6 Core/Src/stm32f4xx_it.o
                0x0000000008001aac                MemManage_Handler
 .text.BusFault_Handler
                0x0000000008001ab2        0x6 Core/Src/stm32f4xx_it.o
                0x0000000008001ab2                BusFault_Handler
 .text.UsageFault_Handler
                0x0000000008001ab8        0x6 Core/Src/stm32f4xx_it.o
                0x0000000008001ab8                UsageFault_Handler
 .text.SVC_Handler
                0x0000000008001abe        0xe Core/Src/stm32f4xx_it.o
                0x0000000008001abe                SVC_Handler
 .text.DebugMon_Handler
                0x0000000008001acc        0xe Core/Src/stm32f4xx_it.o
                0x0000000008001acc                DebugMon_Handler
 .text.PendSV_Handler
                0x0000000008001ada        0xe Core/Src/stm32f4xx_it.o
                0x0000000008001ada                PendSV_Handler
 .text.SysTick_Handler
                0x0000000008001ae8        0xc Core/Src/stm32f4xx_it.o
                0x0000000008001ae8                SysTick_Handler
 .text.USART1_IRQHandler
                0x0000000008001af4       0x14 Core/Src/stm32f4xx_it.o
                0x0000000008001af4                USART1_IRQHandler
 .text.USART2_IRQHandler
                0x0000000008001b08       0xe4 Core/Src/stm32f4xx_it.o
                0x0000000008001b08                USART2_IRQHandler
 .text._getpid  0x0000000008001bec       0x10 Core/Src/syscalls.o
                0x0000000008001bec                _getpid
 .text._kill    0x0000000008001bfc       0x20 Core/Src/syscalls.o
                0x0000000008001bfc                _kill
 .text._exit    0x0000000008001c1c       0x14 Core/Src/syscalls.o
                0x0000000008001c1c                _exit
 .text._read    0x0000000008001c30       0x3a Core/Src/syscalls.o
                0x0000000008001c30                _read
 .text._write   0x0000000008001c6a       0x38 Core/Src/syscalls.o
                0x0000000008001c6a                _write
 .text._close   0x0000000008001ca2       0x18 Core/Src/syscalls.o
                0x0000000008001ca2                _close
 .text._fstat   0x0000000008001cba       0x20 Core/Src/syscalls.o
                0x0000000008001cba                _fstat
 .text._isatty  0x0000000008001cda       0x16 Core/Src/syscalls.o
                0x0000000008001cda                _isatty
 .text._lseek   0x0000000008001cf0       0x1a Core/Src/syscalls.o
                0x0000000008001cf0                _lseek
 *fill*         0x0000000008001d0a        0x2 
 .text._sbrk    0x0000000008001d0c       0x6c Core/Src/sysmem.o
                0x0000000008001d0c                _sbrk
 .text.SystemInit
                0x0000000008001d78       0x24 Core/Src/system_stm32f4xx.o
                0x0000000008001d78                SystemInit
 .text.Reset_Handler
                0x0000000008001d9c       0x50 Core/Startup/startup_stm32f401retx.o
                0x0000000008001d9c                Reset_Handler
 .text.Default_Handler
                0x0000000008001dec        0x2 Core/Startup/startup_stm32f401retx.o
                0x0000000008001dec                RTC_Alarm_IRQHandler
                0x0000000008001dec                EXTI2_IRQHandler
                0x0000000008001dec                SPI4_IRQHandler
                0x0000000008001dec                TIM1_CC_IRQHandler
                0x0000000008001dec                DMA2_Stream5_IRQHandler
                0x0000000008001dec                DMA1_Stream5_IRQHandler
                0x0000000008001dec                PVD_IRQHandler
                0x0000000008001dec                SDIO_IRQHandler
                0x0000000008001dec                TAMP_STAMP_IRQHandler
                0x0000000008001dec                EXTI3_IRQHandler
                0x0000000008001dec                TIM1_UP_TIM10_IRQHandler
                0x0000000008001dec                I2C3_ER_IRQHandler
                0x0000000008001dec                EXTI0_IRQHandler
                0x0000000008001dec                I2C2_EV_IRQHandler
                0x0000000008001dec                DMA1_Stream2_IRQHandler
                0x0000000008001dec                FPU_IRQHandler
                0x0000000008001dec                DMA2_Stream2_IRQHandler
                0x0000000008001dec                SPI1_IRQHandler
                0x0000000008001dec                TIM1_BRK_TIM9_IRQHandler
                0x0000000008001dec                DMA2_Stream3_IRQHandler
                0x0000000008001dec                USART6_IRQHandler
                0x0000000008001dec                DMA2_Stream0_IRQHandler
                0x0000000008001dec                TIM4_IRQHandler
                0x0000000008001dec                I2C1_EV_IRQHandler
                0x0000000008001dec                DMA1_Stream6_IRQHandler
                0x0000000008001dec                DMA1_Stream1_IRQHandler
                0x0000000008001dec                TIM3_IRQHandler
                0x0000000008001dec                RCC_IRQHandler
                0x0000000008001dec                Default_Handler
                0x0000000008001dec                EXTI15_10_IRQHandler
                0x0000000008001dec                ADC_IRQHandler
                0x0000000008001dec                DMA1_Stream7_IRQHandler
                0x0000000008001dec                TIM5_IRQHandler
                0x0000000008001dec                DMA2_Stream7_IRQHandler
                0x0000000008001dec                I2C3_EV_IRQHandler
                0x0000000008001dec                EXTI9_5_IRQHandler
                0x0000000008001dec                RTC_WKUP_IRQHandler
                0x0000000008001dec                SPI2_IRQHandler
                0x0000000008001dec                DMA1_Stream0_IRQHandler
                0x0000000008001dec                EXTI4_IRQHandler
                0x0000000008001dec                WWDG_IRQHandler
                0x0000000008001dec                TIM2_IRQHandler
                0x0000000008001dec                OTG_FS_WKUP_IRQHandler
                0x0000000008001dec                TIM1_TRG_COM_TIM11_IRQHandler
                0x0000000008001dec                EXTI1_IRQHandler
                0x0000000008001dec                I2C2_ER_IRQHandler
                0x0000000008001dec                DMA2_Stream1_IRQHandler
                0x0000000008001dec                FLASH_IRQHandler
                0x0000000008001dec                DMA2_Stream4_IRQHandler
                0x0000000008001dec                OTG_FS_IRQHandler
                0x0000000008001dec                SPI3_IRQHandler
                0x0000000008001dec                DMA1_Stream4_IRQHandler
                0x0000000008001dec                I2C1_ER_IRQHandler
                0x0000000008001dec                DMA2_Stream6_IRQHandler
                0x0000000008001dec                DMA1_Stream3_IRQHandler
 *fill*         0x0000000008001dee        0x2 
 .text.HAL_Init
                0x0000000008001df0       0x44 Drivers/STM32F4xx_HAL_Driver/Src/stm32f4xx_hal.o
                0x0000000008001df0                HAL_Init
 .text.HAL_InitTick
                0x0000000008001e34       0x60 Drivers/STM32F4xx_HAL_Driver/Src/stm32f4xx_hal.o
                0x0000000008001e34                HAL_InitTick
 .text.HAL_IncTick
                0x0000000008001e94       0x28 Drivers/STM32F4xx_HAL_Driver/Src/stm32f4xx_hal.o
                0x0000000008001e94                HAL_IncTick
 .text.HAL_GetTick
                0x0000000008001ebc       0x18 Drivers/STM32F4xx_HAL_Driver/Src/stm32f4xx_hal.o
                0x0000000008001ebc                HAL_GetTick
 .text.__NVIC_SetPriorityGrouping
                0x0000000008001ed4       0x48 Drivers/STM32F4xx_HAL_Driver/Src/stm32f4xx_hal_cortex.o
 .text.__NVIC_GetPriorityGrouping
                0x0000000008001f1c       0x1c Drivers/STM32F4xx_HAL_Driver/Src/stm32f4xx_hal_cortex.o
 .text.__NVIC_EnableIRQ
                0x0000000008001f38       0x3c Drivers/STM32F4xx_HAL_Driver/Src/stm32f4xx_hal_cortex.o
 .text.__NVIC_SetPriority
                0x0000000008001f74       0x54 Drivers/STM32F4xx_HAL_Driver/Src/stm32f4xx_hal_cortex.o
 .text.NVIC_EncodePriority
                0x0000000008001fc8       0x66 Drivers/STM32F4xx_HAL_Driver/Src/stm32f4xx_hal_cortex.o
 *fill*         0x000000000800202e        0x2 
 .text.SysTick_Config
                0x0000000008002030       0x44 Drivers/STM32F4xx_HAL_Driver/Src/stm32f4xx_hal_cortex.o
 .text.HAL_NVIC_SetPriorityGrouping
                0x0000000008002074       0x16 Drivers/STM32F4xx_HAL_Driver/Src/stm32f4xx_hal_cortex.o
                0x0000000008002074                HAL_NVIC_SetPriorityGrouping
 .text.HAL_NVIC_SetPriority
                0x000000000800208a       0x38 Drivers/STM32F4xx_HAL_Driver/Src/stm32f4xx_hal_cortex.o
                0x000000000800208a                HAL_NVIC_SetPriority
 .text.HAL_NVIC_EnableIRQ
                0x00000000080020c2       0x1c Drivers/STM32F4xx_HAL_Driver/Src/stm32f4xx_hal_cortex.o
                0x00000000080020c2                HAL_NVIC_EnableIRQ
 .text.HAL_SYSTICK_Config
                0x00000000080020de       0x18 Drivers/STM32F4xx_HAL_Driver/Src/stm32f4xx_hal_cortex.o
                0x00000000080020de                HAL_SYSTICK_Config
 .text.HAL_DMA_Abort
                0x00000000080020f6       0xe0 Drivers/STM32F4xx_HAL_Driver/Src/stm32f4xx_hal_dma.o
                0x00000000080020f6                HAL_DMA_Abort
 .text.HAL_DMA_Abort_IT
                0x00000000080021d6       0x44 Drivers/STM32F4xx_HAL_Driver/Src/stm32f4xx_hal_dma.o
                0x00000000080021d6                HAL_DMA_Abort_IT
 *fill*         0x000000000800221a        0x2 
 .text.HAL_GPIO_Init
                0x000000000800221c      0x308 Drivers/STM32F4xx_HAL_Driver/Src/stm32f4xx_hal_gpio.o
                0x000000000800221c                HAL_GPIO_Init
 .text.HAL_GPIO_WritePin
                0x0000000008002524       0x32 Drivers/STM32F4xx_HAL_Driver/Src/stm32f4xx_hal_gpio.o
                0x0000000008002524                HAL_GPIO_WritePin
 *fill*         0x0000000008002556        0x2 
 .text.HAL_RCC_OscConfig
                0x0000000008002558      0x4f0 Drivers/STM32F4xx_HAL_Driver/Src/stm32f4xx_hal_rcc.o
                0x0000000008002558                HAL_RCC_OscConfig
 .text.HAL_RCC_ClockConfig
                0x0000000008002a48      0x1cc Drivers/STM32F4xx_HAL_Driver/Src/stm32f4xx_hal_rcc.o
                0x0000000008002a48                HAL_RCC_ClockConfig
 .text.HAL_RCC_GetSysClockFreq
                0x0000000008002c14      0x1c4 Drivers/STM32F4xx_HAL_Driver/Src/stm32f4xx_hal_rcc.o
                0x0000000008002c14                HAL_RCC_GetSysClockFreq
 .text.HAL_RCC_GetHCLKFreq
                0x0000000008002dd8       0x18 Drivers/STM32F4xx_HAL_Driver/Src/stm32f4xx_hal_rcc.o
                0x0000000008002dd8                HAL_RCC_GetHCLKFreq
 .text.HAL_RCC_GetPCLK1Freq
                0x0000000008002df0       0x28 Drivers/STM32F4xx_HAL_Driver/Src/stm32f4xx_hal_rcc.o
                0x0000000008002df0                HAL_RCC_GetPCLK1Freq
 .text.HAL_RCC_GetPCLK2Freq
                0x0000000008002e18       0x28 Drivers/STM32F4xx_HAL_Driver/Src/stm32f4xx_hal_rcc.o
                0x0000000008002e18                HAL_RCC_GetPCLK2Freq
 .text.HAL_UART_Init
                0x0000000008002e40       0x9a Drivers/STM32F4xx_HAL_Driver/Src/stm32f4xx_hal_uart.o
                0x0000000008002e40                HAL_UART_Init
 .text.HAL_UART_Transmit_IT
                0x0000000008002eda       0x8a Drivers/STM32F4xx_HAL_Driver/Src/stm32f4xx_hal_uart.o
                0x0000000008002eda                HAL_UART_Transmit_IT
 .text.HAL_UART_Receive_IT
                0x0000000008002f64       0x60 Drivers/STM32F4xx_HAL_Driver/Src/stm32f4xx_hal_uart.o
                0x0000000008002f64                HAL_UART_Receive_IT
 .text.HAL_UART_IRQHandler
                0x0000000008002fc4      0x358 Drivers/STM32F4xx_HAL_Driver/Src/stm32f4xx_hal_uart.o
                0x0000000008002fc4                HAL_UART_IRQHandler
 .text.HAL_UART_TxCpltCallback
                0x000000000800331c       0x14 Drivers/STM32F4xx_HAL_Driver/Src/stm32f4xx_hal_uart.o
                0x000000000800331c                HAL_UART_TxCpltCallback
 .text.HAL_UART_RxCpltCallback
                0x0000000008003330       0x14 Drivers/STM32F4xx_HAL_Driver/Src/stm32f4xx_hal_uart.o
                0x0000000008003330                HAL_UART_RxCpltCallback
 .text.HAL_UART_ErrorCallback
                0x0000000008003344       0x14 Drivers/STM32F4xx_HAL_Driver/Src/stm32f4xx_hal_uart.o
                0x0000000008003344                HAL_UART_ErrorCallback
 .text.HAL_UARTEx_RxEventCallback
                0x0000000008003358       0x18 Drivers/STM32F4xx_HAL_Driver/Src/stm32f4xx_hal_uart.o
                0x0000000008003358                HAL_UARTEx_RxEventCallback
 .text.UART_Start_Receive_IT
                0x0000000008003370       0x74 Drivers/STM32F4xx_HAL_Driver/Src/stm32f4xx_hal_uart.o
                0x0000000008003370                UART_Start_Receive_IT
 .text.UART_EndRxTransfer
                0x00000000080033e4       0x5a Drivers/STM32F4xx_HAL_Driver/Src/stm32f4xx_hal_uart.o
 .text.UART_DMAAbortOnError
                0x000000000800343e       0x28 Drivers/STM32F4xx_HAL_Driver/Src/stm32f4xx_hal_uart.o
 .text.UART_Transmit_IT
                0x0000000008003466       0xa0 Drivers/STM32F4xx_HAL_Driver/Src/stm32f4xx_hal_uart.o
 .text.UART_EndTransmit_IT
                0x0000000008003506       0x30 Drivers/STM32F4xx_HAL_Driver/Src/stm32f4xx_hal_uart.o
 .text.UART_Receive_IT
                0x0000000008003536      0x12e Drivers/STM32F4xx_HAL_Driver/Src/stm32f4xx_hal_uart.o
 .text.UART_SetConfig
                0x0000000008003664      0x390 Drivers/STM32F4xx_HAL_Driver/Src/stm32f4xx_hal_uart.o
 .text.__errno  0x00000000080039f4        0xc c:/users/mames/.eclipse/com.st.stm32cube.ide.mcu.rcp.product_1.5.1_931663386_win32_win32_x86_64/plugins/com.st.stm32cube.ide.mcu.externaltools.gnu-tools-for-stm32.9-2020-q2-update.win32_1.5.0.202011040924/tools/bin/../lib/gcc/arm-none-eabi/9.3.1/../../../../arm-none-eabi/lib/thumb/v7e-m+fp/hard\libc_nano.a(lib_a-errno.o)
                0x00000000080039f4                __errno
 .text.__libc_init_array
                0x0000000008003a00       0x48 c:/users/mames/.eclipse/com.st.stm32cube.ide.mcu.rcp.product_1.5.1_931663386_win32_win32_x86_64/plugins/com.st.stm32cube.ide.mcu.externaltools.gnu-tools-for-stm32.9-2020-q2-update.win32_1.5.0.202011040924/tools/bin/../lib/gcc/arm-none-eabi/9.3.1/../../../../arm-none-eabi/lib/thumb/v7e-m+fp/hard\libc_nano.a(lib_a-init.o)
                0x0000000008003a00                __libc_init_array
 .text.memset   0x0000000008003a48       0x10 c:/users/mames/.eclipse/com.st.stm32cube.ide.mcu.rcp.product_1.5.1_931663386_win32_win32_x86_64/plugins/com.st.stm32cube.ide.mcu.externaltools.gnu-tools-for-stm32.9-2020-q2-update.win32_1.5.0.202011040924/tools/bin/../lib/gcc/arm-none-eabi/9.3.1/../../../../arm-none-eabi/lib/thumb/v7e-m+fp/hard\libc_nano.a(lib_a-memset.o)
                0x0000000008003a48                memset
 .text.__cvt    0x0000000008003a58       0xc4 c:/users/mames/.eclipse/com.st.stm32cube.ide.mcu.rcp.product_1.5.1_931663386_win32_win32_x86_64/plugins/com.st.stm32cube.ide.mcu.externaltools.gnu-tools-for-stm32.9-2020-q2-update.win32_1.5.0.202011040924/tools/bin/../lib/gcc/arm-none-eabi/9.3.1/../../../../arm-none-eabi/lib/thumb/v7e-m+fp/hard\libc_nano.a(lib_a-nano-vfprintf_float.o)
                0x0000000008003a58                __cvt
 .text.__exponent
                0x0000000008003b1c       0x7c c:/users/mames/.eclipse/com.st.stm32cube.ide.mcu.rcp.product_1.5.1_931663386_win32_win32_x86_64/plugins/com.st.stm32cube.ide.mcu.externaltools.gnu-tools-for-stm32.9-2020-q2-update.win32_1.5.0.202011040924/tools/bin/../lib/gcc/arm-none-eabi/9.3.1/../../../../arm-none-eabi/lib/thumb/v7e-m+fp/hard\libc_nano.a(lib_a-nano-vfprintf_float.o)
                0x0000000008003b1c                __exponent
 .text._printf_float
                0x0000000008003b98      0x46c c:/users/mames/.eclipse/com.st.stm32cube.ide.mcu.rcp.product_1.5.1_931663386_win32_win32_x86_64/plugins/com.st.stm32cube.ide.mcu.externaltools.gnu-tools-for-stm32.9-2020-q2-update.win32_1.5.0.202011040924/tools/bin/../lib/gcc/arm-none-eabi/9.3.1/../../../../arm-none-eabi/lib/thumb/v7e-m+fp/hard\libc_nano.a(lib_a-nano-vfprintf_float.o)
                0x0000000008003b98                _printf_float
 .text._printf_common
                0x0000000008004004       0xda c:/users/mames/.eclipse/com.st.stm32cube.ide.mcu.rcp.product_1.5.1_931663386_win32_win32_x86_64/plugins/com.st.stm32cube.ide.mcu.externaltools.gnu-tools-for-stm32.9-2020-q2-update.win32_1.5.0.202011040924/tools/bin/../lib/gcc/arm-none-eabi/9.3.1/../../../../arm-none-eabi/lib/thumb/v7e-m+fp/hard\libc_nano.a(lib_a-nano-vfprintf_i.o)
                0x0000000008004004                _printf_common
 *fill*         0x00000000080040de        0x2 
 .text._printf_i
                0x00000000080040e0      0x24c c:/users/mames/.eclipse/com.st.stm32cube.ide.mcu.rcp.product_1.5.1_931663386_win32_win32_x86_64/plugins/com.st.stm32cube.ide.mcu.externaltools.gnu-tools-for-stm32.9-2020-q2-update.win32_1.5.0.202011040924/tools/bin/../lib/gcc/arm-none-eabi/9.3.1/../../../../arm-none-eabi/lib/thumb/v7e-m+fp/hard\libc_nano.a(lib_a-nano-vfprintf_i.o)
                0x00000000080040e0                _printf_i
 .text.snprintf
                0x000000000800432c       0x68 c:/users/mames/.eclipse/com.st.stm32cube.ide.mcu.rcp.product_1.5.1_931663386_win32_win32_x86_64/plugins/com.st.stm32cube.ide.mcu.externaltools.gnu-tools-for-stm32.9-2020-q2-update.win32_1.5.0.202011040924/tools/bin/../lib/gcc/arm-none-eabi/9.3.1/../../../../arm-none-eabi/lib/thumb/v7e-m+fp/hard\libc_nano.a(lib_a-snprintf.o)
                0x000000000800432c                sniprintf
                0x000000000800432c                snprintf
 .text.strchr   0x0000000008004394       0x1a c:/users/mames/.eclipse/com.st.stm32cube.ide.mcu.rcp.product_1.5.1_931663386_win32_win32_x86_64/plugins/com.st.stm32cube.ide.mcu.externaltools.gnu-tools-for-stm32.9-2020-q2-update.win32_1.5.0.202011040924/tools/bin/../lib/gcc/arm-none-eabi/9.3.1/../../../../arm-none-eabi/lib/thumb/v7e-m+fp/hard\libc_nano.a(lib_a-strchr.o)
                0x0000000008004394                strchr
 .text.strncmp  0x00000000080043ae       0x24 c:/users/mames/.eclipse/com.st.stm32cube.ide.mcu.rcp.product_1.5.1_931663386_win32_win32_x86_64/plugins/com.st.stm32cube.ide.mcu.externaltools.gnu-tools-for-stm32.9-2020-q2-update.win32_1.5.0.202011040924/tools/bin/../lib/gcc/arm-none-eabi/9.3.1/../../../../arm-none-eabi/lib/thumb/v7e-m+fp/hard\libc_nano.a(lib_a-strncmp.o)
                0x00000000080043ae                strncmp
 .text.strncpy  0x00000000080043d2       0x26 c:/users/mames/.eclipse/com.st.stm32cube.ide.mcu.rcp.product_1.5.1_931663386_win32_win32_x86_64/plugins/com.st.stm32cube.ide.mcu.externaltools.gnu-tools-for-stm32.9-2020-q2-update.win32_1.5.0.202011040924/tools/bin/../lib/gcc/arm-none-eabi/9.3.1/../../../../arm-none-eabi/lib/thumb/v7e-m+fp/hard\libc_nano.a(lib_a-strncpy.o)
                0x00000000080043d2                strncpy
 .text.strpbrk  0x00000000080043f8       0x34 c:/users/mames/.eclipse/com.st.stm32cube.ide.mcu.rcp.product_1.5.1_931663386_win32_win32_x86_64/plugins/com.st.stm32cube.ide.mcu.externaltools.gnu-tools-for-stm32.9-2020-q2-update.win32_1.5.0.202011040924/tools/bin/../lib/gcc/arm-none-eabi/9.3.1/../../../../arm-none-eabi/lib/thumb/v7e-m+fp/hard\libc_nano.a(lib_a-strpbrk.o)
                0x00000000080043f8                strpbrk
 .text.sulp     0x000000000800442c       0x38 c:/users/mames/.eclipse/com.st.stm32cube.ide.mcu.rcp.product_1.5.1_931663386_win32_win32_x86_64/plugins/com.st.stm32cube.ide.mcu.externaltools.gnu-tools-for-stm32.9-2020-q2-update.win32_1.5.0.202011040924/tools/bin/../lib/gcc/arm-none-eabi/9.3.1/../../../../arm-none-eabi/lib/thumb/v7e-m+fp/hard\libc_nano.a(lib_a-strtod.o)
 *fill*         0x0000000008004464        0x4 
 .text._strtod_l
                0x0000000008004468      0xc14 c:/users/mames/.eclipse/com.st.stm32cube.ide.mcu.rcp.product_1.5.1_931663386_win32_win32_x86_64/plugins/com.st.stm32cube.ide.mcu.externaltools.gnu-tools-for-stm32.9-2020-q2-update.win32_1.5.0.202011040924/tools/bin/../lib/gcc/arm-none-eabi/9.3.1/../../../../arm-none-eabi/lib/thumb/v7e-m+fp/hard\libc_nano.a(lib_a-strtod.o)
                0x0000000008004468                _strtod_l
 .text.strtof   0x000000000800507c       0xb4 c:/users/mames/.eclipse/com.st.stm32cube.ide.mcu.rcp.product_1.5.1_931663386_win32_win32_x86_64/plugins/com.st.stm32cube.ide.mcu.externaltools.gnu-tools-for-stm32.9-2020-q2-update.win32_1.5.0.202011040924/tools/bin/../lib/gcc/arm-none-eabi/9.3.1/../../../../arm-none-eabi/lib/thumb/v7e-m+fp/hard\libc_nano.a(lib_a-strtod.o)
                0x000000000800507c                strtof
 .text.quorem   0x0000000008005130      0x116 c:/users/mames/.eclipse/com.st.stm32cube.ide.mcu.rcp.product_1.5.1_931663386_win32_win32_x86_64/plugins/com.st.stm32cube.ide.mcu.externaltools.gnu-tools-for-stm32.9-2020-q2-update.win32_1.5.0.202011040924/tools/bin/../lib/gcc/arm-none-eabi/9.3.1/../../../../arm-none-eabi/lib/thumb/v7e-m+fp/hard\libc_nano.a(lib_a-dtoa.o)
 *fill*         0x0000000008005246        0x2 
 .text._dtoa_r  0x0000000008005248      0xbd8 c:/users/mames/.eclipse/com.st.stm32cube.ide.mcu.rcp.product_1.5.1_931663386_win32_win32_x86_64/plugins/com.st.stm32cube.ide.mcu.externaltools.gnu-tools-for-stm32.9-2020-q2-update.win32_1.5.0.202011040924/tools/bin/../lib/gcc/arm-none-eabi/9.3.1/../../../../arm-none-eabi/lib/thumb/v7e-m+fp/hard\libc_nano.a(lib_a-dtoa.o)
                0x0000000008005248                _dtoa_r
 .text.rshift   0x0000000008005e20       0xa4 c:/users/mames/.eclipse/com.st.stm32cube.ide.mcu.rcp.product_1.5.1_931663386_win32_win32_x86_64/plugins/com.st.stm32cube.ide.mcu.externaltools.gnu-tools-for-stm32.9-2020-q2-update.win32_1.5.0.202011040924/tools/bin/../lib/gcc/arm-none-eabi/9.3.1/../../../../arm-none-eabi/lib/thumb/v7e-m+fp/hard\libc_nano.a(lib_a-gdtoa-gethex.o)
 .text.__hexdig_fun
                0x0000000008005ec4       0x2a c:/users/mames/.eclipse/com.st.stm32cube.ide.mcu.rcp.product_1.5.1_931663386_win32_win32_x86_64/plugins/com.st.stm32cube.ide.mcu.externaltools.gnu-tools-for-stm32.9-2020-q2-update.win32_1.5.0.202011040924/tools/bin/../lib/gcc/arm-none-eabi/9.3.1/../../../../arm-none-eabi/lib/thumb/v7e-m+fp/hard\libc_nano.a(lib_a-gdtoa-gethex.o)
                0x0000000008005ec4                __hexdig_fun
 *fill*         0x0000000008005eee        0x2 
 .text.__gethex
                0x0000000008005ef0      0x48c c:/users/mames/.eclipse/com.st.stm32cube.ide.mcu.rcp.product_1.5.1_931663386_win32_win32_x86_64/plugins/com.st.stm32cube.ide.mcu.externaltools.gnu-tools-for-stm32.9-2020-q2-update.win32_1.5.0.202011040924/tools/bin/../lib/gcc/arm-none-eabi/9.3.1/../../../../arm-none-eabi/lib/thumb/v7e-m+fp/hard\libc_nano.a(lib_a-gdtoa-gethex.o)
                0x0000000008005ef0                __gethex
 .text.L_shift  0x000000000800637c       0x24 c:/users/mames/.eclipse/com.st.stm32cube.ide.mcu.rcp.product_1.5.1_931663386_win32_win32_x86_64/plugins/com.st.stm32cube.ide.mcu.externaltools.gnu-tools-for-stm32.9-2020-q2-update.win32_1.5.0.202011040924/tools/bin/../lib/gcc/arm-none-eabi/9.3.1/../../../../arm-none-eabi/lib/thumb/v7e-m+fp/hard\libc_nano.a(lib_a-gdtoa-hexnan.o)
 .text.__match  0x00000000080063a0       0x28 c:/users/mames/.eclipse/com.st.stm32cube.ide.mcu.rcp.product_1.5.1_931663386_win32_win32_x86_64/plugins/com.st.stm32cube.ide.mcu.externaltools.gnu-tools-for-stm32.9-2020-q2-update.win32_1.5.0.202011040924/tools/bin/../lib/gcc/arm-none-eabi/9.3.1/../../../../arm-none-eabi/lib/thumb/v7e-m+fp/hard\libc_nano.a(lib_a-gdtoa-hexnan.o)
                0x00000000080063a0                __match
 .text.__hexnan
                0x00000000080063c8      0x138 c:/users/mames/.eclipse/com.st.stm32cube.ide.mcu.rcp.product_1.5.1_931663386_win32_win32_x86_64/plugins/com.st.stm32cube.ide.mcu.externaltools.gnu-tools-for-stm32.9-2020-q2-update.win32_1.5.0.202011040924/tools/bin/../lib/gcc/arm-none-eabi/9.3.1/../../../../arm-none-eabi/lib/thumb/v7e-m+fp/hard\libc_nano.a(lib_a-gdtoa-hexnan.o)
                0x00000000080063c8                __hexnan
 .text._localeconv_r
                0x0000000008006500        0x8 c:/users/mames/.eclipse/com.st.stm32cube.ide.mcu.rcp.product_1.5.1_931663386_win32_win32_x86_64/plugins/com.st.stm32cube.ide.mcu.externaltools.gnu-tools-for-stm32.9-2020-q2-update.win32_1.5.0.202011040924/tools/bin/../lib/gcc/arm-none-eabi/9.3.1/../../../../arm-none-eabi/lib/thumb/v7e-m+fp/hard\libc_nano.a(lib_a-localeconv.o)
                0x0000000008006500                _localeconv_r
 .text.malloc   0x0000000008006508       0x10 c:/users/mames/.eclipse/com.st.stm32cube.ide.mcu.rcp.product_1.5.1_931663386_win32_win32_x86_64/plugins/com.st.stm32cube.ide.mcu.externaltools.gnu-tools-for-stm32.9-2020-q2-update.win32_1.5.0.202011040924/tools/bin/../lib/gcc/arm-none-eabi/9.3.1/../../../../arm-none-eabi/lib/thumb/v7e-m+fp/hard\libc_nano.a(lib_a-malloc.o)
                0x0000000008006508                malloc
 .text.__ascii_mbtowc
                0x0000000008006518       0x24 c:/users/mames/.eclipse/com.st.stm32cube.ide.mcu.rcp.product_1.5.1_931663386_win32_win32_x86_64/plugins/com.st.stm32cube.ide.mcu.externaltools.gnu-tools-for-stm32.9-2020-q2-update.win32_1.5.0.202011040924/tools/bin/../lib/gcc/arm-none-eabi/9.3.1/../../../../arm-none-eabi/lib/thumb/v7e-m+fp/hard\libc_nano.a(lib_a-mbtowc_r.o)
                0x0000000008006518                __ascii_mbtowc
 .text.memcpy   0x000000000800653c       0x1c c:/users/mames/.eclipse/com.st.stm32cube.ide.mcu.rcp.product_1.5.1_931663386_win32_win32_x86_64/plugins/com.st.stm32cube.ide.mcu.externaltools.gnu-tools-for-stm32.9-2020-q2-update.win32_1.5.0.202011040924/tools/bin/../lib/gcc/arm-none-eabi/9.3.1/../../../../arm-none-eabi/lib/thumb/v7e-m+fp/hard\libc_nano.a(lib_a-memcpy-stub.o)
                0x000000000800653c                memcpy
 .text._Balloc  0x0000000008006558       0x80 c:/users/mames/.eclipse/com.st.stm32cube.ide.mcu.rcp.product_1.5.1_931663386_win32_win32_x86_64/plugins/com.st.stm32cube.ide.mcu.externaltools.gnu-tools-for-stm32.9-2020-q2-update.win32_1.5.0.202011040924/tools/bin/../lib/gcc/arm-none-eabi/9.3.1/../../../../arm-none-eabi/lib/thumb/v7e-m+fp/hard\libc_nano.a(lib_a-mprec.o)
                0x0000000008006558                _Balloc
 .text._Bfree   0x00000000080065d8       0x44 c:/users/mames/.eclipse/com.st.stm32cube.ide.mcu.rcp.product_1.5.1_931663386_win32_win32_x86_64/plugins/com.st.stm32cube.ide.mcu.externaltools.gnu-tools-for-stm32.9-2020-q2-update.win32_1.5.0.202011040924/tools/bin/../lib/gcc/arm-none-eabi/9.3.1/../../../../arm-none-eabi/lib/thumb/v7e-m+fp/hard\libc_nano.a(lib_a-mprec.o)
                0x00000000080065d8                _Bfree
 .text.__multadd
                0x000000000800661c       0x94 c:/users/mames/.eclipse/com.st.stm32cube.ide.mcu.rcp.product_1.5.1_931663386_win32_win32_x86_64/plugins/com.st.stm32cube.ide.mcu.externaltools.gnu-tools-for-stm32.9-2020-q2-update.win32_1.5.0.202011040924/tools/bin/../lib/gcc/arm-none-eabi/9.3.1/../../../../arm-none-eabi/lib/thumb/v7e-m+fp/hard\libc_nano.a(lib_a-mprec.o)
                0x000000000800661c                __multadd
 .text.__s2b    0x00000000080066b0       0x94 c:/users/mames/.eclipse/com.st.stm32cube.ide.mcu.rcp.product_1.5.1_931663386_win32_win32_x86_64/plugins/com.st.stm32cube.ide.mcu.externaltools.gnu-tools-for-stm32.9-2020-q2-update.win32_1.5.0.202011040924/tools/bin/../lib/gcc/arm-none-eabi/9.3.1/../../../../arm-none-eabi/lib/thumb/v7e-m+fp/hard\libc_nano.a(lib_a-mprec.o)
                0x00000000080066b0                __s2b
 .text.__hi0bits
                0x0000000008006744       0x40 c:/users/mames/.eclipse/com.st.stm32cube.ide.mcu.rcp.product_1.5.1_931663386_win32_win32_x86_64/plugins/com.st.stm32cube.ide.mcu.externaltools.gnu-tools-for-stm32.9-2020-q2-update.win32_1.5.0.202011040924/tools/bin/../lib/gcc/arm-none-eabi/9.3.1/../../../../arm-none-eabi/lib/thumb/v7e-m+fp/hard\libc_nano.a(lib_a-mprec.o)
                0x0000000008006744                __hi0bits
 .text.__lo0bits
                0x0000000008006784       0x60 c:/users/mames/.eclipse/com.st.stm32cube.ide.mcu.rcp.product_1.5.1_931663386_win32_win32_x86_64/plugins/com.st.stm32cube.ide.mcu.externaltools.gnu-tools-for-stm32.9-2020-q2-update.win32_1.5.0.202011040924/tools/bin/../lib/gcc/arm-none-eabi/9.3.1/../../../../arm-none-eabi/lib/thumb/v7e-m+fp/hard\libc_nano.a(lib_a-mprec.o)
                0x0000000008006784                __lo0bits
 .text.__i2b    0x00000000080067e4       0x2c c:/users/mames/.eclipse/com.st.stm32cube.ide.mcu.rcp.product_1.5.1_931663386_win32_win32_x86_64/plugins/com.st.stm32cube.ide.mcu.externaltools.gnu-tools-for-stm32.9-2020-q2-update.win32_1.5.0.202011040924/tools/bin/../lib/gcc/arm-none-eabi/9.3.1/../../../../arm-none-eabi/lib/thumb/v7e-m+fp/hard\libc_nano.a(lib_a-mprec.o)
                0x00000000080067e4                __i2b
 .text.__multiply
                0x0000000008006810      0x14c c:/users/mames/.eclipse/com.st.stm32cube.ide.mcu.rcp.product_1.5.1_931663386_win32_win32_x86_64/plugins/com.st.stm32cube.ide.mcu.externaltools.gnu-tools-for-stm32.9-2020-q2-update.win32_1.5.0.202011040924/tools/bin/../lib/gcc/arm-none-eabi/9.3.1/../../../../arm-none-eabi/lib/thumb/v7e-m+fp/hard\libc_nano.a(lib_a-mprec.o)
                0x0000000008006810                __multiply
 .text.__pow5mult
                0x000000000800695c       0xb4 c:/users/mames/.eclipse/com.st.stm32cube.ide.mcu.rcp.product_1.5.1_931663386_win32_win32_x86_64/plugins/com.st.stm32cube.ide.mcu.externaltools.gnu-tools-for-stm32.9-2020-q2-update.win32_1.5.0.202011040924/tools/bin/../lib/gcc/arm-none-eabi/9.3.1/../../../../arm-none-eabi/lib/thumb/v7e-m+fp/hard\libc_nano.a(lib_a-mprec.o)
                0x000000000800695c                __pow5mult
 .text.__lshift
                0x0000000008006a10       0xd8 c:/users/mames/.eclipse/com.st.stm32cube.ide.mcu.rcp.product_1.5.1_931663386_win32_win32_x86_64/plugins/com.st.stm32cube.ide.mcu.externaltools.gnu-tools-for-stm32.9-2020-q2-update.win32_1.5.0.202011040924/tools/bin/../lib/gcc/arm-none-eabi/9.3.1/../../../../arm-none-eabi/lib/thumb/v7e-m+fp/hard\libc_nano.a(lib_a-mprec.o)
                0x0000000008006a10                __lshift
 .text.__mcmp   0x0000000008006ae8       0x38 c:/users/mames/.eclipse/com.st.stm32cube.ide.mcu.rcp.product_1.5.1_931663386_win32_win32_x86_64/plugins/com.st.stm32cube.ide.mcu.externaltools.gnu-tools-for-stm32.9-2020-q2-update.win32_1.5.0.202011040924/tools/bin/../lib/gcc/arm-none-eabi/9.3.1/../../../../arm-none-eabi/lib/thumb/v7e-m+fp/hard\libc_nano.a(lib_a-mprec.o)
                0x0000000008006ae8                __mcmp
 .text.__mdiff  0x0000000008006b20      0x110 c:/users/mames/.eclipse/com.st.stm32cube.ide.mcu.rcp.product_1.5.1_931663386_win32_win32_x86_64/plugins/com.st.stm32cube.ide.mcu.externaltools.gnu-tools-for-stm32.9-2020-q2-update.win32_1.5.0.202011040924/tools/bin/../lib/gcc/arm-none-eabi/9.3.1/../../../../arm-none-eabi/lib/thumb/v7e-m+fp/hard\libc_nano.a(lib_a-mprec.o)
                0x0000000008006b20                __mdiff
 .text.__ulp    0x0000000008006c30       0x58 c:/users/mames/.eclipse/com.st.stm32cube.ide.mcu.rcp.product_1.5.1_931663386_win32_win32_x86_64/plugins/com.st.stm32cube.ide.mcu.externaltools.gnu-tools-for-stm32.9-2020-q2-update.win32_1.5.0.202011040924/tools/bin/../lib/gcc/arm-none-eabi/9.3.1/../../../../arm-none-eabi/lib/thumb/v7e-m+fp/hard\libc_nano.a(lib_a-mprec.o)
                0x0000000008006c30                __ulp
 .text.__b2d    0x0000000008006c88       0xa0 c:/users/mames/.eclipse/com.st.stm32cube.ide.mcu.rcp.product_1.5.1_931663386_win32_win32_x86_64/plugins/com.st.stm32cube.ide.mcu.externaltools.gnu-tools-for-stm32.9-2020-q2-update.win32_1.5.0.202011040924/tools/bin/../lib/gcc/arm-none-eabi/9.3.1/../../../../arm-none-eabi/lib/thumb/v7e-m+fp/hard\libc_nano.a(lib_a-mprec.o)
                0x0000000008006c88                __b2d
 .text.__d2b    0x0000000008006d28       0xb8 c:/users/mames/.eclipse/com.st.stm32cube.ide.mcu.rcp.product_1.5.1_931663386_win32_win32_x86_64/plugins/com.st.stm32cube.ide.mcu.externaltools.gnu-tools-for-stm32.9-2020-q2-update.win32_1.5.0.202011040924/tools/bin/../lib/gcc/arm-none-eabi/9.3.1/../../../../arm-none-eabi/lib/thumb/v7e-m+fp/hard\libc_nano.a(lib_a-mprec.o)
                0x0000000008006d28                __d2b
 .text.__ratio  0x0000000008006de0       0x66 c:/users/mames/.eclipse/com.st.stm32cube.ide.mcu.rcp.product_1.5.1_931663386_win32_win32_x86_64/plugins/com.st.stm32cube.ide.mcu.externaltools.gnu-tools-for-stm32.9-2020-q2-update.win32_1.5.0.202011040924/tools/bin/../lib/gcc/arm-none-eabi/9.3.1/../../../../arm-none-eabi/lib/thumb/v7e-m+fp/hard\libc_nano.a(lib_a-mprec.o)
                0x0000000008006de0                __ratio
 .text.__copybits
                0x0000000008006e46       0x46 c:/users/mames/.eclipse/com.st.stm32cube.ide.mcu.rcp.product_1.5.1_931663386_win32_win32_x86_64/plugins/com.st.stm32cube.ide.mcu.externaltools.gnu-tools-for-stm32.9-2020-q2-update.win32_1.5.0.202011040924/tools/bin/../lib/gcc/arm-none-eabi/9.3.1/../../../../arm-none-eabi/lib/thumb/v7e-m+fp/hard\libc_nano.a(lib_a-mprec.o)
                0x0000000008006e46                __copybits
 .text.__any_on
                0x0000000008006e8c       0x42 c:/users/mames/.eclipse/com.st.stm32cube.ide.mcu.rcp.product_1.5.1_931663386_win32_win32_x86_64/plugins/com.st.stm32cube.ide.mcu.externaltools.gnu-tools-for-stm32.9-2020-q2-update.win32_1.5.0.202011040924/tools/bin/../lib/gcc/arm-none-eabi/9.3.1/../../../../arm-none-eabi/lib/thumb/v7e-m+fp/hard\libc_nano.a(lib_a-mprec.o)
                0x0000000008006e8c                __any_on
 .text._calloc_r
                0x0000000008006ece       0x1e c:/users/mames/.eclipse/com.st.stm32cube.ide.mcu.rcp.product_1.5.1_931663386_win32_win32_x86_64/plugins/com.st.stm32cube.ide.mcu.externaltools.gnu-tools-for-stm32.9-2020-q2-update.win32_1.5.0.202011040924/tools/bin/../lib/gcc/arm-none-eabi/9.3.1/../../../../arm-none-eabi/lib/thumb/v7e-m+fp/hard\libc_nano.a(lib_a-nano-callocr.o)
                0x0000000008006ece                _calloc_r
 .text._free_r  0x0000000008006eec       0xa0 c:/users/mames/.eclipse/com.st.stm32cube.ide.mcu.rcp.product_1.5.1_931663386_win32_win32_x86_64/plugins/com.st.stm32cube.ide.mcu.externaltools.gnu-tools-for-stm32.9-2020-q2-update.win32_1.5.0.202011040924/tools/bin/../lib/gcc/arm-none-eabi/9.3.1/../../../../arm-none-eabi/lib/thumb/v7e-m+fp/hard\libc_nano.a(lib_a-nano-freer.o)
                0x0000000008006eec                _free_r
 .text._malloc_r
                0x0000000008006f8c       0xb4 c:/users/mames/.eclipse/com.st.stm32cube.ide.mcu.rcp.product_1.5.1_931663386_win32_win32_x86_64/plugins/com.st.stm32cube.ide.mcu.externaltools.gnu-tools-for-stm32.9-2020-q2-update.win32_1.5.0.202011040924/tools/bin/../lib/gcc/arm-none-eabi/9.3.1/../../../../arm-none-eabi/lib/thumb/v7e-m+fp/hard\libc_nano.a(lib_a-nano-mallocr.o)
                0x0000000008006f8c                _malloc_r
 .text.__ssputs_r
                0x0000000008007040       0xb6 c:/users/mames/.eclipse/com.st.stm32cube.ide.mcu.rcp.product_1.5.1_931663386_win32_win32_x86_64/plugins/com.st.stm32cube.ide.mcu.externaltools.gnu-tools-for-stm32.9-2020-q2-update.win32_1.5.0.202011040924/tools/bin/../lib/gcc/arm-none-eabi/9.3.1/../../../../arm-none-eabi/lib/thumb/v7e-m+fp/hard\libc_nano.a(lib_a-nano-svfprintf.o)
                0x0000000008007040                __ssputs_r
 *fill*         0x00000000080070f6        0x2 
 .text._svfprintf_r
                0x00000000080070f8      0x200 c:/users/mames/.eclipse/com.st.stm32cube.ide.mcu.rcp.product_1.5.1_931663386_win32_win32_x86_64/plugins/com.st.stm32cube.ide.mcu.externaltools.gnu-tools-for-stm32.9-2020-q2-update.win32_1.5.0.202011040924/tools/bin/../lib/gcc/arm-none-eabi/9.3.1/../../../../arm-none-eabi/lib/thumb/v7e-m+fp/hard\libc_nano.a(lib_a-nano-svfprintf.o)
                0x00000000080070f8                _svfiprintf_r
                0x00000000080070f8                _svfprintf_r
 .text.nan      0x00000000080072f8       0x10 c:/users/mames/.eclipse/com.st.stm32cube.ide.mcu.rcp.product_1.5.1_931663386_win32_win32_x86_64/plugins/com.st.stm32cube.ide.mcu.externaltools.gnu-tools-for-stm32.9-2020-q2-update.win32_1.5.0.202011040924/tools/bin/../lib/gcc/arm-none-eabi/9.3.1/../../../../arm-none-eabi/lib/thumb/v7e-m+fp/hard\libc_nano.a(lib_a-s_nan.o)
                0x00000000080072f8                nan
 .text._sbrk_r  0x0000000008007308       0x20 c:/users/mames/.eclipse/com.st.stm32cube.ide.mcu.rcp.product_1.5.1_931663386_win32_win32_x86_64/plugins/com.st.stm32cube.ide.mcu.externaltools.gnu-tools-for-stm32.9-2020-q2-update.win32_1.5.0.202011040924/tools/bin/../lib/gcc/arm-none-eabi/9.3.1/../../../../arm-none-eabi/lib/thumb/v7e-m+fp/hard\libc_nano.a(lib_a-sbrkr.o)
                0x0000000008007308                _sbrk_r
 .text.nanf     0x0000000008007328        0xc c:/users/mames/.eclipse/com.st.stm32cube.ide.mcu.rcp.product_1.5.1_931663386_win32_win32_x86_64/plugins/com.st.stm32cube.ide.mcu.externaltools.gnu-tools-for-stm32.9-2020-q2-update.win32_1.5.0.202011040924/tools/bin/../lib/gcc/arm-none-eabi/9.3.1/../../../../arm-none-eabi/lib/thumb/v7e-m+fp/hard\libc_nano.a(lib_a-sf_nan.o)
                0x0000000008007328                nanf
 .text.__ascii_wctomb
                0x0000000008007334       0x1a c:/users/mames/.eclipse/com.st.stm32cube.ide.mcu.rcp.product_1.5.1_931663386_win32_win32_x86_64/plugins/com.st.stm32cube.ide.mcu.externaltools.gnu-tools-for-stm32.9-2020-q2-update.win32_1.5.0.202011040924/tools/bin/../lib/gcc/arm-none-eabi/9.3.1/../../../../arm-none-eabi/lib/thumb/v7e-m+fp/hard\libc_nano.a(lib_a-wctomb_r.o)
                0x0000000008007334                __ascii_wctomb
 *fill*         0x000000000800734e        0x2 
 .text.__assert_func
                0x0000000008007350       0x3c c:/users/mames/.eclipse/com.st.stm32cube.ide.mcu.rcp.product_1.5.1_931663386_win32_win32_x86_64/plugins/com.st.stm32cube.ide.mcu.externaltools.gnu-tools-for-stm32.9-2020-q2-update.win32_1.5.0.202011040924/tools/bin/../lib/gcc/arm-none-eabi/9.3.1/../../../../arm-none-eabi/lib/thumb/v7e-m+fp/hard\libc_nano.a(lib_a-assert.o)
                0x0000000008007350                __assert_func
 .text.fprintf  0x000000000800738c       0x24 c:/users/mames/.eclipse/com.st.stm32cube.ide.mcu.rcp.product_1.5.1_931663386_win32_win32_x86_64/plugins/com.st.stm32cube.ide.mcu.externaltools.gnu-tools-for-stm32.9-2020-q2-update.win32_1.5.0.202011040924/tools/bin/../lib/gcc/arm-none-eabi/9.3.1/../../../../arm-none-eabi/lib/thumb/v7e-m+fp/hard\libc_nano.a(lib_a-fprintf.o)
                0x000000000800738c                fiprintf
                0x000000000800738c                fprintf
 .text.memmove  0x00000000080073b0       0x34 c:/users/mames/.eclipse/com.st.stm32cube.ide.mcu.rcp.product_1.5.1_931663386_win32_win32_x86_64/plugins/com.st.stm32cube.ide.mcu.externaltools.gnu-tools-for-stm32.9-2020-q2-update.win32_1.5.0.202011040924/tools/bin/../lib/gcc/arm-none-eabi/9.3.1/../../../../arm-none-eabi/lib/thumb/v7e-m+fp/hard\libc_nano.a(lib_a-memmove.o)
                0x00000000080073b0                memmove
 .text.__malloc_lock
                0x00000000080073e4        0xc c:/users/mames/.eclipse/com.st.stm32cube.ide.mcu.rcp.product_1.5.1_931663386_win32_win32_x86_64/plugins/com.st.stm32cube.ide.mcu.externaltools.gnu-tools-for-stm32.9-2020-q2-update.win32_1.5.0.202011040924/tools/bin/../lib/gcc/arm-none-eabi/9.3.1/../../../../arm-none-eabi/lib/thumb/v7e-m+fp/hard\libc_nano.a(lib_a-mlock.o)
                0x00000000080073e4                __malloc_lock
 .text.__malloc_unlock
                0x00000000080073f0        0xc c:/users/mames/.eclipse/com.st.stm32cube.ide.mcu.rcp.product_1.5.1_931663386_win32_win32_x86_64/plugins/com.st.stm32cube.ide.mcu.externaltools.gnu-tools-for-stm32.9-2020-q2-update.win32_1.5.0.202011040924/tools/bin/../lib/gcc/arm-none-eabi/9.3.1/../../../../arm-none-eabi/lib/thumb/v7e-m+fp/hard\libc_nano.a(lib_a-mlock.o)
                0x00000000080073f0                __malloc_unlock
 .text._realloc_r
                0x00000000080073fc       0x4c c:/users/mames/.eclipse/com.st.stm32cube.ide.mcu.rcp.product_1.5.1_931663386_win32_win32_x86_64/plugins/com.st.stm32cube.ide.mcu.externaltools.gnu-tools-for-stm32.9-2020-q2-update.win32_1.5.0.202011040924/tools/bin/../lib/gcc/arm-none-eabi/9.3.1/../../../../arm-none-eabi/lib/thumb/v7e-m+fp/hard\libc_nano.a(lib_a-nano-reallocr.o)
                0x00000000080073fc                _realloc_r
 .text.__sfputc_r
                0x0000000008007448       0x2e c:/users/mames/.eclipse/com.st.stm32cube.ide.mcu.rcp.product_1.5.1_931663386_win32_win32_x86_64/plugins/com.st.stm32cube.ide.mcu.externaltools.gnu-tools-for-stm32.9-2020-q2-update.win32_1.5.0.202011040924/tools/bin/../lib/gcc/arm-none-eabi/9.3.1/../../../../arm-none-eabi/lib/thumb/v7e-m+fp/hard\libc_nano.a(lib_a-nano-vfprintf.o)
 .text.__sfputs_r
                0x0000000008007476       0x24 c:/users/mames/.eclipse/com.st.stm32cube.ide.mcu.rcp.product_1.5.1_931663386_win32_win32_x86_64/plugins/com.st.stm32cube.ide.mcu.externaltools.gnu-tools-for-stm32.9-2020-q2-update.win32_1.5.0.202011040924/tools/bin/../lib/gcc/arm-none-eabi/9.3.1/../../../../arm-none-eabi/lib/thumb/v7e-m+fp/hard\libc_nano.a(lib_a-nano-vfprintf.o)
                0x0000000008007476                __sfputs_r
 *fill*         0x000000000800749a        0x2 
 .text._vfprintf_r
                0x000000000800749c      0x260 c:/users/mames/.eclipse/com.st.stm32cube.ide.mcu.rcp.product_1.5.1_931663386_win32_win32_x86_64/plugins/com.st.stm32cube.ide.mcu.externaltools.gnu-tools-for-stm32.9-2020-q2-update.win32_1.5.0.202011040924/tools/bin/../lib/gcc/arm-none-eabi/9.3.1/../../../../arm-none-eabi/lib/thumb/v7e-m+fp/hard\libc_nano.a(lib_a-nano-vfprintf.o)
                0x000000000800749c                _vfprintf_r
                0x000000000800749c                _vfiprintf_r
 .text.__swbuf_r
                0x00000000080076fc       0xa4 c:/users/mames/.eclipse/com.st.stm32cube.ide.mcu.rcp.product_1.5.1_931663386_win32_win32_x86_64/plugins/com.st.stm32cube.ide.mcu.externaltools.gnu-tools-for-stm32.9-2020-q2-update.win32_1.5.0.202011040924/tools/bin/../lib/gcc/arm-none-eabi/9.3.1/../../../../arm-none-eabi/lib/thumb/v7e-m+fp/hard\libc_nano.a(lib_a-wbuf.o)
                0x00000000080076fc                __swbuf_r
 .text.__swsetup_r
                0x00000000080077a0       0xdc c:/users/mames/.eclipse/com.st.stm32cube.ide.mcu.rcp.product_1.5.1_931663386_win32_win32_x86_64/plugins/com.st.stm32cube.ide.mcu.externaltools.gnu-tools-for-stm32.9-2020-q2-update.win32_1.5.0.202011040924/tools/bin/../lib/gcc/arm-none-eabi/9.3.1/../../../../arm-none-eabi/lib/thumb/v7e-m+fp/hard\libc_nano.a(lib_a-wsetup.o)
                0x00000000080077a0                __swsetup_r
 .text.abort    0x000000000800787c        0xe c:/users/mames/.eclipse/com.st.stm32cube.ide.mcu.rcp.product_1.5.1_931663386_win32_win32_x86_64/plugins/com.st.stm32cube.ide.mcu.externaltools.gnu-tools-for-stm32.9-2020-q2-update.win32_1.5.0.202011040924/tools/bin/../lib/gcc/arm-none-eabi/9.3.1/../../../../arm-none-eabi/lib/thumb/v7e-m+fp/hard\libc_nano.a(lib_a-abort.o)
                0x000000000800787c                abort
 *fill*         0x000000000800788a        0x2 
 .text.__sflush_r
                0x000000000800788c      0x10c c:/users/mames/.eclipse/com.st.stm32cube.ide.mcu.rcp.product_1.5.1_931663386_win32_win32_x86_64/plugins/com.st.stm32cube.ide.mcu.externaltools.gnu-tools-for-stm32.9-2020-q2-update.win32_1.5.0.202011040924/tools/bin/../lib/gcc/arm-none-eabi/9.3.1/../../../../arm-none-eabi/lib/thumb/v7e-m+fp/hard\libc_nano.a(lib_a-fflush.o)
                0x000000000800788c                __sflush_r
 .text._fflush_r
                0x0000000008007998       0x78 c:/users/mames/.eclipse/com.st.stm32cube.ide.mcu.rcp.product_1.5.1_931663386_win32_win32_x86_64/plugins/com.st.stm32cube.ide.mcu.externaltools.gnu-tools-for-stm32.9-2020-q2-update.win32_1.5.0.202011040924/tools/bin/../lib/gcc/arm-none-eabi/9.3.1/../../../../arm-none-eabi/lib/thumb/v7e-m+fp/hard\libc_nano.a(lib_a-fflush.o)
                0x0000000008007998                _fflush_r
 .text.std      0x0000000008007a10       0x48 c:/users/mames/.eclipse/com.st.stm32cube.ide.mcu.rcp.product_1.5.1_931663386_win32_win32_x86_64/plugins/com.st.stm32cube.ide.mcu.externaltools.gnu-tools-for-stm32.9-2020-q2-update.win32_1.5.0.202011040924/tools/bin/../lib/gcc/arm-none-eabi/9.3.1/../../../../arm-none-eabi/lib/thumb/v7e-m+fp/hard\libc_nano.a(lib_a-findfp.o)
 .text._cleanup_r
                0x0000000008007a58        0xc c:/users/mames/.eclipse/com.st.stm32cube.ide.mcu.rcp.product_1.5.1_931663386_win32_win32_x86_64/plugins/com.st.stm32cube.ide.mcu.externaltools.gnu-tools-for-stm32.9-2020-q2-update.win32_1.5.0.202011040924/tools/bin/../lib/gcc/arm-none-eabi/9.3.1/../../../../arm-none-eabi/lib/thumb/v7e-m+fp/hard\libc_nano.a(lib_a-findfp.o)
                0x0000000008007a58                _cleanup_r
 .text.__sfmoreglue
                0x0000000008007a64       0x2c c:/users/mames/.eclipse/com.st.stm32cube.ide.mcu.rcp.product_1.5.1_931663386_win32_win32_x86_64/plugins/com.st.stm32cube.ide.mcu.externaltools.gnu-tools-for-stm32.9-2020-q2-update.win32_1.5.0.202011040924/tools/bin/../lib/gcc/arm-none-eabi/9.3.1/../../../../arm-none-eabi/lib/thumb/v7e-m+fp/hard\libc_nano.a(lib_a-findfp.o)
                0x0000000008007a64                __sfmoreglue
 .text.__sfp_lock_acquire
                0x0000000008007a90        0xc c:/users/mames/.eclipse/com.st.stm32cube.ide.mcu.rcp.product_1.5.1_931663386_win32_win32_x86_64/plugins/com.st.stm32cube.ide.mcu.externaltools.gnu-tools-for-stm32.9-2020-q2-update.win32_1.5.0.202011040924/tools/bin/../lib/gcc/arm-none-eabi/9.3.1/../../../../arm-none-eabi/lib/thumb/v7e-m+fp/hard\libc_nano.a(lib_a-findfp.o)
                0x0000000008007a90                __sfp_lock_acquire
 .text.__sfp_lock_release
                0x0000000008007a9c        0xc c:/users/mames/.eclipse/com.st.stm32cube.ide.mcu.rcp.product_1.5.1_931663386_win32_win32_x86_64/plugins/com.st.stm32cube.ide.mcu.externaltools.gnu-tools-for-stm32.9-2020-q2-update.win32_1.5.0.202011040924/tools/bin/../lib/gcc/arm-none-eabi/9.3.1/../../../../arm-none-eabi/lib/thumb/v7e-m+fp/hard\libc_nano.a(lib_a-findfp.o)
                0x0000000008007a9c                __sfp_lock_release
 .text.__sinit_lock_acquire
                0x0000000008007aa8        0xc c:/users/mames/.eclipse/com.st.stm32cube.ide.mcu.rcp.product_1.5.1_931663386_win32_win32_x86_64/plugins/com.st.stm32cube.ide.mcu.externaltools.gnu-tools-for-stm32.9-2020-q2-update.win32_1.5.0.202011040924/tools/bin/../lib/gcc/arm-none-eabi/9.3.1/../../../../arm-none-eabi/lib/thumb/v7e-m+fp/hard\libc_nano.a(lib_a-findfp.o)
                0x0000000008007aa8                __sinit_lock_acquire
 .text.__sinit_lock_release
                0x0000000008007ab4        0xc c:/users/mames/.eclipse/com.st.stm32cube.ide.mcu.rcp.product_1.5.1_931663386_win32_win32_x86_64/plugins/com.st.stm32cube.ide.mcu.externaltools.gnu-tools-for-stm32.9-2020-q2-update.win32_1.5.0.202011040924/tools/bin/../lib/gcc/arm-none-eabi/9.3.1/../../../../arm-none-eabi/lib/thumb/v7e-m+fp/hard\libc_nano.a(lib_a-findfp.o)
                0x0000000008007ab4                __sinit_lock_release
 .text.__sinit  0x0000000008007ac0       0x70 c:/users/mames/.eclipse/com.st.stm32cube.ide.mcu.rcp.product_1.5.1_931663386_win32_win32_x86_64/plugins/com.st.stm32cube.ide.mcu.externaltools.gnu-tools-for-stm32.9-2020-q2-update.win32_1.5.0.202011040924/tools/bin/../lib/gcc/arm-none-eabi/9.3.1/../../../../arm-none-eabi/lib/thumb/v7e-m+fp/hard\libc_nano.a(lib_a-findfp.o)
                0x0000000008007ac0                __sinit
 .text.__sfp    0x0000000008007b30       0x8c c:/users/mames/.eclipse/com.st.stm32cube.ide.mcu.rcp.product_1.5.1_931663386_win32_win32_x86_64/plugins/com.st.stm32cube.ide.mcu.externaltools.gnu-tools-for-stm32.9-2020-q2-update.win32_1.5.0.202011040924/tools/bin/../lib/gcc/arm-none-eabi/9.3.1/../../../../arm-none-eabi/lib/thumb/v7e-m+fp/hard\libc_nano.a(lib_a-findfp.o)
                0x0000000008007b30                __sfp
 .text._fwalk_reent
                0x0000000008007bbc       0x3e c:/users/mames/.eclipse/com.st.stm32cube.ide.mcu.rcp.product_1.5.1_931663386_win32_win32_x86_64/plugins/com.st.stm32cube.ide.mcu.externaltools.gnu-tools-for-stm32.9-2020-q2-update.win32_1.5.0.202011040924/tools/bin/../lib/gcc/arm-none-eabi/9.3.1/../../../../arm-none-eabi/lib/thumb/v7e-m+fp/hard\libc_nano.a(lib_a-fwalk.o)
                0x0000000008007bbc                _fwalk_reent
 .text.__retarget_lock_init_recursive
                0x0000000008007bfa        0x2 c:/users/mames/.eclipse/com.st.stm32cube.ide.mcu.rcp.product_1.5.1_931663386_win32_win32_x86_64/plugins/com.st.stm32cube.ide.mcu.externaltools.gnu-tools-for-stm32.9-2020-q2-update.win32_1.5.0.202011040924/tools/bin/../lib/gcc/arm-none-eabi/9.3.1/../../../../arm-none-eabi/lib/thumb/v7e-m+fp/hard\libc_nano.a(lib_a-lock.o)
                0x0000000008007bfa                __retarget_lock_init_recursive
 .text.__retarget_lock_acquire_recursive
                0x0000000008007bfc        0x2 c:/users/mames/.eclipse/com.st.stm32cube.ide.mcu.rcp.product_1.5.1_931663386_win32_win32_x86_64/plugins/com.st.stm32cube.ide.mcu.externaltools.gnu-tools-for-stm32.9-2020-q2-update.win32_1.5.0.202011040924/tools/bin/../lib/gcc/arm-none-eabi/9.3.1/../../../../arm-none-eabi/lib/thumb/v7e-m+fp/hard\libc_nano.a(lib_a-lock.o)
                0x0000000008007bfc                __retarget_lock_acquire_recursive
 .text.__retarget_lock_release_recursive
                0x0000000008007bfe        0x2 c:/users/mames/.eclipse/com.st.stm32cube.ide.mcu.rcp.product_1.5.1_931663386_win32_win32_x86_64/plugins/com.st.stm32cube.ide.mcu.externaltools.gnu-tools-for-stm32.9-2020-q2-update.win32_1.5.0.202011040924/tools/bin/../lib/gcc/arm-none-eabi/9.3.1/../../../../arm-none-eabi/lib/thumb/v7e-m+fp/hard\libc_nano.a(lib_a-lock.o)
                0x0000000008007bfe                __retarget_lock_release_recursive
 .text.__swhatbuf_r
                0x0000000008007c00       0x48 c:/users/mames/.eclipse/com.st.stm32cube.ide.mcu.rcp.product_1.5.1_931663386_win32_win32_x86_64/plugins/com.st.stm32cube.ide.mcu.externaltools.gnu-tools-for-stm32.9-2020-q2-update.win32_1.5.0.202011040924/tools/bin/../lib/gcc/arm-none-eabi/9.3.1/../../../../arm-none-eabi/lib/thumb/v7e-m+fp/hard\libc_nano.a(lib_a-makebuf.o)
                0x0000000008007c00                __swhatbuf_r
 .text.__smakebuf_r
                0x0000000008007c48       0x80 c:/users/mames/.eclipse/com.st.stm32cube.ide.mcu.rcp.product_1.5.1_931663386_win32_win32_x86_64/plugins/com.st.stm32cube.ide.mcu.externaltools.gnu-tools-for-stm32.9-2020-q2-update.win32_1.5.0.202011040924/tools/bin/../lib/gcc/arm-none-eabi/9.3.1/../../../../arm-none-eabi/lib/thumb/v7e-m+fp/hard\libc_nano.a(lib_a-makebuf.o)
                0x0000000008007c48                __smakebuf_r
 .text._malloc_usable_size_r
                0x0000000008007cc8       0x10 c:/users/mames/.eclipse/com.st.stm32cube.ide.mcu.rcp.product_1.5.1_931663386_win32_win32_x86_64/plugins/com.st.stm32cube.ide.mcu.externaltools.gnu-tools-for-stm32.9-2020-q2-update.win32_1.5.0.202011040924/tools/bin/../lib/gcc/arm-none-eabi/9.3.1/../../../../arm-none-eabi/lib/thumb/v7e-m+fp/hard\libc_nano.a(lib_a-nano-msizer.o)
                0x0000000008007cc8                _malloc_usable_size_r
 .text._raise_r
                0x0000000008007cd8       0x50 c:/users/mames/.eclipse/com.st.stm32cube.ide.mcu.rcp.product_1.5.1_931663386_win32_win32_x86_64/plugins/com.st.stm32cube.ide.mcu.externaltools.gnu-tools-for-stm32.9-2020-q2-update.win32_1.5.0.202011040924/tools/bin/../lib/gcc/arm-none-eabi/9.3.1/../../../../arm-none-eabi/lib/thumb/v7e-m+fp/hard\libc_nano.a(lib_a-signal.o)
                0x0000000008007cd8                _raise_r
 .text.raise    0x0000000008007d28       0x10 c:/users/mames/.eclipse/com.st.stm32cube.ide.mcu.rcp.product_1.5.1_931663386_win32_win32_x86_64/plugins/com.st.stm32cube.ide.mcu.externaltools.gnu-tools-for-stm32.9-2020-q2-update.win32_1.5.0.202011040924/tools/bin/../lib/gcc/arm-none-eabi/9.3.1/../../../../arm-none-eabi/lib/thumb/v7e-m+fp/hard\libc_nano.a(lib_a-signal.o)
                0x0000000008007d28                raise
 .text._kill_r  0x0000000008007d38       0x24 c:/users/mames/.eclipse/com.st.stm32cube.ide.mcu.rcp.product_1.5.1_931663386_win32_win32_x86_64/plugins/com.st.stm32cube.ide.mcu.externaltools.gnu-tools-for-stm32.9-2020-q2-update.win32_1.5.0.202011040924/tools/bin/../lib/gcc/arm-none-eabi/9.3.1/../../../../arm-none-eabi/lib/thumb/v7e-m+fp/hard\libc_nano.a(lib_a-signalr.o)
                0x0000000008007d38                _kill_r
 .text._getpid_r
                0x0000000008007d5c        0x4 c:/users/mames/.eclipse/com.st.stm32cube.ide.mcu.rcp.product_1.5.1_931663386_win32_win32_x86_64/plugins/com.st.stm32cube.ide.mcu.externaltools.gnu-tools-for-stm32.9-2020-q2-update.win32_1.5.0.202011040924/tools/bin/../lib/gcc/arm-none-eabi/9.3.1/../../../../arm-none-eabi/lib/thumb/v7e-m+fp/hard\libc_nano.a(lib_a-signalr.o)
                0x0000000008007d5c                _getpid_r
 .text.__sread  0x0000000008007d60       0x22 c:/users/mames/.eclipse/com.st.stm32cube.ide.mcu.rcp.product_1.5.1_931663386_win32_win32_x86_64/plugins/com.st.stm32cube.ide.mcu.externaltools.gnu-tools-for-stm32.9-2020-q2-update.win32_1.5.0.202011040924/tools/bin/../lib/gcc/arm-none-eabi/9.3.1/../../../../arm-none-eabi/lib/thumb/v7e-m+fp/hard\libc_nano.a(lib_a-stdio.o)
                0x0000000008007d60                __sread
 .text.__swrite
                0x0000000008007d82       0x38 c:/users/mames/.eclipse/com.st.stm32cube.ide.mcu.rcp.product_1.5.1_931663386_win32_win32_x86_64/plugins/com.st.stm32cube.ide.mcu.externaltools.gnu-tools-for-stm32.9-2020-q2-update.win32_1.5.0.202011040924/tools/bin/../lib/gcc/arm-none-eabi/9.3.1/../../../../arm-none-eabi/lib/thumb/v7e-m+fp/hard\libc_nano.a(lib_a-stdio.o)
                0x0000000008007d82                __swrite
 .text.__sseek  0x0000000008007dba       0x24 c:/users/mames/.eclipse/com.st.stm32cube.ide.mcu.rcp.product_1.5.1_931663386_win32_win32_x86_64/plugins/com.st.stm32cube.ide.mcu.externaltools.gnu-tools-for-stm32.9-2020-q2-update.win32_1.5.0.202011040924/tools/bin/../lib/gcc/arm-none-eabi/9.3.1/../../../../arm-none-eabi/lib/thumb/v7e-m+fp/hard\libc_nano.a(lib_a-stdio.o)
                0x0000000008007dba                __sseek
 .text.__sclose
                0x0000000008007dde        0x8 c:/users/mames/.eclipse/com.st.stm32cube.ide.mcu.rcp.product_1.5.1_931663386_win32_win32_x86_64/plugins/com.st.stm32cube.ide.mcu.externaltools.gnu-tools-for-stm32.9-2020-q2-update.win32_1.5.0.202011040924/tools/bin/../lib/gcc/arm-none-eabi/9.3.1/../../../../arm-none-eabi/lib/thumb/v7e-m+fp/hard\libc_nano.a(lib_a-stdio.o)
                0x0000000008007dde                __sclose
 *fill*         0x0000000008007de6        0x2 
 .text._write_r
                0x0000000008007de8       0x24 c:/users/mames/.eclipse/com.st.stm32cube.ide.mcu.rcp.product_1.5.1_931663386_win32_win32_x86_64/plugins/com.st.stm32cube.ide.mcu.externaltools.gnu-tools-for-stm32.9-2020-q2-update.win32_1.5.0.202011040924/tools/bin/../lib/gcc/arm-none-eabi/9.3.1/../../../../arm-none-eabi/lib/thumb/v7e-m+fp/hard\libc_nano.a(lib_a-writer.o)
                0x0000000008007de8                _write_r
 .text._close_r
                0x0000000008007e0c       0x20 c:/users/mames/.eclipse/com.st.stm32cube.ide.mcu.rcp.product_1.5.1_931663386_win32_win32_x86_64/plugins/com.st.stm32cube.ide.mcu.externaltools.gnu-tools-for-stm32.9-2020-q2-update.win32_1.5.0.202011040924/tools/bin/../lib/gcc/arm-none-eabi/9.3.1/../../../../arm-none-eabi/lib/thumb/v7e-m+fp/hard\libc_nano.a(lib_a-closer.o)
                0x0000000008007e0c                _close_r
 .text._fstat_r
                0x0000000008007e2c       0x24 c:/users/mames/.eclipse/com.st.stm32cube.ide.mcu.rcp.product_1.5.1_931663386_win32_win32_x86_64/plugins/com.st.stm32cube.ide.mcu.externaltools.gnu-tools-for-stm32.9-2020-q2-update.win32_1.5.0.202011040924/tools/bin/../lib/gcc/arm-none-eabi/9.3.1/../../../../arm-none-eabi/lib/thumb/v7e-m+fp/hard\libc_nano.a(lib_a-fstatr.o)
                0x0000000008007e2c                _fstat_r
 .text._isatty_r
                0x0000000008007e50       0x20 c:/users/mames/.eclipse/com.st.stm32cube.ide.mcu.rcp.product_1.5.1_931663386_win32_win32_x86_64/plugins/com.st.stm32cube.ide.mcu.externaltools.gnu-tools-for-stm32.9-2020-q2-update.win32_1.5.0.202011040924/tools/bin/../lib/gcc/arm-none-eabi/9.3.1/../../../../arm-none-eabi/lib/thumb/v7e-m+fp/hard\libc_nano.a(lib_a-isattyr.o)
                0x0000000008007e50                _isatty_r
 .text._lseek_r
                0x0000000008007e70       0x24 c:/users/mames/.eclipse/com.st.stm32cube.ide.mcu.rcp.product_1.5.1_931663386_win32_win32_x86_64/plugins/com.st.stm32cube.ide.mcu.externaltools.gnu-tools-for-stm32.9-2020-q2-update.win32_1.5.0.202011040924/tools/bin/../lib/gcc/arm-none-eabi/9.3.1/../../../../arm-none-eabi/lib/thumb/v7e-m+fp/hard\libc_nano.a(lib_a-lseekr.o)
                0x0000000008007e70                _lseek_r
 .text._read_r  0x0000000008007e94       0x24 c:/users/mames/.eclipse/com.st.stm32cube.ide.mcu.rcp.product_1.5.1_931663386_win32_win32_x86_64/plugins/com.st.stm32cube.ide.mcu.externaltools.gnu-tools-for-stm32.9-2020-q2-update.win32_1.5.0.202011040924/tools/bin/../lib/gcc/arm-none-eabi/9.3.1/../../../../arm-none-eabi/lib/thumb/v7e-m+fp/hard\libc_nano.a(lib_a-readr.o)
                0x0000000008007e94                _read_r
 *(.glue_7)
 .glue_7        0x0000000008007eb8        0x0 linker stubs
 *(.glue_7t)
 .glue_7t       0x0000000008007eb8        0x0 linker stubs
 *(.eh_frame)
 .eh_frame      0x0000000008007eb8        0x0 c:/users/mames/.eclipse/com.st.stm32cube.ide.mcu.rcp.product_1.5.1_931663386_win32_win32_x86_64/plugins/com.st.stm32cube.ide.mcu.externaltools.gnu-tools-for-stm32.9-2020-q2-update.win32_1.5.0.202011040924/tools/bin/../lib/gcc/arm-none-eabi/9.3.1/thumb/v7e-m+fp/hard/crtbegin.o
 *(.init)
 .init          0x0000000008007eb8        0x4 c:/users/mames/.eclipse/com.st.stm32cube.ide.mcu.rcp.product_1.5.1_931663386_win32_win32_x86_64/plugins/com.st.stm32cube.ide.mcu.externaltools.gnu-tools-for-stm32.9-2020-q2-update.win32_1.5.0.202011040924/tools/bin/../lib/gcc/arm-none-eabi/9.3.1/thumb/v7e-m+fp/hard/crti.o
                0x0000000008007eb8                _init
 .init          0x0000000008007ebc        0x8 c:/users/mames/.eclipse/com.st.stm32cube.ide.mcu.rcp.product_1.5.1_931663386_win32_win32_x86_64/plugins/com.st.stm32cube.ide.mcu.externaltools.gnu-tools-for-stm32.9-2020-q2-update.win32_1.5.0.202011040924/tools/bin/../lib/gcc/arm-none-eabi/9.3.1/thumb/v7e-m+fp/hard/crtn.o
 *(.fini)
 .fini          0x0000000008007ec4        0x4 c:/users/mames/.eclipse/com.st.stm32cube.ide.mcu.rcp.product_1.5.1_931663386_win32_win32_x86_64/plugins/com.st.stm32cube.ide.mcu.externaltools.gnu-tools-for-stm32.9-2020-q2-update.win32_1.5.0.202011040924/tools/bin/../lib/gcc/arm-none-eabi/9.3.1/thumb/v7e-m+fp/hard/crti.o
                0x0000000008007ec4                _fini
 .fini          0x0000000008007ec8        0x8 c:/users/mames/.eclipse/com.st.stm32cube.ide.mcu.rcp.product_1.5.1_931663386_win32_win32_x86_64/plugins/com.st.stm32cube.ide.mcu.externaltools.gnu-tools-for-stm32.9-2020-q2-update.win32_1.5.0.202011040924/tools/bin/../lib/gcc/arm-none-eabi/9.3.1/thumb/v7e-m+fp/hard/crtn.o
                0x0000000008007ed0                . = ALIGN (0x4)
                0x0000000008007ed0                _etext = .

.vfp11_veneer   0x0000000008007ed0        0x0
 .vfp11_veneer  0x0000000008007ed0        0x0 linker stubs

.v4_bx          0x0000000008007ed0        0x0
 .v4_bx         0x0000000008007ed0        0x0 linker stubs

.iplt           0x0000000008007ed0        0x0
 .iplt          0x0000000008007ed0        0x0 c:/users/mames/.eclipse/com.st.stm32cube.ide.mcu.rcp.product_1.5.1_931663386_win32_win32_x86_64/plugins/com.st.stm32cube.ide.mcu.externaltools.gnu-tools-for-stm32.9-2020-q2-update.win32_1.5.0.202011040924/tools/bin/../lib/gcc/arm-none-eabi/9.3.1/thumb/v7e-m+fp/hard/crtbegin.o

.rodata         0x0000000008007ed0      0x534
                0x0000000008007ed0                . = ALIGN (0x4)
 *(.rodata)
 .rodata        0x0000000008007ed0       0x27 Core/Src/commands.o
 *fill*         0x0000000008007ef7        0x1 
 .rodata        0x0000000008007ef8       0x37 Core/Src/fsmParse.o
 *(.rodata*)
 *fill*         0x0000000008007f2f        0x1 
 .rodata.commandExecute
                0x0000000008007f30        0xc Core/Src/commands.o
                0x0000000008007f30                commandExecute
 .rodata.AHBPrescTable
                0x0000000008007f3c       0x10 Core/Src/system_stm32f4xx.o
                0x0000000008007f3c                AHBPrescTable
 .rodata.APBPrescTable
                0x0000000008007f4c        0x8 Core/Src/system_stm32f4xx.o
                0x0000000008007f4c                APBPrescTable
 .rodata._global_impure_ptr
                0x0000000008007f54        0x4 c:/users/mames/.eclipse/com.st.stm32cube.ide.mcu.rcp.product_1.5.1_931663386_win32_win32_x86_64/plugins/com.st.stm32cube.ide.mcu.externaltools.gnu-tools-for-stm32.9-2020-q2-update.win32_1.5.0.202011040924/tools/bin/../lib/gcc/arm-none-eabi/9.3.1/../../../../arm-none-eabi/lib/thumb/v7e-m+fp/hard\libc_nano.a(lib_a-impure.o)
                0x0000000008007f54                _global_impure_ptr
 .rodata._printf_float.str1.1
                0x0000000008007f58       0x12 c:/users/mames/.eclipse/com.st.stm32cube.ide.mcu.rcp.product_1.5.1_931663386_win32_win32_x86_64/plugins/com.st.stm32cube.ide.mcu.externaltools.gnu-tools-for-stm32.9-2020-q2-update.win32_1.5.0.202011040924/tools/bin/../lib/gcc/arm-none-eabi/9.3.1/../../../../arm-none-eabi/lib/thumb/v7e-m+fp/hard\libc_nano.a(lib_a-nano-vfprintf_float.o)
 .rodata._printf_i.str1.1
                0x0000000008007f6a       0x22 c:/users/mames/.eclipse/com.st.stm32cube.ide.mcu.rcp.product_1.5.1_931663386_win32_win32_x86_64/plugins/com.st.stm32cube.ide.mcu.externaltools.gnu-tools-for-stm32.9-2020-q2-update.win32_1.5.0.202011040924/tools/bin/../lib/gcc/arm-none-eabi/9.3.1/../../../../arm-none-eabi/lib/thumb/v7e-m+fp/hard\libc_nano.a(lib_a-nano-vfprintf_i.o)
 .rodata._strtod_l.str1.1
                0x0000000008007f8c       0x22 c:/users/mames/.eclipse/com.st.stm32cube.ide.mcu.rcp.product_1.5.1_931663386_win32_win32_x86_64/plugins/com.st.stm32cube.ide.mcu.externaltools.gnu-tools-for-stm32.9-2020-q2-update.win32_1.5.0.202011040924/tools/bin/../lib/gcc/arm-none-eabi/9.3.1/../../../../arm-none-eabi/lib/thumb/v7e-m+fp/hard\libc_nano.a(lib_a-strtod.o)
                                          0xd (size before relaxing)
 .rodata.fpi.7583
                0x0000000008007f8c       0x14 c:/users/mames/.eclipse/com.st.stm32cube.ide.mcu.rcp.product_1.5.1_931663386_win32_win32_x86_64/plugins/com.st.stm32cube.ide.mcu.externaltools.gnu-tools-for-stm32.9-2020-q2-update.win32_1.5.0.202011040924/tools/bin/../lib/gcc/arm-none-eabi/9.3.1/../../../../arm-none-eabi/lib/thumb/v7e-m+fp/hard\libc_nano.a(lib_a-strtod.o)
 .rodata.fpinan.7619
                0x0000000008007fa0       0x14 c:/users/mames/.eclipse/com.st.stm32cube.ide.mcu.rcp.product_1.5.1_931663386_win32_win32_x86_64/plugins/com.st.stm32cube.ide.mcu.externaltools.gnu-tools-for-stm32.9-2020-q2-update.win32_1.5.0.202011040924/tools/bin/../lib/gcc/arm-none-eabi/9.3.1/../../../../arm-none-eabi/lib/thumb/v7e-m+fp/hard\libc_nano.a(lib_a-strtod.o)
 *fill*         0x0000000008007fb4        0x4 
 .rodata.tinytens
                0x0000000008007fb8       0x28 c:/users/mames/.eclipse/com.st.stm32cube.ide.mcu.rcp.product_1.5.1_931663386_win32_win32_x86_64/plugins/com.st.stm32cube.ide.mcu.externaltools.gnu-tools-for-stm32.9-2020-q2-update.win32_1.5.0.202011040924/tools/bin/../lib/gcc/arm-none-eabi/9.3.1/../../../../arm-none-eabi/lib/thumb/v7e-m+fp/hard\libc_nano.a(lib_a-strtod.o)
 .rodata._dtoa_r.str1.1
                0x0000000008007fe0       0x94 c:/users/mames/.eclipse/com.st.stm32cube.ide.mcu.rcp.product_1.5.1_931663386_win32_win32_x86_64/plugins/com.st.stm32cube.ide.mcu.externaltools.gnu-tools-for-stm32.9-2020-q2-update.win32_1.5.0.202011040924/tools/bin/../lib/gcc/arm-none-eabi/9.3.1/../../../../arm-none-eabi/lib/thumb/v7e-m+fp/hard\libc_nano.a(lib_a-dtoa.o)
                                         0x96 (size before relaxing)
 .rodata.__gethex.str1.1
                0x0000000008008074       0x67 c:/users/mames/.eclipse/com.st.stm32cube.ide.mcu.rcp.product_1.5.1_931663386_win32_win32_x86_64/plugins/com.st.stm32cube.ide.mcu.externaltools.gnu-tools-for-stm32.9-2020-q2-update.win32_1.5.0.202011040924/tools/bin/../lib/gcc/arm-none-eabi/9.3.1/../../../../arm-none-eabi/lib/thumb/v7e-m+fp/hard\libc_nano.a(lib_a-gdtoa-gethex.o)
                                         0x78 (size before relaxing)
 .rodata.str1.1
                0x00000000080080db        0x2 c:/users/mames/.eclipse/com.st.stm32cube.ide.mcu.rcp.product_1.5.1_931663386_win32_win32_x86_64/plugins/com.st.stm32cube.ide.mcu.externaltools.gnu-tools-for-stm32.9-2020-q2-update.win32_1.5.0.202011040924/tools/bin/../lib/gcc/arm-none-eabi/9.3.1/../../../../arm-none-eabi/lib/thumb/v7e-m+fp/hard\libc_nano.a(lib_a-lnumeric.o)
                                          0x3 (size before relaxing)
 *fill*         0x00000000080080dd        0x3 
 .rodata._C_numeric_locale
                0x00000000080080e0        0xc c:/users/mames/.eclipse/com.st.stm32cube.ide.mcu.rcp.product_1.5.1_931663386_win32_win32_x86_64/plugins/com.st.stm32cube.ide.mcu.externaltools.gnu-tools-for-stm32.9-2020-q2-update.win32_1.5.0.202011040924/tools/bin/../lib/gcc/arm-none-eabi/9.3.1/../../../../arm-none-eabi/lib/thumb/v7e-m+fp/hard\libc_nano.a(lib_a-lnumeric.o)
                0x00000000080080e0                _C_numeric_locale
 .rodata._setlocale_r.str1.1
                0x00000000080080ec        0x8 c:/users/mames/.eclipse/com.st.stm32cube.ide.mcu.rcp.product_1.5.1_931663386_win32_win32_x86_64/plugins/com.st.stm32cube.ide.mcu.externaltools.gnu-tools-for-stm32.9-2020-q2-update.win32_1.5.0.202011040924/tools/bin/../lib/gcc/arm-none-eabi/9.3.1/../../../../arm-none-eabi/lib/thumb/v7e-m+fp/hard\libc_nano.a(lib_a-locale.o)
                                          0x9 (size before relaxing)
 .rodata.str1.1
                0x00000000080080f4        0x2 c:/users/mames/.eclipse/com.st.stm32cube.ide.mcu.rcp.product_1.5.1_931663386_win32_win32_x86_64/plugins/com.st.stm32cube.ide.mcu.externaltools.gnu-tools-for-stm32.9-2020-q2-update.win32_1.5.0.202011040924/tools/bin/../lib/gcc/arm-none-eabi/9.3.1/../../../../arm-none-eabi/lib/thumb/v7e-m+fp/hard\libc_nano.a(lib_a-locale.o)
 .rodata._Balloc.str1.1
                0x00000000080080f4       0x60 c:/users/mames/.eclipse/com.st.stm32cube.ide.mcu.rcp.product_1.5.1_931663386_win32_win32_x86_64/plugins/com.st.stm32cube.ide.mcu.externaltools.gnu-tools-for-stm32.9-2020-q2-update.win32_1.5.0.202011040924/tools/bin/../lib/gcc/arm-none-eabi/9.3.1/../../../../arm-none-eabi/lib/thumb/v7e-m+fp/hard\libc_nano.a(lib_a-mprec.o)
                                         0x77 (size before relaxing)
 .rodata.__multadd.str1.1
                0x0000000008008154       0x11 c:/users/mames/.eclipse/com.st.stm32cube.ide.mcu.rcp.product_1.5.1_931663386_win32_win32_x86_64/plugins/com.st.stm32cube.ide.mcu.externaltools.gnu-tools-for-stm32.9-2020-q2-update.win32_1.5.0.202011040924/tools/bin/../lib/gcc/arm-none-eabi/9.3.1/../../../../arm-none-eabi/lib/thumb/v7e-m+fp/hard\libc_nano.a(lib_a-mprec.o)
 *fill*         0x0000000008008154        0x4 
 .rodata.__mprec_bigtens
                0x0000000008008158       0x28 c:/users/mames/.eclipse/com.st.stm32cube.ide.mcu.rcp.product_1.5.1_931663386_win32_win32_x86_64/plugins/com.st.stm32cube.ide.mcu.externaltools.gnu-tools-for-stm32.9-2020-q2-update.win32_1.5.0.202011040924/tools/bin/../lib/gcc/arm-none-eabi/9.3.1/../../../../arm-none-eabi/lib/thumb/v7e-m+fp/hard\libc_nano.a(lib_a-mprec.o)
                0x0000000008008158                __mprec_bigtens
 .rodata.__mprec_tens
                0x0000000008008180       0xc8 c:/users/mames/.eclipse/com.st.stm32cube.ide.mcu.rcp.product_1.5.1_931663386_win32_win32_x86_64/plugins/com.st.stm32cube.ide.mcu.externaltools.gnu-tools-for-stm32.9-2020-q2-update.win32_1.5.0.202011040924/tools/bin/../lib/gcc/arm-none-eabi/9.3.1/../../../../arm-none-eabi/lib/thumb/v7e-m+fp/hard\libc_nano.a(lib_a-mprec.o)
                0x0000000008008180                __mprec_tens
 .rodata.p05.7513
                0x0000000008008248        0xc c:/users/mames/.eclipse/com.st.stm32cube.ide.mcu.rcp.product_1.5.1_931663386_win32_win32_x86_64/plugins/com.st.stm32cube.ide.mcu.externaltools.gnu-tools-for-stm32.9-2020-q2-update.win32_1.5.0.202011040924/tools/bin/../lib/gcc/arm-none-eabi/9.3.1/../../../../arm-none-eabi/lib/thumb/v7e-m+fp/hard\libc_nano.a(lib_a-mprec.o)
 .rodata._svfprintf_r.str1.1
                0x0000000008008254       0x11 c:/users/mames/.eclipse/com.st.stm32cube.ide.mcu.rcp.product_1.5.1_931663386_win32_win32_x86_64/plugins/com.st.stm32cube.ide.mcu.externaltools.gnu-tools-for-stm32.9-2020-q2-update.win32_1.5.0.202011040924/tools/bin/../lib/gcc/arm-none-eabi/9.3.1/../../../../arm-none-eabi/lib/thumb/v7e-m+fp/hard\libc_nano.a(lib_a-nano-svfprintf.o)
 .rodata.__assert_func.str1.1
                0x0000000008008265       0x3c c:/users/mames/.eclipse/com.st.stm32cube.ide.mcu.rcp.product_1.5.1_931663386_win32_win32_x86_64/plugins/com.st.stm32cube.ide.mcu.externaltools.gnu-tools-for-stm32.9-2020-q2-update.win32_1.5.0.202011040924/tools/bin/../lib/gcc/arm-none-eabi/9.3.1/../../../../arm-none-eabi/lib/thumb/v7e-m+fp/hard\libc_nano.a(lib_a-assert.o)
                                         0x3d (size before relaxing)
 .rodata._ctype_
                0x00000000080082a1      0x101 c:/users/mames/.eclipse/com.st.stm32cube.ide.mcu.rcp.product_1.5.1_931663386_win32_win32_x86_64/plugins/com.st.stm32cube.ide.mcu.externaltools.gnu-tools-for-stm32.9-2020-q2-update.win32_1.5.0.202011040924/tools/bin/../lib/gcc/arm-none-eabi/9.3.1/../../../../arm-none-eabi/lib/thumb/v7e-m+fp/hard\libc_nano.a(lib_a-ctype_.o)
                0x00000000080082a1                _ctype_
 .rodata._vfprintf_r.str1.1
                0x00000000080083a2       0x11 c:/users/mames/.eclipse/com.st.stm32cube.ide.mcu.rcp.product_1.5.1_931663386_win32_win32_x86_64/plugins/com.st.stm32cube.ide.mcu.externaltools.gnu-tools-for-stm32.9-2020-q2-update.win32_1.5.0.202011040924/tools/bin/../lib/gcc/arm-none-eabi/9.3.1/../../../../arm-none-eabi/lib/thumb/v7e-m+fp/hard\libc_nano.a(lib_a-nano-vfprintf.o)
 *fill*         0x00000000080083a2        0x2 
 .rodata.__sf_fake_stderr
                0x00000000080083a4       0x20 c:/users/mames/.eclipse/com.st.stm32cube.ide.mcu.rcp.product_1.5.1_931663386_win32_win32_x86_64/plugins/com.st.stm32cube.ide.mcu.externaltools.gnu-tools-for-stm32.9-2020-q2-update.win32_1.5.0.202011040924/tools/bin/../lib/gcc/arm-none-eabi/9.3.1/../../../../arm-none-eabi/lib/thumb/v7e-m+fp/hard\libc_nano.a(lib_a-findfp.o)
                0x00000000080083a4                __sf_fake_stderr
 .rodata.__sf_fake_stdin
                0x00000000080083c4       0x20 c:/users/mames/.eclipse/com.st.stm32cube.ide.mcu.rcp.product_1.5.1_931663386_win32_win32_x86_64/plugins/com.st.stm32cube.ide.mcu.externaltools.gnu-tools-for-stm32.9-2020-q2-update.win32_1.5.0.202011040924/tools/bin/../lib/gcc/arm-none-eabi/9.3.1/../../../../arm-none-eabi/lib/thumb/v7e-m+fp/hard\libc_nano.a(lib_a-findfp.o)
                0x00000000080083c4                __sf_fake_stdin
 .rodata.__sf_fake_stdout
                0x00000000080083e4       0x20 c:/users/mames/.eclipse/com.st.stm32cube.ide.mcu.rcp.product_1.5.1_931663386_win32_win32_x86_64/plugins/com.st.stm32cube.ide.mcu.externaltools.gnu-tools-for-stm32.9-2020-q2-update.win32_1.5.0.202011040924/tools/bin/../lib/gcc/arm-none-eabi/9.3.1/../../../../arm-none-eabi/lib/thumb/v7e-m+fp/hard\libc_nano.a(lib_a-findfp.o)
                0x00000000080083e4                __sf_fake_stdout
                0x0000000008008404                . = ALIGN (0x4)

.ARM.extab      0x0000000008008404        0x0
                0x0000000008008404                . = ALIGN (0x4)
 *(.ARM.extab* .gnu.linkonce.armextab.*)
                0x0000000008008404                . = ALIGN (0x4)

.ARM            0x0000000008008404        0x8
                0x0000000008008404                . = ALIGN (0x4)
                0x0000000008008404                __exidx_start = .
 *(.ARM.exidx*)
 .ARM.exidx     0x0000000008008404        0x8 c:/users/mames/.eclipse/com.st.stm32cube.ide.mcu.rcp.product_1.5.1_931663386_win32_win32_x86_64/plugins/com.st.stm32cube.ide.mcu.externaltools.gnu-tools-for-stm32.9-2020-q2-update.win32_1.5.0.202011040924/tools/bin/../lib/gcc/arm-none-eabi/9.3.1/thumb/v7e-m+fp/hard\libgcc.a(_udivmoddi4.o)
                0x000000000800840c                __exidx_end = .
                0x000000000800840c                . = ALIGN (0x4)

.rel.dyn        0x000000000800840c        0x0
 .rel.iplt      0x000000000800840c        0x0 c:/users/mames/.eclipse/com.st.stm32cube.ide.mcu.rcp.product_1.5.1_931663386_win32_win32_x86_64/plugins/com.st.stm32cube.ide.mcu.externaltools.gnu-tools-for-stm32.9-2020-q2-update.win32_1.5.0.202011040924/tools/bin/../lib/gcc/arm-none-eabi/9.3.1/thumb/v7e-m+fp/hard/crtbegin.o

.preinit_array  0x000000000800840c        0x0
                0x000000000800840c                . = ALIGN (0x4)
                0x000000000800840c                PROVIDE (__preinit_array_start = .)
 *(.preinit_array*)
                0x000000000800840c                PROVIDE (__preinit_array_end = .)
                0x000000000800840c                . = ALIGN (0x4)

.init_array     0x000000000800840c        0x4
                0x000000000800840c                . = ALIGN (0x4)
                0x000000000800840c                PROVIDE (__init_array_start = .)
 *(SORT_BY_NAME(.init_array.*))
 *(.init_array*)
 .init_array    0x000000000800840c        0x4 c:/users/mames/.eclipse/com.st.stm32cube.ide.mcu.rcp.product_1.5.1_931663386_win32_win32_x86_64/plugins/com.st.stm32cube.ide.mcu.externaltools.gnu-tools-for-stm32.9-2020-q2-update.win32_1.5.0.202011040924/tools/bin/../lib/gcc/arm-none-eabi/9.3.1/thumb/v7e-m+fp/hard/crtbegin.o
                0x0000000008008410                PROVIDE (__init_array_end = .)
                0x0000000008008410                . = ALIGN (0x4)

.fini_array     0x0000000008008410        0x4
                0x0000000008008410                . = ALIGN (0x4)
                [!provide]                        PROVIDE (__fini_array_start = .)
 *(SORT_BY_NAME(.fini_array.*))
 *(.fini_array*)