Archive member included to satisfy reference by file (symbol)

c:/users/mames/.eclipse/com.st.stm32cube.ide.mcu.rcp.product_1.5.1_931663386_win32_win32_x86_64/plugins/com.st.stm32cube.ide.mcu.externaltools.gnu-tools-for-stm32.9-2020-q2-update.win32_1.5.0.202011040924/tools/bin/../lib/gcc/arm-none-eabi/9.3.1/../../../../arm-none-eabi/lib/thumb/v7e-m+fp/hard\libc_nano.a(lib_a-errno.o)
                              Core/Src/syscalls.o (__errno)
c:/users/mames/.eclipse/com.st.stm32cube.ide.mcu.rcp.product_1.5.1_931663386_win32_win32_x86_64/plugins/com.st.stm32cube.ide.mcu.externaltools.gnu-tools-for-stm32.9-2020-q2-update.win32_1.5.0.202011040924/tools/bin/../lib/gcc/arm-none-eabi/9.3.1/../../../../arm-none-eabi/lib/thumb/v7e-m+fp/hard\libc_nano.a(lib_a-exit.o)
                              c:/users/mames/.eclipse/com.st.stm32cube.ide.mcu.rcp.product_1.5.1_931663386_win32_win32_x86_64/plugins/com.st.stm32cube.ide.mcu.externaltools.gnu-tools-for-stm32.9-2020-q2-update.win32_1.5.0.202011040924/tools/bin/../lib/gcc/arm-none-eabi/9.3.1/../../../../arm-none-eabi/lib/thumb/v7e-m+fp/hard/crt0.o (exit)
c:/users/mames/.eclipse/com.st.stm32cube.ide.mcu.rcp.product_1.5.1_931663386_win32_win32_x86_64/plugins/com.st.stm32cube.ide.mcu.externaltools.gnu-tools-for-stm32.9-2020-q2-update.win32_1.5.0.202011040924/tools/bin/../lib/gcc/arm-none-eabi/9.3.1/../../../../arm-none-eabi/lib/thumb/v7e-m+fp/hard\libc_nano.a(lib_a-impure.o)
                              c:/users/mames/.eclipse/com.st.stm32cube.ide.mcu.rcp.product_1.5.1_931663386_win32_win32_x86_64/plugins/com.st.stm32cube.ide.mcu.externaltools.gnu-tools-for-stm32.9-2020-q2-update.win32_1.5.0.202011040924/tools/bin/../lib/gcc/arm-none-eabi/9.3.1/../../../../arm-none-eabi/lib/thumb/v7e-m+fp/hard\libc_nano.a(lib_a-exit.o) (_global_impure_ptr)
c:/users/mames/.eclipse/com.st.stm32cube.ide.mcu.rcp.product_1.5.1_931663386_win32_win32_x86_64/plugins/com.st.stm32cube.ide.mcu.externaltools.gnu-tools-for-stm32.9-2020-q2-update.win32_1.5.0.202011040924/tools/bin/../lib/gcc/arm-none-eabi/9.3.1/../../../../arm-none-eabi/lib/thumb/v7e-m+fp/hard\libc_nano.a(lib_a-init.o)
                              c:/users/mames/.eclipse/com.st.stm32cube.ide.mcu.rcp.product_1.5.1_931663386_win32_win32_x86_64/plugins/com.st.stm32cube.ide.mcu.externaltools.gnu-tools-for-stm32.9-2020-q2-update.win32_1.5.0.202011040924/tools/bin/../lib/gcc/arm-none-eabi/9.3.1/../../../../arm-none-eabi/lib/thumb/v7e-m+fp/hard/crt0.o (__libc_init_array)
c:/users/mames/.eclipse/com.st.stm32cube.ide.mcu.rcp.product_1.5.1_931663386_win32_win32_x86_64/plugins/com.st.stm32cube.ide.mcu.externaltools.gnu-tools-for-stm32.9-2020-q2-update.win32_1.5.0.202011040924/tools/bin/../lib/gcc/arm-none-eabi/9.3.1/../../../../arm-none-eabi/lib/thumb/v7e-m+fp/hard\libc_nano.a(lib_a-memset.o)
                              c:/users/mames/.eclipse/com.st.stm32cube.ide.mcu.rcp.product_1.5.1_931663386_win32_win32_x86_64/plugins/com.st.stm32cube.ide.mcu.externaltools.gnu-tools-for-stm32.9-2020-q2-update.win32_1.5.0.202011040924/tools/bin/../lib/gcc/arm-none-eabi/9.3.1/../../../../arm-none-eabi/lib/thumb/v7e-m+fp/hard/crt0.o (memset)
c:/users/mames/.eclipse/com.st.stm32cube.ide.mcu.rcp.product_1.5.1_931663386_win32_win32_x86_64/plugins/com.st.stm32cube.ide.mcu.externaltools.gnu-tools-for-stm32.9-2020-q2-update.win32_1.5.0.202011040924/tools/bin/../lib/gcc/arm-none-eabi/9.3.1/../../../../arm-none-eabi/lib/thumb/v7e-m+fp/hard\libc_nano.a(lib_a-nano-vfprintf_float.o)
                              (_printf_float)
c:/users/mames/.eclipse/com.st.stm32cube.ide.mcu.rcp.product_1.5.1_931663386_win32_win32_x86_64/plugins/com.st.stm32cube.ide.mcu.externaltools.gnu-tools-for-stm32.9-2020-q2-update.win32_1.5.0.202011040924/tools/bin/../lib/gcc/arm-none-eabi/9.3.1/../../../../arm-none-eabi/lib/thumb/v7e-m+fp/hard\libc_nano.a(lib_a-nano-vfprintf_i.o)
                              c:/users/mames/.eclipse/com.st.stm32cube.ide.mcu.rcp.product_1.5.1_931663386_win32_win32_x86_64/plugins/com.st.stm32cube.ide.mcu.externaltools.gnu-tools-for-stm32.9-2020-q2-update.win32_1.5.0.202011040924/tools/bin/../lib/gcc/arm-none-eabi/9.3.1/../../../../arm-none-eabi/lib/thumb/v7e-m+fp/hard\libc_nano.a(lib_a-nano-vfprintf_float.o) (_printf_common)
c:/users/mames/.eclipse/com.st.stm32cube.ide.mcu.rcp.product_1.5.1_931663386_win32_win32_x86_64/plugins/com.st.stm32cube.ide.mcu.externaltools.gnu-tools-for-stm32.9-2020-q2-update.win32_1.5.0.202011040924/tools/bin/../lib/gcc/arm-none-eabi/9.3.1/../../../../arm-none-eabi/lib/thumb/v7e-m+fp/hard\libc_nano.a(lib_a-snprintf.o)
                              Core/Src/commands.o (snprintf)
c:/users/mames/.eclipse/com.st.stm32cube.ide.mcu.rcp.product_1.5.1_931663386_win32_win32_x86_64/plugins/com.st.stm32cube.ide.mcu.externaltools.gnu-tools-for-stm32.9-2020-q2-update.win32_1.5.0.202011040924/tools/bin/../lib/gcc/arm-none-eabi/9.3.1/../../../../arm-none-eabi/lib/thumb/v7e-m+fp/hard\libc_nano.a(lib_a-strchr.o)
[...]
Memory Configuration

Name             Origin             Length             Attributes
CCMRAM           0x0000000010000000 0x0000000000002000 xrw
RAM              0x0000000020000000 0x000000000000a000 xrw
FLASH            0x0000000008000000 0x0000000000040000 xr
*default*        0x0000000000000000 0xffffffffffffffff

Linker script and memory map

LOAD c:/users/mames/.eclipse/com.st.stm32cube.ide.mcu.rcp.product_1.5.1_931663386_win32_win32_x86_64/plugins/com.st.stm32cube.ide.mcu.externaltools.gnu-tools-for-stm32.9-2020-q2-update.win32_1.5.0.202011040924/tools/bin/../lib/gcc/arm-none-eabi/9.3.1/thumb/v7e-m+fp/hard/crti.o
LOAD c:/users/mames/.eclipse/com.st.stm32cube.ide.mcu.rcp.product_1.5.1_931663386_win32_win32_x86_64/plugins/com.st.stm32cube.ide.mcu.externaltools.gnu-tools-for-stm32.9-2020-q2-update.win32_1.5.0.202011040924/tools/bin/../lib/gcc/arm-none-eabi/9.3.1/thumb/v7e-m+fp/hard/crtbegin.o
LOAD c:/users/mames/.eclipse/com.st.stm32cube.ide.mcu.rcp.product_1.5.1_931663386_win32_win32_x86_64/plugins/com.st.stm32cube.ide.mcu.externaltools.gnu-tools-for-stm32.9-2020-q2-update.win32_1.5.0.202011040924/tools/bin/../lib/gcc/arm-none-eabi/9.3.1/../../../../arm-none-eabi/lib/thumb/v7e-m+fp/hard/crt0.o
LOAD Core/Src/commands.o
LOAD Core/Src/fsm.o
LOAD Core/Src/fsmPacketCtrl.o
LOAD Core/Src/fsmParse.o
LOAD Core/Src/main.o
LOAD Core/Src/stm32f3xx_hal_msp.o
LOAD Core/Src/stm32f3xx_it.o
LOAD Core/Src/syscalls.o
LOAD Core/Src/sysmem.o
LOAD Core/Src/system_stm32f3xx.o
LOAD Core/Startup/startup_stm32f303vctx.o
LOAD Drivers/STM32F3xx_HAL_Driver/Src/stm32f3xx_hal.o
LOAD Drivers/STM32F3xx_HAL_Driver/Src/stm32f3xx_hal_adc.o
LOAD Drivers/STM32F3xx_HAL_Driver/Src/stm32f3xx_hal_adc_ex.o
LOAD Drivers/STM32F3xx_HAL_Driver/Src/stm32f3xx_hal_cortex.o
LOAD Drivers/STM32F3xx_HAL_Driver/Src/stm32f3xx_hal_dac.o
LOAD Drivers/STM32F3xx_HAL_Driver/Src/stm32f3xx_hal_dac_ex.o
LOAD Drivers/STM32F3xx_HAL_Driver/Src/stm32f3xx_hal_dma.o
LOAD Drivers/STM32F3xx_HAL_Driver/Src/stm32f3xx_hal_exti.o
LOAD Drivers/STM32F3xx_HAL_Driver/Src/stm32f3xx_hal_flash.o
LOAD Drivers/STM32F3xx_HAL_Driver/Src/stm32f3xx_hal_flash_ex.o
LOAD Drivers/STM32F3xx_HAL_Driver/Src/stm32f3xx_hal_gpio.o
LOAD Drivers/STM32F3xx_HAL_Driver/Src/stm32f3xx_hal_i2c.o
LOAD Drivers/STM32F3xx_HAL_Driver/Src/stm32f3xx_hal_i2c_ex.o
LOAD Drivers/STM32F3xx_HAL_Driver/Src/stm32f3xx_hal_pwr.o
LOAD Drivers/STM32F3xx_HAL_Driver/Src/stm32f3xx_hal_pwr_ex.o
LOAD Drivers/STM32F3xx_HAL_Driver/Src/stm32f3xx_hal_rcc.o
LOAD Drivers/STM32F3xx_HAL_Driver/Src/stm32f3xx_hal_rcc_ex.o
LOAD Drivers/STM32F3xx_HAL_Driver/Src/stm32f3xx_hal_tim.o
LOAD Drivers/STM32F3xx_HAL_Driver/Src/stm32f3xx_hal_tim_ex.o
LOAD Drivers/STM32F3xx_HAL_Driver/Src/stm32f3xx_hal_uart.o
LOAD Drivers/STM32F3xx_HAL_Driver/Src/stm32f3xx_hal_uart_ex.o
START GROUP
LOAD c:/users/mames/.eclipse/com.st.stm32cube.ide.mcu.rcp.product_1.5.1_931663386_win32_win32_x86_64/plugins/com.st.stm32cube.ide.mcu.externaltools.gnu-tools-for-stm32.9-2020-q2-update.win32_1.5.0.202011040924/tools/bin/../lib/gcc/arm-none-eabi/9.3.1/../../../../arm-none-eabi/lib/thumb/v7e-m+fp/hard\libc_nano.a
LOAD c:/users/mames/.eclipse/com.st.stm32cube.ide.mcu.rcp.product_1.5.1_931663386_win32_win32_x86_64/plugins/com.st.stm32cube.ide.mcu.externaltools.gnu-tools-for-stm32.9-2020-q2-update.win32_1.5.0.202011040924/tools/bin/../lib/gcc/arm-none-eabi/9.3.1/../../../../arm-none-eabi/lib/thumb/v7e-m+fp/hard\libm.a
END GROUP
START GROUP
LOAD c:/users/mames/.eclipse/com.st.stm32cube.ide.mcu.rcp.product_1.5.1_931663386_win32_win32_x86_64/plugins/com.st.stm32cube.ide.mcu.externaltools.gnu-tools-for-stm32.9-2020-q2-update.win32_1.5.0.202011040924/tools/bin/../lib/gcc/arm-none-eabi/9.3.1/thumb/v7e-m+fp/hard\libgcc.a
LOAD c:/users/mames/.eclipse/com.st.stm32cube.ide.mcu.rcp.product_1.5.1_931663386_win32_win32_x86_64/plugins/com.st.stm32cube.ide.mcu.externaltools.gnu-tools-for-stm32.9-2020-q2-update.win32_1.5.0.202011040924/tools/bin/../lib/gcc/arm-none-eabi/9.3.1/../../../../arm-none-eabi/lib/thumb/v7e-m+fp/hard\libc_nano.a
END GROUP
START GROUP
LOAD c:/users/mames/.eclipse/com.st.stm32cube.ide.mcu.rcp.product_1.5.1_931663386_win32_win32_x86_64/plugins/com.st.stm32cube.ide.mcu.externaltools.gnu-tools-for-stm32.9-2020-q2-update.win32_1.5.0.202011040924/tools/bin/../lib/gcc/arm-none-eabi/9.3.1/thumb/v7e-m+fp/hard\libgcc.a
LOAD c:/users/mames/.eclipse/com.st.stm32cube.ide.mcu.rcp.product_1.5.1_931663386_win32_win32_x86_64/plugins/com.st.stm32cube.ide.mcu.externaltools.gnu-tools-for-stm32.9-2020-q2-update.win32_1.5.0.202011040924/tools/bin/../lib/gcc/arm-none-eabi/9.3.1/../../../../arm-none-eabi/lib/thumb/v7e-m+fp/hard\libc_nano.a
LOAD c:/users/mames/.eclipse/com.st.stm32cube.ide.mcu.rcp.product_1.5.1_931663386_win32_win32_x86_64/plugins/com.st.stm32cube.ide.mcu.externaltools.gnu-tools-for-stm32.9-2020-q2-update.win32_1.5.0.202011040924/tools/bin/../lib/gcc/arm-none-eabi/9.3.1/../../../../arm-none-eabi/lib/thumb/v7e-m+fp/hard\libnosys.a
END GROUP
START GROUP
LOAD c:/users/mames/.eclipse/com.st.stm32cube.ide.mcu.rcp.product_1.5.1_931663386_win32_win32_x86_64/plugins/com.st.stm32cube.ide.mcu.externaltools.gnu-tools-for-stm32.9-2020-q2-update.win32_1.5.0.202011040924/tools/bin/../lib/gcc/arm-none-eabi/9.3.1/thumb/v7e-m+fp/hard\libgcc.a
LOAD c:/users/mames/.eclipse/com.st.stm32cube.ide.mcu.rcp.product_1.5.1_931663386_win32_win32_x86_64/plugins/com.st.stm32cube.ide.mcu.externaltools.gnu-tools-for-stm32.9-2020-q2-update.win32_1.5.0.202011040924/tools/bin/../lib/gcc/arm-none-eabi/9.3.1/../../../../arm-none-eabi/lib/thumb/v7e-m+fp/hard\libc_nano.a
LOAD c:/users/mames/.eclipse/com.st.stm32cube.ide.mcu.rcp.product_1.5.1_931663386_win32_win32_x86_64/plugins/com.st.stm32cube.ide.mcu.externaltools.gnu-tools-for-stm32.9-2020-q2-update.win32_1.5.0.202011040924/tools/bin/../lib/gcc/arm-none-eabi/9.3.1/../../../../arm-none-eabi/lib/thumb/v7e-m+fp/hard\libnosys.a
END GROUP
LOAD c:/users/mames/.eclipse/com.st.stm32cube.ide.mcu.rcp.product_1.5.1_931663386_win32_win32_x86_64/plugins/com.st.stm32cube.ide.mcu.externaltools.gnu-tools-for-stm32.9-2020-q2-update.win32_1.5.0.202011040924/tools/bin/../lib/gcc/arm-none-eabi/9.3.1/thumb/v7e-m+fp/hard/crtend.o
LOAD c:/users/mames/.eclipse/com.st.stm32cube.ide.mcu.rcp.product_1.5.1_931663386_win32_win32_x86_64/plugins/com.st.stm32cube.ide.mcu.externaltools.gnu-tools-for-stm32.9-2020-q2-update.win32_1.5.0.202011040924/tools/bin/../lib/gcc/arm-none-eabi/9.3.1/thumb/v7e-m+fp/hard/crtn.o
                0x000000002000a000                _estack = (ORIGIN (RAM) + LENGTH (RAM))
                0x0000000000000200                _Min_Heap_Size = 0x200
                0x0000000000000400                _Min_Stack_Size = 0x400

.isr_vector     0x0000000008000000      0x188
                0x0000000008000000                . = ALIGN (0x4)
 *(.isr_vector)
 .isr_vector    0x0000000008000000      0x188 Core/Startup/startup_stm32f303vctx.o
                0x0000000008000000                g_pfnVectors
                0x0000000008000188                . = ALIGN (0x4)

.text           0x0000000008000190     0xaa50
                0x0000000008000190                . = ALIGN (0x4)
 *(.text)
 .text          0x0000000008000190       0x40 c:/users/mames/.eclipse/com.st.stm32cube.ide.mcu.rcp.product_1.5.1_931663386_win32_win32_x86_64/plugins/com.st.stm32cube.ide.mcu.externaltools.gnu-tools-for-stm32.9-2020-q2-update.win32_1.5.0.202011040924/tools/bin/../lib/gcc/arm-none-eabi/9.3.1/thumb/v7e-m+fp/hard/crtbegin.o
 .text          0x00000000080001d0       0x10 c:/users/mames/.eclipse/com.st.stm32cube.ide.mcu.rcp.product_1.5.1_931663386_win32_win32_x86_64/plugins/com.st.stm32cube.ide.mcu.externaltools.gnu-tools-for-stm32.9-2020-q2-update.win32_1.5.0.202011040924/tools/bin/../lib/gcc/arm-none-eabi/9.3.1/../../../../arm-none-eabi/lib/thumb/v7e-m+fp/hard\libc_nano.a(lib_a-strlen.o)
                0x00000000080001d0                strlen
 .text          0x00000000080001e0       0xa0 c:/users/mames/.eclipse/com.st.stm32cube.ide.mcu.rcp.product_1.5.1_931663386_win32_win32_x86_64/plugins/com.st.stm32cube.ide.mcu.externaltools.gnu-tools-for-stm32.9-2020-q2-update.win32_1.5.0.202011040924/tools/bin/../lib/gcc/arm-none-eabi/9.3.1/../../../../arm-none-eabi/lib/thumb/v7e-m+fp/hard\libc_nano.a(lib_a-memchr.o)
                0x00000000080001e0                memchr
 .text          0x0000000008000280      0x378 c:/users/mames/.eclipse/com.st.stm32cube.ide.mcu.rcp.product_1.5.1_931663386_win32_win32_x86_64/plugins/com.st.stm32cube.ide.mcu.externaltools.gnu-tools-for-stm32.9-2020-q2-update.win32_1.5.0.202011040924/tools/bin/../lib/gcc/arm-none-eabi/9.3.1/thumb/v7e-m+fp/hard\libgcc.a(_arm_addsubdf3.o)
                0x0000000008000280                __aeabi_drsub
                0x0000000008000288                __aeabi_dsub
                0x0000000008000288                __subdf3
                0x000000000800028c                __aeabi_dadd
                0x000000000800028c                __adddf3
                0x0000000008000504                __floatunsidf
                0x0000000008000504                __aeabi_ui2d
                0x0000000008000524                __floatsidf
                0x0000000008000524                __aeabi_i2d
                0x0000000008000548                __aeabi_f2d
                0x0000000008000548                __extendsfdf2
                0x000000000800058c                __floatundidf
                0x000000000800058c                __aeabi_ul2d
                0x000000000800059c                __floatdidf
                0x000000000800059c                __aeabi_l2d
 .text          0x00000000080005f8      0x424 c:/users/mames/.eclipse/com.st.stm32cube.ide.mcu.rcp.product_1.5.1_931663386_win32_win32_x86_64/plugins/com.st.stm32cube.ide.mcu.externaltools.gnu-tools-for-stm32.9-2020-q2-update.win32_1.5.0.202011040924/tools/bin/../lib/gcc/arm-none-eabi/9.3.1/thumb/v7e-m+fp/hard\libgcc.a(_arm_muldivdf3.o)
                0x00000000080005f8                __aeabi_dmul
                0x00000000080005f8                __muldf3
                0x000000000800084c                __divdf3
                0x000000000800084c                __aeabi_ddiv
 .text          0x0000000008000a1c      0x110 c:/users/mames/.eclipse/com.st.stm32cube.ide.mcu.rcp.product_1.5.1_931663386_win32_win32_x86_64/plugins/com.st.stm32cube.ide.mcu.externaltools.gnu-tools-for-stm32.9-2020-q2-update.win32_1.5.0.202011040924/tools/bin/../lib/gcc/arm-none-eabi/9.3.1/thumb/v7e-m+fp/hard\libgcc.a(_arm_cmpdf2.o)
                0x0000000008000a1c                __gtdf2
                0x0000000008000a1c                __gedf2
                0x0000000008000a24                __ltdf2
                0x0000000008000a24                __ledf2
                0x0000000008000a2c                __nedf2
                0x0000000008000a2c                __eqdf2
                0x0000000008000a2c                __cmpdf2
                0x0000000008000aa8                __aeabi_cdrcmple
                0x0000000008000ab8                __aeabi_cdcmpeq
                0x0000000008000ab8                __aeabi_cdcmple
                0x0000000008000ac8                __aeabi_dcmpeq
                0x0000000008000adc                __aeabi_dcmplt
                0x0000000008000af0                __aeabi_dcmple
                0x0000000008000b04                __aeabi_dcmpge
                0x0000000008000b18                __aeabi_dcmpgt
 .text          0x0000000008000b2c       0x2c c:/users/mames/.eclipse/com.st.stm32cube.ide.mcu.rcp.product_1.5.1_931663386_win32_win32_x86_64/plugins/com.st.stm32cube.ide.mcu.externaltools.gnu-tools-for-stm32.9-2020-q2-update.win32_1.5.0.202011040924/tools/bin/../lib/gcc/arm-none-eabi/9.3.1/thumb/v7e-m+fp/hard\libgcc.a(_arm_unorddf2.o)
                0x0000000008000b2c                __unorddf2
                0x0000000008000b2c                __aeabi_dcmpun
 .text          0x0000000008000b58       0x50 c:/users/mames/.eclipse/com.st.stm32cube.ide.mcu.rcp.product_1.5.1_931663386_win32_win32_x86_64/plugins/com.st.stm32cube.ide.mcu.externaltools.gnu-tools-for-stm32.9-2020-q2-update.win32_1.5.0.202011040924/tools/bin/../lib/gcc/arm-none-eabi/9.3.1/thumb/v7e-m+fp/hard\libgcc.a(_arm_fixdfsi.o)
                0x0000000008000b58                __aeabi_d2iz
                0x0000000008000b58                __fixdfsi
 .text          0x0000000008000ba8       0x40 c:/users/mames/.eclipse/com.st.stm32cube.ide.mcu.rcp.product_1.5.1_931663386_win32_win32_x86_64/plugins/com.st.stm32cube.ide.mcu.externaltools.gnu-tools-for-stm32.9-2020-q2-update.win32_1.5.0.202011040924/tools/bin/../lib/gcc/arm-none-eabi/9.3.1/thumb/v7e-m+fp/hard\libgcc.a(_arm_fixunsdfsi.o)
                0x0000000008000ba8                __aeabi_d2uiz
                0x0000000008000ba8                __fixunsdfsi
 .text          0x0000000008000be8       0xa0 c:/users/mames/.eclipse/com.st.stm32cube.ide.mcu.rcp.product_1.5.1_931663386_win32_win32_x86_64/plugins/com.st.stm32cube.ide.mcu.externaltools.gnu-tools-for-stm32.9-2020-q2-update.win32_1.5.0.202011040924/tools/bin/../lib/gcc/arm-none-eabi/9.3.1/thumb/v7e-m+fp/hard\libgcc.a(_arm_truncdfsf2.o)
                0x0000000008000be8                __truncdfsf2
                0x0000000008000be8                __aeabi_d2f
 .text          0x0000000008000c88       0x30 c:/users/mames/.eclipse/com.st.stm32cube.ide.mcu.rcp.product_1.5.1_931663386_win32_win32_x86_64/plugins/com.st.stm32cube.ide.mcu.externaltools.gnu-tools-for-stm32.9-2020-q2-update.win32_1.5.0.202011040924/tools/bin/../lib/gcc/arm-none-eabi/9.3.1/thumb/v7e-m+fp/hard\libgcc.a(_fixdfdi.o)
                0x0000000008000c88                __fixdfdi
                0x0000000008000c88                __aeabi_d2lz
 .text          0x0000000008000cb8       0x3c c:/users/mames/.eclipse/com.st.stm32cube.ide.mcu.rcp.product_1.5.1_931663386_win32_win32_x86_64/plugins/com.st.stm32cube.ide.mcu.externaltools.gnu-tools-for-stm32.9-2020-q2-update.win32_1.5.0.202011040924/tools/bin/../lib/gcc/arm-none-eabi/9.3.1/thumb/v7e-m+fp/hard\libgcc.a(_fixunsdfdi.o)
                0x0000000008000cb8                __fixunsdfdi
                0x0000000008000cb8                __aeabi_d2ulz
 *(.text*)
 .text.noop     0x0000000008000cf4        0xe Core/Src/commands.o
                0x0000000008000cf4                noop
 *fill*         0x0000000008000d02        0x2 
 .text.idnCMD   0x0000000008000d04       0x30 Core/Src/commands.o
                0x0000000008000d04                idnCMD
 *fill*         0x0000000008000d34        0x4 
 .text.voltageCMD
                0x0000000008000d38       0xe8 Core/Src/commands.o
                0x0000000008000d38                voltageCMD
 .text.execute  0x0000000008000e20       0x34 Core/Src/commands.o
                0x0000000008000e20                execute
 .text.initFSM  0x0000000008000e54       0x34 Core/Src/fsm.o
                0x0000000008000e54                initFSM
 .text.packetCtrlIDLE
                0x0000000008000e88       0x54 Core/Src/fsmPacketCtrl.o
                0x0000000008000e88                packetCtrlIDLE
 .text.packetCtrlSelect
                0x0000000008000edc       0x28 Core/Src/fsmPacketCtrl.o
                0x0000000008000edc                packetCtrlSelect
 .text.packetCtrlWaitProcessed
                0x0000000008000f04       0x44 Core/Src/fsmPacketCtrl.o
                0x0000000008000f04                packetCtrlWaitProcessed
 .text.packetCtrlNext
                0x0000000008000f48       0x64 Core/Src/fsmPacketCtrl.o
                0x0000000008000f48                packetCtrlNext
 .text.selectCmd
                0x0000000008000fac       0xe0 Core/Src/fsmParse.o
                0x0000000008000fac                selectCmd
 .text.parseIDLE
                0x000000000800108c       0x5c Core/Src/fsmParse.o
                0x000000000800108c                parseIDLE
 .text.parseNode
                0x00000000080010e8       0x88 Core/Src/fsmParse.o
                0x00000000080010e8                parseNode
 .text.parseAddr
                0x0000000008001170       0x6c Core/Src/fsmParse.o
                0x0000000008001170                parseAddr
 .text.parseSection
                0x00000000080011dc       0xd8 Core/Src/fsmParse.o
                0x00000000080011dc                parseSection
 .text.parseCmdIDN
                0x00000000080012b4       0x40 Core/Src/fsmParse.o
                0x00000000080012b4                parseCmdIDN
 .text.parseCmdBIAS
                0x00000000080012f4       0x5a Core/Src/fsmParse.o
                0x00000000080012f4                parseCmdBIAS
 .text.parseCmdKAT
                0x000000000800134e       0x5a Core/Src/fsmParse.o
                0x000000000800134e                parseCmdKAT
 .text.parseCmdMON
                0x00000000080013a8       0x14 Core/Src/fsmParse.o
                0x00000000080013a8                parseCmdMON
 .text.parseSendToAddr
                0x00000000080013bc       0x40 Core/Src/fsmParse.o
                0x00000000080013bc                parseSendToAddr
 .text.parseVoltageCmd
                0x00000000080013fc       0xd4 Core/Src/fsmParse.o
                0x00000000080013fc                parseVoltageCmd
 .text.parseMaxCmd
                0x00000000080014d0       0x14 Core/Src/fsmParse.o
                0x00000000080014d0                parseMaxCmd
 .text.parseStateCmd
                0x00000000080014e4       0x14 Core/Src/fsmParse.o
                0x00000000080014e4                parseStateCmd
 .text.parseVoltageQuery
                0x00000000080014f8       0x14 Core/Src/fsmParse.o
                0x00000000080014f8                parseVoltageQuery
 .text.parseMaxQuery
                0x000000000800150c       0x14 Core/Src/fsmParse.o
                0x000000000800150c                parseMaxQuery
 .text.parseStateQuery
                0x0000000008001520       0x14 Core/Src/fsmParse.o
                0x0000000008001520                parseStateQuery
 .text.parseErrNode
                0x0000000008001534       0x40 Core/Src/fsmParse.o
                0x0000000008001534                parseErrNode
 .text.parseErrSection
                0x0000000008001574       0x40 Core/Src/fsmParse.o
                0x0000000008001574                parseErrSection
 .text.parseErrCmd
                0x00000000080015b4       0x40 Core/Src/fsmParse.o
                0x00000000080015b4                parseErrCmd
 .text.main     0x00000000080015f4       0xf0 Core/Src/main.o
                0x00000000080015f4                main
 .text.SystemClock_Config
                0x00000000080016e4       0xc0 Core/Src/main.o
                0x00000000080016e4                SystemClock_Config
 .text.MX_ADC1_Init
                0x00000000080017a4       0xe0 Core/Src/main.o
 .text.MX_ADC3_Init
                0x0000000008001884       0xe0 Core/Src/main.o
 .text.MX_DAC_Init
                0x0000000008001964       0x6c Core/Src/main.o
 .text.MX_USART1_UART_Init
                0x00000000080019d0       0x60 Core/Src/main.o
 .text.MX_USART2_UART_Init
                0x0000000008001a30       0x60 Core/Src/main.o
 .text.MX_DMA_Init
                0x0000000008001a90       0x64 Core/Src/main.o
 .text.MX_GPIO_Init
                0x0000000008001af4       0x60 Core/Src/main.o
 .text.Error_Handler
                0x0000000008001b54        0xa Core/Src/main.o
                0x0000000008001b54                Error_Handler
 *fill*         0x0000000008001b5e        0x2 
 .text.HAL_MspInit
                0x0000000008001b60       0x48 Core/Src/stm32f3xx_hal_msp.o
                0x0000000008001b60                HAL_MspInit
 .text.HAL_ADC_MspInit
                0x0000000008001ba8      0x1a4 Core/Src/stm32f3xx_hal_msp.o
                0x0000000008001ba8                HAL_ADC_MspInit
 .text.HAL_DAC_MspInit
                0x0000000008001d4c       0x7c Core/Src/stm32f3xx_hal_msp.o
                0x0000000008001d4c                HAL_DAC_MspInit
 .text.HAL_UART_MspInit
                0x0000000008001dc8      0x108 Core/Src/stm32f3xx_hal_msp.o
                0x0000000008001dc8                HAL_UART_MspInit
 .text.NMI_Handler
                0x0000000008001ed0        0x6 Core/Src/stm32f3xx_it.o
                0x0000000008001ed0                NMI_Handler
 .text.HardFault_Handler
                0x0000000008001ed6        0x6 Core/Src/stm32f3xx_it.o
                0x0000000008001ed6                HardFault_Handler
 .text.MemManage_Handler
                0x0000000008001edc        0x6 Core/Src/stm32f3xx_it.o
                0x0000000008001edc                MemManage_Handler
 .text.BusFault_Handler
                0x0000000008001ee2        0x6 Core/Src/stm32f3xx_it.o
                0x0000000008001ee2                BusFault_Handler
 .text.UsageFault_Handler
                0x0000000008001ee8        0x6 Core/Src/stm32f3xx_it.o
                0x0000000008001ee8                UsageFault_Handler
 .text.SVC_Handler
                0x0000000008001eee        0xe Core/Src/stm32f3xx_it.o
                0x0000000008001eee                SVC_Handler
 .text.DebugMon_Handler
                0x0000000008001efc        0xe Core/Src/stm32f3xx_it.o
                0x0000000008001efc                DebugMon_Handler
 .text.PendSV_Handler
                0x0000000008001f0a        0xe Core/Src/stm32f3xx_it.o
                0x0000000008001f0a                PendSV_Handler
 .text.SysTick_Handler
                0x0000000008001f18        0xc Core/Src/stm32f3xx_it.o
                0x0000000008001f18                SysTick_Handler
 .text.DMA1_Channel1_IRQHandler
                0x0000000008001f24       0x14 Core/Src/stm32f3xx_it.o
                0x0000000008001f24                DMA1_Channel1_IRQHandler
 .text.ADC1_2_IRQHandler
                0x0000000008001f38       0x14 Core/Src/stm32f3xx_it.o
                0x0000000008001f38                ADC1_2_IRQHandler
 .text.USART1_IRQHandler
                0x0000000008001f4c       0xf0 Core/Src/stm32f3xx_it.o
                0x0000000008001f4c                USART1_IRQHandler
 .text.USART2_IRQHandler
                0x000000000800203c       0x14 Core/Src/stm32f3xx_it.o
                0x000000000800203c                USART2_IRQHandler
 .text.ADC3_IRQHandler
                0x0000000008002050       0x14 Core/Src/stm32f3xx_it.o
                0x0000000008002050                ADC3_IRQHandler
 .text.DMA2_Channel5_IRQHandler
                0x0000000008002064       0x14 Core/Src/stm32f3xx_it.o
                0x0000000008002064                DMA2_Channel5_IRQHandler
 .text._getpid  0x0000000008002078       0x10 Core/Src/syscalls.o
                0x0000000008002078                _getpid
 .text._kill    0x0000000008002088       0x20 Core/Src/syscalls.o
                0x0000000008002088                _kill
 .text._exit    0x00000000080020a8       0x14 Core/Src/syscalls.o
                0x00000000080020a8                _exit
 .text._read    0x00000000080020bc       0x3a Core/Src/syscalls.o
                0x00000000080020bc                _read
 .text._write   0x00000000080020f6       0x38 Core/Src/syscalls.o
                0x00000000080020f6                _write
 .text._close   0x000000000800212e       0x18 Core/Src/syscalls.o
                0x000000000800212e                _close
 .text._fstat   0x0000000008002146       0x20 Core/Src/syscalls.o
                0x0000000008002146                _fstat
 .text._isatty  0x0000000008002166       0x16 Core/Src/syscalls.o
                0x0000000008002166                _isatty
 .text._lseek   0x000000000800217c       0x1a Core/Src/syscalls.o
                0x000000000800217c                _lseek
 *fill*         0x0000000008002196        0x2 
 .text._sbrk    0x0000000008002198       0x6c Core/Src/sysmem.o
                0x0000000008002198                _sbrk
 .text.SystemInit
                0x0000000008002204       0x24 Core/Src/system_stm32f3xx.o
                0x0000000008002204                SystemInit
 .text.Reset_Handler
                0x0000000008002228       0x50 Core/Startup/startup_stm32f303vctx.o
                0x0000000008002228                Reset_Handler
 .text.Default_Handler
                0x0000000008002278        0x2 Core/Startup/startup_stm32f303vctx.o
                0x0000000008002278                RTC_Alarm_IRQHandler
                0x0000000008002278                TIM8_TRG_COM_IRQHandler
                0x0000000008002278                TIM8_CC_IRQHandler
                0x0000000008002278                TIM1_CC_IRQHandler
                0x0000000008002278                USB_HP_IRQHandler
                0x0000000008002278                PVD_IRQHandler
                0x0000000008002278                TAMP_STAMP_IRQHandler
                0x0000000008002278                EXTI3_IRQHandler
                0x0000000008002278                USB_HP_CAN_TX_IRQHandler
                0x0000000008002278                EXTI0_IRQHandler
                0x0000000008002278                I2C2_EV_IRQHandler
                0x0000000008002278                FPU_IRQHandler
                0x0000000008002278                TIM1_UP_TIM16_IRQHandler
                0x0000000008002278                SPI1_IRQHandler
                0x0000000008002278                CAN_SCE_IRQHandler
                0x0000000008002278                TIM6_DAC_IRQHandler
                0x0000000008002278                TIM8_UP_IRQHandler
                0x0000000008002278                DMA2_Channel2_IRQHandler
                0x0000000008002278                DMA1_Channel4_IRQHandler
                0x0000000008002278                USART3_IRQHandler
                0x0000000008002278                DMA1_Channel7_IRQHandler
                0x0000000008002278                UART5_IRQHandler
                0x0000000008002278                TIM4_IRQHandler
                0x0000000008002278                CAN_RX1_IRQHandler
                0x0000000008002278                DMA2_Channel1_IRQHandler
                0x0000000008002278                I2C1_EV_IRQHandler
                0x0000000008002278                DMA1_Channel6_IRQHandler
                0x0000000008002278                UART4_IRQHandler
                0x0000000008002278                DMA2_Channel4_IRQHandler
                0x0000000008002278                TIM3_IRQHandler
                0x0000000008002278                RCC_IRQHandler
                0x0000000008002278                Default_Handler
                0x0000000008002278                USBWakeUp_RMP_IRQHandler
                0x0000000008002278                EXTI15_10_IRQHandler
                0x0000000008002278                TIM7_IRQHandler
                0x0000000008002278                EXTI9_5_IRQHandler
                0x0000000008002278                RTC_WKUP_IRQHandler
                0x0000000008002278                SPI2_IRQHandler
                0x0000000008002278                USB_LP_CAN_RX0_IRQHandler
                0x0000000008002278                DMA1_Channel5_IRQHandler
                0x0000000008002278                USB_LP_IRQHandler
                0x0000000008002278                EXTI4_IRQHandler
                0x0000000008002278                TIM1_TRG_COM_TIM17_IRQHandler
                0x0000000008002278                DMA1_Channel3_IRQHandler
                0x0000000008002278                ADC4_IRQHandler
                0x0000000008002278                WWDG_IRQHandler
                0x0000000008002278                TIM2_IRQHandler
                0x0000000008002278                COMP7_IRQHandler
                0x0000000008002278                COMP1_2_3_IRQHandler
                0x0000000008002278                EXTI1_IRQHandler
                0x0000000008002278                COMP4_5_6_IRQHandler
                0x0000000008002278                I2C2_ER_IRQHandler
                0x0000000008002278                DMA1_Channel2_IRQHandler
                0x0000000008002278                TIM8_BRK_IRQHandler
                0x0000000008002278                FLASH_IRQHandler
                0x0000000008002278                SPI3_IRQHandler
                0x0000000008002278                I2C1_ER_IRQHandler
                0x0000000008002278                USBWakeUp_IRQHandler
                0x0000000008002278                DMA2_Channel3_IRQHandler
                0x0000000008002278                EXTI2_TSC_IRQHandler
                0x0000000008002278                TIM1_BRK_TIM15_IRQHandler
 *fill*         0x000000000800227a        0x2 
 .text.HAL_Init
                0x000000000800227c       0x2c Drivers/STM32F3xx_HAL_Driver/Src/stm32f3xx_hal.o
                0x000000000800227c                HAL_Init
 .text.HAL_InitTick
                0x00000000080022a8       0x60 Drivers/STM32F3xx_HAL_Driver/Src/stm32f3xx_hal.o
                0x00000000080022a8                HAL_InitTick
 .text.HAL_IncTick
                0x0000000008002308       0x28 Drivers/STM32F3xx_HAL_Driver/Src/stm32f3xx_hal.o
                0x0000000008002308                HAL_IncTick
 .text.HAL_GetTick
                0x0000000008002330       0x18 Drivers/STM32F3xx_HAL_Driver/Src/stm32f3xx_hal.o
                0x0000000008002330                HAL_GetTick
 .text.HAL_ADC_ConvCpltCallback
                0x0000000008002348       0x14 Drivers/STM32F3xx_HAL_Driver/Src/stm32f3xx_hal_adc.o
                0x0000000008002348                HAL_ADC_ConvCpltCallback
 .text.HAL_ADC_LevelOutOfWindowCallback
                0x000000000800235c       0x14 Drivers/STM32F3xx_HAL_Driver/Src/stm32f3xx_hal_adc.o
                0x000000000800235c                HAL_ADC_LevelOutOfWindowCallback
 .text.HAL_ADC_ErrorCallback
                0x0000000008002370       0x14 Drivers/STM32F3xx_HAL_Driver/Src/stm32f3xx_hal_adc.o
                0x0000000008002370                HAL_ADC_ErrorCallback
 .text.HAL_ADC_Init
                0x0000000008002384      0x3c0 Drivers/STM32F3xx_HAL_Driver/Src/stm32f3xx_hal_adc_ex.o
                0x0000000008002384                HAL_ADC_Init
 .text.HAL_ADC_IRQHandler
                0x0000000008002744      0x618 Drivers/STM32F3xx_HAL_Driver/Src/stm32f3xx_hal_adc_ex.o
                0x0000000008002744                HAL_ADC_IRQHandler
 .text.HAL_ADCEx_InjectedConvCpltCallback
                0x0000000008002d5c       0x14 Drivers/STM32F3xx_HAL_Driver/Src/stm32f3xx_hal_adc_ex.o
                0x0000000008002d5c                HAL_ADCEx_InjectedConvCpltCallback
 .text.HAL_ADCEx_InjectedQueueOverflowCallback
                0x0000000008002d70       0x14 Drivers/STM32F3xx_HAL_Driver/Src/stm32f3xx_hal_adc_ex.o
                0x0000000008002d70                HAL_ADCEx_InjectedQueueOverflowCallback
 .text.HAL_ADCEx_LevelOutOfWindow2Callback
                0x0000000008002d84       0x14 Drivers/STM32F3xx_HAL_Driver/Src/stm32f3xx_hal_adc_ex.o
                0x0000000008002d84                HAL_ADCEx_LevelOutOfWindow2Callback
 .text.HAL_ADCEx_LevelOutOfWindow3Callback
                0x0000000008002d98       0x14 Drivers/STM32F3xx_HAL_Driver/Src/stm32f3xx_hal_adc_ex.o
                0x0000000008002d98                HAL_ADCEx_LevelOutOfWindow3Callback
 .text.HAL_ADC_ConfigChannel
                0x0000000008002dac      0x5d8 Drivers/STM32F3xx_HAL_Driver/Src/stm32f3xx_hal_adc_ex.o
                0x0000000008002dac                HAL_ADC_ConfigChannel
 .text.HAL_ADCEx_MultiModeConfigChannel
                0x0000000008003384      0x1e4 Drivers/STM32F3xx_HAL_Driver/Src/stm32f3xx_hal_adc_ex.o
                0x0000000008003384                HAL_ADCEx_MultiModeConfigChannel
 .text.ADC_Disable
                0x0000000008003568       0xbe Drivers/STM32F3xx_HAL_Driver/Src/stm32f3xx_hal_adc_ex.o
 *fill*         0x0000000008003626        0x2 
 .text.__NVIC_SetPriorityGrouping
                0x0000000008003628       0x48 Drivers/STM32F3xx_HAL_Driver/Src/stm32f3xx_hal_cortex.o
 .text.__NVIC_GetPriorityGrouping
                0x0000000008003670       0x1c Drivers/STM32F3xx_HAL_Driver/Src/stm32f3xx_hal_cortex.o
 .text.__NVIC_EnableIRQ
                0x000000000800368c       0x3c Drivers/STM32F3xx_HAL_Driver/Src/stm32f3xx_hal_cortex.o
 .text.__NVIC_SetPriority
                0x00000000080036c8       0x54 Drivers/STM32F3xx_HAL_Driver/Src/stm32f3xx_hal_cortex.o
 .text.NVIC_EncodePriority
                0x000000000800371c       0x66 Drivers/STM32F3xx_HAL_Driver/Src/stm32f3xx_hal_cortex.o
 *fill*         0x0000000008003782        0x2 
 .text.SysTick_Config
                0x0000000008003784       0x44 Drivers/STM32F3xx_HAL_Driver/Src/stm32f3xx_hal_cortex.o
 .text.HAL_NVIC_SetPriorityGrouping
                0x00000000080037c8       0x16 Drivers/STM32F3xx_HAL_Driver/Src/stm32f3xx_hal_cortex.o
                0x00000000080037c8                HAL_NVIC_SetPriorityGrouping
 .text.HAL_NVIC_SetPriority
                0x00000000080037de       0x38 Drivers/STM32F3xx_HAL_Driver/Src/stm32f3xx_hal_cortex.o
                0x00000000080037de                HAL_NVIC_SetPriority
 .text.HAL_NVIC_EnableIRQ
                0x0000000008003816       0x1c Drivers/STM32F3xx_HAL_Driver/Src/stm32f3xx_hal_cortex.o
                0x0000000008003816                HAL_NVIC_EnableIRQ
 .text.HAL_SYSTICK_Config
                0x0000000008003832       0x18 Drivers/STM32F3xx_HAL_Driver/Src/stm32f3xx_hal_cortex.o
                0x0000000008003832                HAL_SYSTICK_Config
 .text.HAL_DAC_Init
                0x000000000800384a       0x44 Drivers/STM32F3xx_HAL_Driver/Src/stm32f3xx_hal_dac.o
                0x000000000800384a                HAL_DAC_Init
 .text.HAL_DAC_SetValue
                0x000000000800388e       0x4a Drivers/STM32F3xx_HAL_Driver/Src/stm32f3xx_hal_dac_ex.o
                0x000000000800388e                HAL_DAC_SetValue
 .text.HAL_DAC_Start
                0x00000000080038d8       0x96 Drivers/STM32F3xx_HAL_Driver/Src/stm32f3xx_hal_dac_ex.o
                0x00000000080038d8                HAL_DAC_Start
 .text.HAL_DAC_ConfigChannel
                0x000000000800396e       0x9a Drivers/STM32F3xx_HAL_Driver/Src/stm32f3xx_hal_dac_ex.o
                0x000000000800396e                HAL_DAC_ConfigChannel
 .text.HAL_DMA_Init
                0x0000000008003a08       0x8e Drivers/STM32F3xx_HAL_Driver/Src/stm32f3xx_hal_dma.o
                0x0000000008003a08                HAL_DMA_Init
 .text.HAL_DMA_Abort
                0x0000000008003a96       0x72 Drivers/STM32F3xx_HAL_Driver/Src/stm32f3xx_hal_dma.o
                0x0000000008003a96                HAL_DMA_Abort
 .text.HAL_DMA_Abort_IT
                0x0000000008003b08       0x7c Drivers/STM32F3xx_HAL_Driver/Src/stm32f3xx_hal_dma.o
                0x0000000008003b08                HAL_DMA_Abort_IT
 .text.HAL_DMA_IRQHandler
                0x0000000008003b84      0x146 Drivers/STM32F3xx_HAL_Driver/Src/stm32f3xx_hal_dma.o
                0x0000000008003b84                HAL_DMA_IRQHandler
 *fill*         0x0000000008003cca        0x2 
 .text.DMA_CalcBaseAndBitshift
                0x0000000008003ccc       0x78 Drivers/STM32F3xx_HAL_Driver/Src/stm32f3xx_hal_dma.o
 .text.HAL_GPIO_Init
                0x0000000008003d44      0x2f4 Drivers/STM32F3xx_HAL_Driver/Src/stm32f3xx_hal_gpio.o
                0x0000000008003d44                HAL_GPIO_Init
 .text.HAL_RCC_OscConfig
                0x0000000008004038      0xe10 Drivers/STM32F3xx_HAL_Driver/Src/stm32f3xx_hal_rcc.o
                0x0000000008004038                HAL_RCC_OscConfig
 .text.HAL_RCC_ClockConfig
                0x0000000008004e48      0x2f8 Drivers/STM32F3xx_HAL_Driver/Src/stm32f3xx_hal_rcc.o
                0x0000000008004e48                HAL_RCC_ClockConfig
 .text.HAL_RCC_GetSysClockFreq
                0x0000000008005140       0xd4 Drivers/STM32F3xx_HAL_Driver/Src/stm32f3xx_hal_rcc.o
                0x0000000008005140                HAL_RCC_GetSysClockFreq
 .text.HAL_RCC_GetHCLKFreq
                0x0000000008005214       0x18 Drivers/STM32F3xx_HAL_Driver/Src/stm32f3xx_hal_rcc.o
                0x0000000008005214                HAL_RCC_GetHCLKFreq
 .text.HAL_RCC_GetPCLK1Freq
                0x000000000800522c       0x44 Drivers/STM32F3xx_HAL_Driver/Src/stm32f3xx_hal_rcc.o
                0x000000000800522c                HAL_RCC_GetPCLK1Freq
 .text.HAL_RCC_GetPCLK2Freq
                0x0000000008005270       0x44 Drivers/STM32F3xx_HAL_Driver/Src/stm32f3xx_hal_rcc.o
                0x0000000008005270                HAL_RCC_GetPCLK2Freq
 .text.HAL_RCCEx_PeriphCLKConfig
                0x00000000080052b4      0x360 Drivers/STM32F3xx_HAL_Driver/Src/stm32f3xx_hal_rcc_ex.o
                0x00000000080052b4                HAL_RCCEx_PeriphCLKConfig
 .text.HAL_UART_Init
                0x0000000008005614       0x9c Drivers/STM32F3xx_HAL_Driver/Src/stm32f3xx_hal_uart.o
                0x0000000008005614                HAL_UART_Init
 .text.HAL_UART_Transmit_IT
                0x00000000080056b0       0xb8 Drivers/STM32F3xx_HAL_Driver/Src/stm32f3xx_hal_uart.o
                0x00000000080056b0                HAL_UART_Transmit_IT
 .text.HAL_UART_Receive_IT
                0x0000000008005768       0x7a Drivers/STM32F3xx_HAL_Driver/Src/stm32f3xx_hal_uart.o
                0x0000000008005768                HAL_UART_Receive_IT
 *fill*         0x00000000080057e2        0x2 
 .text.HAL_UART_IRQHandler
                0x00000000080057e4      0x400 Drivers/STM32F3xx_HAL_Driver/Src/stm32f3xx_hal_uart.o
                0x00000000080057e4                HAL_UART_IRQHandler
 .text.HAL_UART_TxCpltCallback
                0x0000000008005be4       0x14 Drivers/STM32F3xx_HAL_Driver/Src/stm32f3xx_hal_uart.o
                0x0000000008005be4                HAL_UART_TxCpltCallback
 .text.HAL_UART_RxCpltCallback
                0x0000000008005bf8       0x14 Drivers/STM32F3xx_HAL_Driver/Src/stm32f3xx_hal_uart.o
                0x0000000008005bf8                HAL_UART_RxCpltCallback
 .text.HAL_UART_ErrorCallback
                0x0000000008005c0c       0x14 Drivers/STM32F3xx_HAL_Driver/Src/stm32f3xx_hal_uart.o
                0x0000000008005c0c                HAL_UART_ErrorCallback
 .text.HAL_UARTEx_RxEventCallback
                0x0000000008005c20       0x18 Drivers/STM32F3xx_HAL_Driver/Src/stm32f3xx_hal_uart.o
                0x0000000008005c20                HAL_UARTEx_RxEventCallback
 .text.UART_SetConfig
                0x0000000008005c38      0x3a8 Drivers/STM32F3xx_HAL_Driver/Src/stm32f3xx_hal_uart.o
                0x0000000008005c38                UART_SetConfig
 .text.UART_AdvFeatureConfig
                0x0000000008005fe0      0x144 Drivers/STM32F3xx_HAL_Driver/Src/stm32f3xx_hal_uart.o
                0x0000000008005fe0                UART_AdvFeatureConfig
 .text.UART_CheckIdleState
                0x0000000008006124       0x92 Drivers/STM32F3xx_HAL_Driver/Src/stm32f3xx_hal_uart.o
                0x0000000008006124                UART_CheckIdleState
 .text.UART_WaitOnFlagUntilTimeout
                0x00000000080061b6       0xf8 Drivers/STM32F3xx_HAL_Driver/Src/stm32f3xx_hal_uart.o
                0x00000000080061b6                UART_WaitOnFlagUntilTimeout
 *fill*         0x00000000080062ae        0x2 
 .text.UART_Start_Receive_IT
                0x00000000080062b0       0xec Drivers/STM32F3xx_HAL_Driver/Src/stm32f3xx_hal_uart.o
                0x00000000080062b0                UART_Start_Receive_IT
 .text.UART_EndRxTransfer
                0x000000000800639c       0x5e Drivers/STM32F3xx_HAL_Driver/Src/stm32f3xx_hal_uart.o
 .text.UART_DMAAbortOnError
                0x00000000080063fa       0x2c Drivers/STM32F3xx_HAL_Driver/Src/stm32f3xx_hal_uart.o
 .text.UART_TxISR_8BIT
                0x0000000008006426       0x74 Drivers/STM32F3xx_HAL_Driver/Src/stm32f3xx_hal_uart.o
 .text.UART_TxISR_16BIT
                0x000000000800649a       0x7c Drivers/STM32F3xx_HAL_Driver/Src/stm32f3xx_hal_uart.o
 .text.UART_EndTransmit_IT
                0x0000000008006516       0x32 Drivers/STM32F3xx_HAL_Driver/Src/stm32f3xx_hal_uart.o
 .text.UART_RxISR_8BIT
                0x0000000008006548       0xd4 Drivers/STM32F3xx_HAL_Driver/Src/stm32f3xx_hal_uart.o
 .text.UART_RxISR_16BIT
                0x000000000800661c       0xd4 Drivers/STM32F3xx_HAL_Driver/Src/stm32f3xx_hal_uart.o
 .text.HAL_UARTEx_WakeupCallback
                0x00000000080066f0       0x14 Drivers/STM32F3xx_HAL_Driver/Src/stm32f3xx_hal_uart_ex.o
                0x00000000080066f0                HAL_UARTEx_WakeupCallback
 .text.__errno  0x0000000008006704        0xc c:/users/mames/.eclipse/com.st.stm32cube.ide.mcu.rcp.product_1.5.1_931663386_win32_win32_x86_64/plugins/com.st.stm32cube.ide.mcu.externaltools.gnu-tools-for-stm32.9-2020-q2-update.win32_1.5.0.202011040924/tools/bin/../lib/gcc/arm-none-eabi/9.3.1/../../../../arm-none-eabi/lib/thumb/v7e-m+fp/hard\libc_nano.a(lib_a-errno.o)
                0x0000000008006704                __errno
 .text.__libc_init_array
                0x0000000008006710       0x48 c:/users/mames/.eclipse/com.st.stm32cube.ide.mcu.rcp.product_1.5.1_931663386_win32_win32_x86_64/plugins/com.st.stm32cube.ide.mcu.externaltools.gnu-tools-for-stm32.9-2020-q2-update.win32_1.5.0.202011040924/tools/bin/../lib/gcc/arm-none-eabi/9.3.1/../../../../arm-none-eabi/lib/thumb/v7e-m+fp/hard\libc_nano.a(lib_a-init.o)
                0x0000000008006710                __libc_init_array
 .text.memset   0x0000000008006758       0x10 c:/users/mames/.eclipse/com.st.stm32cube.ide.mcu.rcp.product_1.5.1_931663386_win32_win32_x86_64/plugins/com.st.stm32cube.ide.mcu.externaltools.gnu-tools-for-stm32.9-2020-q2-update.win32_1.5.0.202011040924/tools/bin/../lib/gcc/arm-none-eabi/9.3.1/../../../../arm-none-eabi/lib/thumb/v7e-m+fp/hard\libc_nano.a(lib_a-memset.o)
                0x0000000008006758                memset
 .text.__cvt    0x0000000008006768       0xc4 c:/users/mames/.eclipse/com.st.stm32cube.ide.mcu.rcp.product_1.5.1_931663386_win32_win32_x86_64/plugins/com.st.stm32cube.ide.mcu.externaltools.gnu-tools-for-stm32.9-2020-q2-update.win32_1.5.0.202011040924/tools/bin/../lib/gcc/arm-none-eabi/9.3.1/../../../../arm-none-eabi/lib/thumb/v7e-m+fp/hard\libc_nano.a(lib_a-nano-vfprintf_float.o)
                0x0000000008006768                __cvt
 .text.__exponent
                0x000000000800682c       0x7c c:/users/mames/.eclipse/com.st.stm32cube.ide.mcu.rcp.product_1.5.1_931663386_win32_win32_x86_64/plugins/com.st.stm32cube.ide.mcu.externaltools.gnu-tools-for-stm32.9-2020-q2-update.win32_1.5.0.202011040924/tools/bin/../lib/gcc/arm-none-eabi/9.3.1/../../../../arm-none-eabi/lib/thumb/v7e-m+fp/hard\libc_nano.a(lib_a-nano-vfprintf_float.o)
                0x000000000800682c                __exponent
 .text._printf_float
                0x00000000080068a8      0x46c c:/users/mames/.eclipse/com.st.stm32cube.ide.mcu.rcp.product_1.5.1_931663386_win32_win32_x86_64/plugins/com.st.stm32cube.ide.mcu.externaltools.gnu-tools-for-stm32.9-2020-q2-update.win32_1.5.0.202011040924/tools/bin/../lib/gcc/arm-none-eabi/9.3.1/../../../../arm-none-eabi/lib/thumb/v7e-m+fp/hard\libc_nano.a(lib_a-nano-vfprintf_float.o)
                0x00000000080068a8                _printf_float
 .text._printf_common
                0x0000000008006d14       0xda c:/users/mames/.eclipse/com.st.stm32cube.ide.mcu.rcp.product_1.5.1_931663386_win32_win32_x86_64/plugins/com.st.stm32cube.ide.mcu.externaltools.gnu-tools-for-stm32.9-2020-q2-update.win32_1.5.0.202011040924/tools/bin/../lib/gcc/arm-none-eabi/9.3.1/../../../../arm-none-eabi/lib/thumb/v7e-m+fp/hard\libc_nano.a(lib_a-nano-vfprintf_i.o)
                0x0000000008006d14                _printf_common
 *fill*         0x0000000008006dee        0x2 
 .text._printf_i
                0x0000000008006df0      0x24c c:/users/mames/.eclipse/com.st.stm32cube.ide.mcu.rcp.product_1.5.1_931663386_win32_win32_x86_64/plugins/com.st.stm32cube.ide.mcu.externaltools.gnu-tools-for-stm32.9-2020-q2-update.win32_1.5.0.202011040924/tools/bin/../lib/gcc/arm-none-eabi/9.3.1/../../../../arm-none-eabi/lib/thumb/v7e-m+fp/hard\libc_nano.a(lib_a-nano-vfprintf_i.o)
                0x0000000008006df0                _printf_i
 .text.snprintf
                0x000000000800703c       0x68 c:/users/mames/.eclipse/com.st.stm32cube.ide.mcu.rcp.product_1.5.1_931663386_win32_win32_x86_64/plugins/com.st.stm32cube.ide.mcu.externaltools.gnu-tools-for-stm32.9-2020-q2-update.win32_1.5.0.202011040924/tools/bin/../lib/gcc/arm-none-eabi/9.3.1/../../../../arm-none-eabi/lib/thumb/v7e-m+fp/hard\libc_nano.a(lib_a-snprintf.o)
                0x000000000800703c                sniprintf
                0x000000000800703c                snprintf
 .text.strchr   0x00000000080070a4       0x1a c:/users/mames/.eclipse/com.st.stm32cube.ide.mcu.rcp.product_1.5.1_931663386_win32_win32_x86_64/plugins/com.st.stm32cube.ide.mcu.externaltools.gnu-tools-for-stm32.9-2020-q2-update.win32_1.5.0.202011040924/tools/bin/../lib/gcc/arm-none-eabi/9.3.1/../../../../arm-none-eabi/lib/thumb/v7e-m+fp/hard\libc_nano.a(lib_a-strchr.o)
                0x00000000080070a4                strchr
 .text.strncmp  0x00000000080070be       0x24 c:/users/mames/.eclipse/com.st.stm32cube.ide.mcu.rcp.product_1.5.1_931663386_win32_win32_x86_64/plugins/com.st.stm32cube.ide.mcu.externaltools.gnu-tools-for-stm32.9-2020-q2-update.win32_1.5.0.202011040924/tools/bin/../lib/gcc/arm-none-eabi/9.3.1/../../../../arm-none-eabi/lib/thumb/v7e-m+fp/hard\libc_nano.a(lib_a-strncmp.o)
                0x00000000080070be                strncmp
 .text.strncpy  0x00000000080070e2       0x26 c:/users/mames/.eclipse/com.st.stm32cube.ide.mcu.rcp.product_1.5.1_931663386_win32_win32_x86_64/plugins/com.st.stm32cube.ide.mcu.externaltools.gnu-tools-for-stm32.9-2020-q2-update.win32_1.5.0.202011040924/tools/bin/../lib/gcc/arm-none-eabi/9.3.1/../../../../arm-none-eabi/lib/thumb/v7e-m+fp/hard\libc_nano.a(lib_a-strncpy.o)
                0x00000000080070e2                strncpy
 .text.strpbrk  0x0000000008007108       0x34 c:/users/mames/.eclipse/com.st.stm32cube.ide.mcu.rcp.product_1.5.1_931663386_win32_win32_x86_64/plugins/com.st.stm32cube.ide.mcu.externaltools.gnu-tools-for-stm32.9-2020-q2-update.win32_1.5.0.202011040924/tools/bin/../lib/gcc/arm-none-eabi/9.3.1/../../../../arm-none-eabi/lib/thumb/v7e-m+fp/hard\libc_nano.a(lib_a-strpbrk.o)
                0x0000000008007108                strpbrk
 .text.sulp     0x000000000800713c       0x38 c:/users/mames/.eclipse/com.st.stm32cube.ide.mcu.rcp.product_1.5.1_931663386_win32_win32_x86_64/plugins/com.st.stm32cube.ide.mcu.externaltools.gnu-tools-for-stm32.9-2020-q2-update.win32_1.5.0.202011040924/tools/bin/../lib/gcc/arm-none-eabi/9.3.1/../../../../arm-none-eabi/lib/thumb/v7e-m+fp/hard\libc_nano.a(lib_a-strtod.o)
 *fill*         0x0000000008007174        0x4 
 .text._strtod_l
                0x0000000008007178      0xc14 c:/users/mames/.eclipse/com.st.stm32cube.ide.mcu.rcp.product_1.5.1_931663386_win32_win32_x86_64/plugins/com.st.stm32cube.ide.mcu.externaltools.gnu-tools-for-stm32.9-2020-q2-update.win32_1.5.0.202011040924/tools/bin/../lib/gcc/arm-none-eabi/9.3.1/../../../../arm-none-eabi/lib/thumb/v7e-m+fp/hard\libc_nano.a(lib_a-strtod.o)
                0x0000000008007178                _strtod_l
 .text.strtof   0x0000000008007d8c       0xb4 c:/users/mames/.eclipse/com.st.stm32cube.ide.mcu.rcp.product_1.5.1_931663386_win32_win32_x86_64/plugins/com.st.stm32cube.ide.mcu.externaltools.gnu-tools-for-stm32.9-2020-q2-update.win32_1.5.0.202011040924/tools/bin/../lib/gcc/arm-none-eabi/9.3.1/../../../../arm-none-eabi/lib/thumb/v7e-m+fp/hard\libc_nano.a(lib_a-strtod.o)
                0x0000000008007d8c                strtof
 .text.quorem   0x0000000008007e40      0x116 c:/users/mames/.eclipse/com.st.stm32cube.ide.mcu.rcp.product_1.5.1_931663386_win32_win32_x86_64/plugins/com.st.stm32cube.ide.mcu.externaltools.gnu-tools-for-stm32.9-2020-q2-update.win32_1.5.0.202011040924/tools/bin/../lib/gcc/arm-none-eabi/9.3.1/../../../../arm-none-eabi/lib/thumb/v7e-m+fp/hard\libc_nano.a(lib_a-dtoa.o)
 *fill*         0x0000000008007f56        0x2 
 .text._dtoa_r  0x0000000008007f58      0xbd8 c:/users/mames/.eclipse/com.st.stm32cube.ide.mcu.rcp.product_1.5.1_931663386_win32_win32_x86_64/plugins/com.st.stm32cube.ide.mcu.externaltools.gnu-tools-for-stm32.9-2020-q2-update.win32_1.5.0.202011040924/tools/bin/../lib/gcc/arm-none-eabi/9.3.1/../../../../arm-none-eabi/lib/thumb/v7e-m+fp/hard\libc_nano.a(lib_a-dtoa.o)
                0x0000000008007f58                _dtoa_r
 .text.rshift   0x0000000008008b30       0xa4 c:/users/mames/.eclipse/com.st.stm32cube.ide.mcu.rcp.product_1.5.1_931663386_win32_win32_x86_64/plugins/com.st.stm32cube.ide.mcu.externaltools.gnu-tools-for-stm32.9-2020-q2-update.win32_1.5.0.202011040924/tools/bin/../lib/gcc/arm-none-eabi/9.3.1/../../../../arm-none-eabi/lib/thumb/v7e-m+fp/hard\libc_nano.a(lib_a-gdtoa-gethex.o)
 .text.__hexdig_fun
                0x0000000008008bd4       0x2a c:/users/mames/.eclipse/com.st.stm32cube.ide.mcu.rcp.product_1.5.1_931663386_win32_win32_x86_64/plugins/com.st.stm32cube.ide.mcu.externaltools.gnu-tools-for-stm32.9-2020-q2-update.win32_1.5.0.202011040924/tools/bin/../lib/gcc/arm-none-eabi/9.3.1/../../../../arm-none-eabi/lib/thumb/v7e-m+fp/hard\libc_nano.a(lib_a-gdtoa-gethex.o)
                0x0000000008008bd4                __hexdig_fun
 *fill*         0x0000000008008bfe        0x2 
 .text.__gethex
                0x0000000008008c00      0x48c c:/users/mames/.eclipse/com.st.stm32cube.ide.mcu.rcp.product_1.5.1_931663386_win32_win32_x86_64/plugins/com.st.stm32cube.ide.mcu.externaltools.gnu-tools-for-stm32.9-2020-q2-update.win32_1.5.0.202011040924/tools/bin/../lib/gcc/arm-none-eabi/9.3.1/../../../../arm-none-eabi/lib/thumb/v7e-m+fp/hard\libc_nano.a(lib_a-gdtoa-gethex.o)
                0x0000000008008c00                __gethex
 .text.L_shift  0x000000000800908c       0x24 c:/users/mames/.eclipse/com.st.stm32cube.ide.mcu.rcp.product_1.5.1_931663386_win32_win32_x86_64/plugins/com.st.stm32cube.ide.mcu.externaltools.gnu-tools-for-stm32.9-2020-q2-update.win32_1.5.0.202011040924/tools/bin/../lib/gcc/arm-none-eabi/9.3.1/../../../../arm-none-eabi/lib/thumb/v7e-m+fp/hard\libc_nano.a(lib_a-gdtoa-hexnan.o)
 .text.__match  0x00000000080090b0       0x28 c:/users/mames/.eclipse/com.st.stm32cube.ide.mcu.rcp.product_1.5.1_931663386_win32_win32_x86_64/plugins/com.st.stm32cube.ide.mcu.externaltools.gnu-tools-for-stm32.9-2020-q2-update.win32_1.5.0.202011040924/tools/bin/../lib/gcc/arm-none-eabi/9.3.1/../../../../arm-none-eabi/lib/thumb/v7e-m+fp/hard\libc_nano.a(lib_a-gdtoa-hexnan.o)
                0x00000000080090b0                __match
 .text.__hexnan
                0x00000000080090d8      0x138 c:/users/mames/.eclipse/com.st.stm32cube.ide.mcu.rcp.product_1.5.1_931663386_win32_win32_x86_64/plugins/com.st.stm32cube.ide.mcu.externaltools.gnu-tools-for-stm32.9-2020-q2-update.win32_1.5.0.202011040924/tools/bin/../lib/gcc/arm-none-eabi/9.3.1/../../../../arm-none-eabi/lib/thumb/v7e-m+fp/hard\libc_nano.a(lib_a-gdtoa-hexnan.o)
                0x00000000080090d8                __hexnan
 .text._localeconv_r
                0x0000000008009210        0x8 c:/users/mames/.eclipse/com.st.stm32cube.ide.mcu.rcp.product_1.5.1_931663386_win32_win32_x86_64/plugins/com.st.stm32cube.ide.mcu.externaltools.gnu-tools-for-stm32.9-2020-q2-update.win32_1.5.0.202011040924/tools/bin/../lib/gcc/arm-none-eabi/9.3.1/../../../../arm-none-eabi/lib/thumb/v7e-m+fp/hard\libc_nano.a(lib_a-localeconv.o)
                0x0000000008009210                _localeconv_r
 .text.malloc   0x0000000008009218       0x10 c:/users/mames/.eclipse/com.st.stm32cube.ide.mcu.rcp.product_1.5.1_931663386_win32_win32_x86_64/plugins/com.st.stm32cube.ide.mcu.externaltools.gnu-tools-for-stm32.9-2020-q2-update.win32_1.5.0.202011040924/tools/bin/../lib/gcc/arm-none-eabi/9.3.1/../../../../arm-none-eabi/lib/thumb/v7e-m+fp/hard\libc_nano.a(lib_a-malloc.o)
                0x0000000008009218                malloc
 .text.__ascii_mbtowc
                0x0000000008009228       0x24 c:/users/mames/.eclipse/com.st.stm32cube.ide.mcu.rcp.product_1.5.1_931663386_win32_win32_x86_64/plugins/com.st.stm32cube.ide.mcu.externaltools.gnu-tools-for-stm32.9-2020-q2-update.win32_1.5.0.202011040924/tools/bin/../lib/gcc/arm-none-eabi/9.3.1/../../../../arm-none-eabi/lib/thumb/v7e-m+fp/hard\libc_nano.a(lib_a-mbtowc_r.o)
                0x0000000008009228                __ascii_mbtowc
 .text.memcpy   0x000000000800924c       0x1c c:/users/mames/.eclipse/com.st.stm32cube.ide.mcu.rcp.product_1.5.1_931663386_win32_win32_x86_64/plugins/com.st.stm32cube.ide.mcu.externaltools.gnu-tools-for-stm32.9-2020-q2-update.win32_1.5.0.202011040924/tools/bin/../lib/gcc/arm-none-eabi/9.3.1/../../../../arm-none-eabi/lib/thumb/v7e-m+fp/hard\libc_nano.a(lib_a-memcpy-stub.o)
                0x000000000800924c                memcpy
 .text._Balloc  0x0000000008009268       0x80 c:/users/mames/.eclipse/com.st.stm32cube.ide.mcu.rcp.product_1.5.1_931663386_win32_win32_x86_64/plugins/com.st.stm32cube.ide.mcu.externaltools.gnu-tools-for-stm32.9-2020-q2-update.win32_1.5.0.202011040924/tools/bin/../lib/gcc/arm-none-eabi/9.3.1/../../../../arm-none-eabi/lib/thumb/v7e-m+fp/hard\libc_nano.a(lib_a-mprec.o)
                0x0000000008009268                _Balloc
 .text._Bfree   0x00000000080092e8       0x44 c:/users/mames/.eclipse/com.st.stm32cube.ide.mcu.rcp.product_1.5.1_931663386_win32_win32_x86_64/plugins/com.st.stm32cube.ide.mcu.externaltools.gnu-tools-for-stm32.9-2020-q2-update.win32_1.5.0.202011040924/tools/bin/../lib/gcc/arm-none-eabi/9.3.1/../../../../arm-none-eabi/lib/thumb/v7e-m+fp/hard\libc_nano.a(lib_a-mprec.o)
                0x00000000080092e8                _Bfree
 .text.__multadd
                0x000000000800932c       0x94 c:/users/mames/.eclipse/com.st.stm32cube.ide.mcu.rcp.product_1.5.1_931663386_win32_win32_x86_64/plugins/com.st.stm32cube.ide.mcu.externaltools.gnu-tools-for-stm32.9-2020-q2-update.win32_1.5.0.202011040924/tools/bin/../lib/gcc/arm-none-eabi/9.3.1/../../../../arm-none-eabi/lib/thumb/v7e-m+fp/hard\libc_nano.a(lib_a-mprec.o)
                0x000000000800932c                __multadd
 .text.__s2b    0x00000000080093c0       0x94 c:/users/mames/.eclipse/com.st.stm32cube.ide.mcu.rcp.product_1.5.1_931663386_win32_win32_x86_64/plugins/com.st.stm32cube.ide.mcu.externaltools.gnu-tools-for-stm32.9-2020-q2-update.win32_1.5.0.202011040924/tools/bin/../lib/gcc/arm-none-eabi/9.3.1/../../../../arm-none-eabi/lib/thumb/v7e-m+fp/hard\libc_nano.a(lib_a-mprec.o)
                0x00000000080093c0                __s2b
 .text.__hi0bits
                0x0000000008009454       0x40 c:/users/mames/.eclipse/com.st.stm32cube.ide.mcu.rcp.product_1.5.1_931663386_win32_win32_x86_64/plugins/com.st.stm32cube.ide.mcu.externaltools.gnu-tools-for-stm32.9-2020-q2-update.win32_1.5.0.202011040924/tools/bin/../lib/gcc/arm-none-eabi/9.3.1/../../../../arm-none-eabi/lib/thumb/v7e-m+fp/hard\libc_nano.a(lib_a-mprec.o)
                0x0000000008009454                __hi0bits
 .text.__lo0bits
                0x0000000008009494       0x60 c:/users/mames/.eclipse/com.st.stm32cube.ide.mcu.rcp.product_1.5.1_931663386_win32_win32_x86_64/plugins/com.st.stm32cube.ide.mcu.externaltools.gnu-tools-for-stm32.9-2020-q2-update.win32_1.5.0.202011040924/tools/bin/../lib/gcc/arm-none-eabi/9.3.1/../../../../arm-none-eabi/lib/thumb/v7e-m+fp/hard\libc_nano.a(lib_a-mprec.o)
                0x0000000008009494                __lo0bits
 .text.__i2b    0x00000000080094f4       0x2c c:/users/mames/.eclipse/com.st.stm32cube.ide.mcu.rcp.product_1.5.1_931663386_win32_win32_x86_64/plugins/com.st.stm32cube.ide.mcu.externaltools.gnu-tools-for-stm32.9-2020-q2-update.win32_1.5.0.202011040924/tools/bin/../lib/gcc/arm-none-eabi/9.3.1/../../../../arm-none-eabi/lib/thumb/v7e-m+fp/hard\libc_nano.a(lib_a-mprec.o)
                0x00000000080094f4                __i2b
 .text.__multiply
                0x0000000008009520      0x14c c:/users/mames/.eclipse/com.st.stm32cube.ide.mcu.rcp.product_1.5.1_931663386_win32_win32_x86_64/plugins/com.st.stm32cube.ide.mcu.externaltools.gnu-tools-for-stm32.9-2020-q2-update.win32_1.5.0.202011040924/tools/bin/../lib/gcc/arm-none-eabi/9.3.1/../../../../arm-none-eabi/lib/thumb/v7e-m+fp/hard\libc_nano.a(lib_a-mprec.o)
                0x0000000008009520                __multiply
 .text.__pow5mult
                0x000000000800966c       0xb4 c:/users/mames/.eclipse/com.st.stm32cube.ide.mcu.rcp.product_1.5.1_931663386_win32_win32_x86_64/plugins/com.st.stm32cube.ide.mcu.externaltools.gnu-tools-for-stm32.9-2020-q2-update.win32_1.5.0.202011040924/tools/bin/../lib/gcc/arm-none-eabi/9.3.1/../../../../arm-none-eabi/lib/thumb/v7e-m+fp/hard\libc_nano.a(lib_a-mprec.o)
                0x000000000800966c                __pow5mult
 .text.__lshift
                0x0000000008009720       0xd8 c:/users/mames/.eclipse/com.st.stm32cube.ide.mcu.rcp.product_1.5.1_931663386_win32_win32_x86_64/plugins/com.st.stm32cube.ide.mcu.externaltools.gnu-tools-for-stm32.9-2020-q2-update.win32_1.5.0.202011040924/tools/bin/../lib/gcc/arm-none-eabi/9.3.1/../../../../arm-none-eabi/lib/thumb/v7e-m+fp/hard\libc_nano.a(lib_a-mprec.o)
                0x0000000008009720                __lshift
 .text.__mcmp   0x00000000080097f8       0x38 c:/users/mames/.eclipse/com.st.stm32cube.ide.mcu.rcp.product_1.5.1_931663386_win32_win32_x86_64/plugins/com.st.stm32cube.ide.mcu.externaltools.gnu-tools-for-stm32.9-2020-q2-update.win32_1.5.0.202011040924/tools/bin/../lib/gcc/arm-none-eabi/9.3.1/../../../../arm-none-eabi/lib/thumb/v7e-m+fp/hard\libc_nano.a(lib_a-mprec.o)
                0x00000000080097f8                __mcmp
 .text.__mdiff  0x0000000008009830      0x110 c:/users/mames/.eclipse/com.st.stm32cube.ide.mcu.rcp.product_1.5.1_931663386_win32_win32_x86_64/plugins/com.st.stm32cube.ide.mcu.externaltools.gnu-tools-for-stm32.9-2020-q2-update.win32_1.5.0.202011040924/tools/bin/../lib/gcc/arm-none-eabi/9.3.1/../../../../arm-none-eabi/lib/thumb/v7e-m+fp/hard\libc_nano.a(lib_a-mprec.o)
                0x0000000008009830                __mdiff
 .text.__ulp    0x0000000008009940       0x58 c:/users/mames/.eclipse/com.st.stm32cube.ide.mcu.rcp.product_1.5.1_931663386_win32_win32_x86_64/plugins/com.st.stm32cube.ide.mcu.externaltools.gnu-tools-for-stm32.9-2020-q2-update.win32_1.5.0.202011040924/tools/bin/../lib/gcc/arm-none-eabi/9.3.1/../../../../arm-none-eabi/lib/thumb/v7e-m+fp/hard\libc_nano.a(lib_a-mprec.o)
                0x0000000008009940                __ulp
 .text.__b2d    0x0000000008009998       0xa0 c:/users/mames/.eclipse/com.st.stm32cube.ide.mcu.rcp.product_1.5.1_931663386_win32_win32_x86_64/plugins/com.st.stm32cube.ide.mcu.externaltools.gnu-tools-for-stm32.9-2020-q2-update.win32_1.5.0.202011040924/tools/bin/../lib/gcc/arm-none-eabi/9.3.1/../../../../arm-none-eabi/lib/thumb/v7e-m+fp/hard\libc_nano.a(lib_a-mprec.o)
                0x0000000008009998                __b2d
 .text.__d2b    0x0000000008009a38       0xb8 c:/users/mames/.eclipse/com.st.stm32cube.ide.mcu.rcp.product_1.5.1_931663386_win32_win32_x86_64/plugins/com.st.stm32cube.ide.mcu.externaltools.gnu-tools-for-stm32.9-2020-q2-update.win32_1.5.0.202011040924/tools/bin/../lib/gcc/arm-none-eabi/9.3.1/../../../../arm-none-eabi/lib/thumb/v7e-m+fp/hard\libc_nano.a(lib_a-mprec.o)
                0x0000000008009a38                __d2b
 .text.__ratio  0x0000000008009af0       0x66 c:/users/mames/.eclipse/com.st.stm32cube.ide.mcu.rcp.product_1.5.1_931663386_win32_win32_x86_64/plugins/com.st.stm32cube.ide.mcu.externaltools.gnu-tools-for-stm32.9-2020-q2-update.win32_1.5.0.202011040924/tools/bin/../lib/gcc/arm-none-eabi/9.3.1/../../../../arm-none-eabi/lib/thumb/v7e-m+fp/hard\libc_nano.a(lib_a-mprec.o)
                0x0000000008009af0                __ratio
 .text.__copybits
                0x0000000008009b56       0x46 c:/users/mames/.eclipse/com.st.stm32cube.ide.mcu.rcp.product_1.5.1_931663386_win32_win32_x86_64/plugins/com.st.stm32cube.ide.mcu.externaltools.gnu-tools-for-stm32.9-2020-q2-update.win32_1.5.0.202011040924/tools/bin/../lib/gcc/arm-none-eabi/9.3.1/../../../../arm-none-eabi/lib/thumb/v7e-m+fp/hard\libc_nano.a(lib_a-mprec.o)
                0x0000000008009b56                __copybits
 .text.__any_on
                0x0000000008009b9c       0x42 c:/users/mames/.eclipse/com.st.stm32cube.ide.mcu.rcp.product_1.5.1_931663386_win32_win32_x86_64/plugins/com.st.stm32cube.ide.mcu.externaltools.gnu-tools-for-stm32.9-2020-q2-update.win32_1.5.0.202011040924/tools/bin/../lib/gcc/arm-none-eabi/9.3.1/../../../../arm-none-eabi/lib/thumb/v7e-m+fp/hard\libc_nano.a(lib_a-mprec.o)
                0x0000000008009b9c                __any_on
 .text._calloc_r
                0x0000000008009bde       0x1e c:/users/mames/.eclipse/com.st.stm32cube.ide.mcu.rcp.product_1.5.1_931663386_win32_win32_x86_64/plugins/com.st.stm32cube.ide.mcu.externaltools.gnu-tools-for-stm32.9-2020-q2-update.win32_1.5.0.202011040924/tools/bin/../lib/gcc/arm-none-eabi/9.3.1/../../../../arm-none-eabi/lib/thumb/v7e-m+fp/hard\libc_nano.a(lib_a-nano-callocr.o)
                0x0000000008009bde                _calloc_r
 .text._free_r  0x0000000008009bfc       0xa0 c:/users/mames/.eclipse/com.st.stm32cube.ide.mcu.rcp.product_1.5.1_931663386_win32_win32_x86_64/plugins/com.st.stm32cube.ide.mcu.externaltools.gnu-tools-for-stm32.9-2020-q2-update.win32_1.5.0.202011040924/tools/bin/../lib/gcc/arm-none-eabi/9.3.1/../../../../arm-none-eabi/lib/thumb/v7e-m+fp/hard\libc_nano.a(lib_a-nano-freer.o)
                0x0000000008009bfc                _free_r
 .text._malloc_r
                0x0000000008009c9c       0xb4 c:/users/mames/.eclipse/com.st.stm32cube.ide.mcu.rcp.product_1.5.1_931663386_win32_win32_x86_64/plugins/com.st.stm32cube.ide.mcu.externaltools.gnu-tools-for-stm32.9-2020-q2-update.win32_1.5.0.202011040924/tools/bin/../lib/gcc/arm-none-eabi/9.3.1/../../../../arm-none-eabi/lib/thumb/v7e-m+fp/hard\libc_nano.a(lib_a-nano-mallocr.o)
                0x0000000008009c9c                _malloc_r
 .text.__ssputs_r
                0x0000000008009d50       0xb6 c:/users/mames/.eclipse/com.st.stm32cube.ide.mcu.rcp.product_1.5.1_931663386_win32_win32_x86_64/plugins/com.st.stm32cube.ide.mcu.externaltools.gnu-tools-for-stm32.9-2020-q2-update.win32_1.5.0.202011040924/tools/bin/../lib/gcc/arm-none-eabi/9.3.1/../../../../arm-none-eabi/lib/thumb/v7e-m+fp/hard\libc_nano.a(lib_a-nano-svfprintf.o)
                0x0000000008009d50                __ssputs_r
 *fill*         0x0000000008009e06        0x2 
 .text._svfprintf_r
                0x0000000008009e08      0x200 c:/users/mames/.eclipse/com.st.stm32cube.ide.mcu.rcp.product_1.5.1_931663386_win32_win32_x86_64/plugins/com.st.stm32cube.ide.mcu.externaltools.gnu-tools-for-stm32.9-2020-q2-update.win32_1.5.0.202011040924/tools/bin/../lib/gcc/arm-none-eabi/9.3.1/../../../../arm-none-eabi/lib/thumb/v7e-m+fp/hard\libc_nano.a(lib_a-nano-svfprintf.o)
                0x0000000008009e08                _svfiprintf_r
                0x0000000008009e08                _svfprintf_r
 .text.nan      0x000000000800a008       0x10 c:/users/mames/.eclipse/com.st.stm32cube.ide.mcu.rcp.product_1.5.1_931663386_win32_win32_x86_64/plugins/com.st.stm32cube.ide.mcu.externaltools.gnu-tools-for-stm32.9-2020-q2-update.win32_1.5.0.202011040924/tools/bin/../lib/gcc/arm-none-eabi/9.3.1/../../../../arm-none-eabi/lib/thumb/v7e-m+fp/hard\libc_nano.a(lib_a-s_nan.o)
                0x000000000800a008                nan
 .text._sbrk_r  0x000000000800a018       0x20 c:/users/mames/.eclipse/com.st.stm32cube.ide.mcu.rcp.product_1.5.1_931663386_win32_win32_x86_64/plugins/com.st.stm32cube.ide.mcu.externaltools.gnu-tools-for-stm32.9-2020-q2-update.win32_1.5.0.202011040924/tools/bin/../lib/gcc/arm-none-eabi/9.3.1/../../../../arm-none-eabi/lib/thumb/v7e-m+fp/hard\libc_nano.a(lib_a-sbrkr.o)
                0x000000000800a018                _sbrk_r
 .text.nanf     0x000000000800a038        0xc c:/users/mames/.eclipse/com.st.stm32cube.ide.mcu.rcp.product_1.5.1_931663386_win32_win32_x86_64/plugins/com.st.stm32cube.ide.mcu.externaltools.gnu-tools-for-stm32.9-2020-q2-update.win32_1.5.0.202011040924/tools/bin/../lib/gcc/arm-none-eabi/9.3.1/../../../../arm-none-eabi/lib/thumb/v7e-m+fp/hard\libc_nano.a(lib_a-sf_nan.o)
                0x000000000800a038                nanf
 .text.__ascii_wctomb
                0x000000000800a044       0x1a c:/users/mames/.eclipse/com.st.stm32cube.ide.mcu.rcp.product_1.5.1_931663386_win32_win32_x86_64/plugins/com.st.stm32cube.ide.mcu.externaltools.gnu-tools-for-stm32.9-2020-q2-update.win32_1.5.0.202011040924/tools/bin/../lib/gcc/arm-none-eabi/9.3.1/../../../../arm-none-eabi/lib/thumb/v7e-m+fp/hard\libc_nano.a(lib_a-wctomb_r.o)
                0x000000000800a044                __ascii_wctomb
 *fill*         0x000000000800a05e        0x2 
 .text.__assert_func
                0x000000000800a060       0x3c c:/users/mames/.eclipse/com.st.stm32cube.ide.mcu.rcp.product_1.5.1_931663386_win32_win32_x86_64/plugins/com.st.stm32cube.ide.mcu.externaltools.gnu-tools-for-stm32.9-2020-q2-update.win32_1.5.0.202011040924/tools/bin/../lib/gcc/arm-none-eabi/9.3.1/../../../../arm-none-eabi/lib/thumb/v7e-m+fp/hard\libc_nano.a(lib_a-assert.o)
                0x000000000800a060                __assert_func
 .text.fprintf  0x000000000800a09c       0x24 c:/users/mames/.eclipse/com.st.stm32cube.ide.mcu.rcp.product_1.5.1_931663386_win32_win32_x86_64/plugins/com.st.stm32cube.ide.mcu.externaltools.gnu-tools-for-stm32.9-2020-q2-update.win32_1.5.0.202011040924/tools/bin/../lib/gcc/arm-none-eabi/9.3.1/../../../../arm-none-eabi/lib/thumb/v7e-m+fp/hard\libc_nano.a(lib_a-fprintf.o)
                0x000000000800a09c                fiprintf
                0x000000000800a09c                fprintf
 .text.memmove  0x000000000800a0c0       0x34 c:/users/mames/.eclipse/com.st.stm32cube.ide.mcu.rcp.product_1.5.1_931663386_win32_win32_x86_64/plugins/com.st.stm32cube.ide.mcu.externaltools.gnu-tools-for-stm32.9-2020-q2-update.win32_1.5.0.202011040924/tools/bin/../lib/gcc/arm-none-eabi/9.3.1/../../../../arm-none-eabi/lib/thumb/v7e-m+fp/hard\libc_nano.a(lib_a-memmove.o)
                0x000000000800a0c0                memmove
 .text.__malloc_lock
                0x000000000800a0f4        0xc c:/users/mames/.eclipse/com.st.stm32cube.ide.mcu.rcp.product_1.5.1_931663386_win32_win32_x86_64/plugins/com.st.stm32cube.ide.mcu.externaltools.gnu-tools-for-stm32.9-2020-q2-update.win32_1.5.0.202011040924/tools/bin/../lib/gcc/arm-none-eabi/9.3.1/../../../../arm-none-eabi/lib/thumb/v7e-m+fp/hard\libc_nano.a(lib_a-mlock.o)
                0x000000000800a0f4                __malloc_lock
 .text.__malloc_unlock
                0x000000000800a100        0xc c:/users/mames/.eclipse/com.st.stm32cube.ide.mcu.rcp.product_1.5.1_931663386_win32_win32_x86_64/plugins/com.st.stm32cube.ide.mcu.externaltools.gnu-tools-for-stm32.9-2020-q2-update.win32_1.5.0.202011040924/tools/bin/../lib/gcc/arm-none-eabi/9.3.1/../../../../arm-none-eabi/lib/thumb/v7e-m+fp/hard\libc_nano.a(lib_a-mlock.o)
                0x000000000800a100                __malloc_unlock
 .text._realloc_r
                0x000000000800a10c       0x4c c:/users/mames/.eclipse/com.st.stm32cube.ide.mcu.rcp.product_1.5.1_931663386_win32_win32_x86_64/plugins/com.st.stm32cube.ide.mcu.externaltools.gnu-tools-for-stm32.9-2020-q2-update.win32_1.5.0.202011040924/tools/bin/../lib/gcc/arm-none-eabi/9.3.1/../../../../arm-none-eabi/lib/thumb/v7e-m+fp/hard\libc_nano.a(lib_a-nano-reallocr.o)
                0x000000000800a10c                _realloc_r
 .text.__sfputc_r
                0x000000000800a158       0x2e c:/users/mames/.eclipse/com.st.stm32cube.ide.mcu.rcp.product_1.5.1_931663386_win32_win32_x86_64/plugins/com.st.stm32cube.ide.mcu.externaltools.gnu-tools-for-stm32.9-2020-q2-update.win32_1.5.0.202011040924/tools/bin/../lib/gcc/arm-none-eabi/9.3.1/../../../../arm-none-eabi/lib/thumb/v7e-m+fp/hard\libc_nano.a(lib_a-nano-vfprintf.o)
 .text.__sfputs_r
                0x000000000800a186       0x24 c:/users/mames/.eclipse/com.st.stm32cube.ide.mcu.rcp.product_1.5.1_931663386_win32_win32_x86_64/plugins/com.st.stm32cube.ide.mcu.externaltools.gnu-tools-for-stm32.9-2020-q2-update.win32_1.5.0.202011040924/tools/bin/../lib/gcc/arm-none-eabi/9.3.1/../../../../arm-none-eabi/lib/thumb/v7e-m+fp/hard\libc_nano.a(lib_a-nano-vfprintf.o)
                0x000000000800a186                __sfputs_r
 *fill*         0x000000000800a1aa        0x2 
 .text._vfprintf_r
                0x000000000800a1ac      0x260 c:/users/mames/.eclipse/com.st.stm32cube.ide.mcu.rcp.product_1.5.1_931663386_win32_win32_x86_64/plugins/com.st.stm32cube.ide.mcu.externaltools.gnu-tools-for-stm32.9-2020-q2-update.win32_1.5.0.202011040924/tools/bin/../lib/gcc/arm-none-eabi/9.3.1/../../../../arm-none-eabi/lib/thumb/v7e-m+fp/hard\libc_nano.a(lib_a-nano-vfprintf.o)
                0x000000000800a1ac                _vfprintf_r
                0x000000000800a1ac                _vfiprintf_r
 .text.__swbuf_r
                0x000000000800a40c       0xa4 c:/users/mames/.eclipse/com.st.stm32cube.ide.mcu.rcp.product_1.5.1_931663386_win32_win32_x86_64/plugins/com.st.stm32cube.ide.mcu.externaltools.gnu-tools-for-stm32.9-2020-q2-update.win32_1.5.0.202011040924/tools/bin/../lib/gcc/arm-none-eabi/9.3.1/../../../../arm-none-eabi/lib/thumb/v7e-m+fp/hard\libc_nano.a(lib_a-wbuf.o)
                0x000000000800a40c                __swbuf_r
 .text.__swsetup_r
                0x000000000800a4b0       0xdc c:/users/mames/.eclipse/com.st.stm32cube.ide.mcu.rcp.product_1.5.1_931663386_win32_win32_x86_64/plugins/com.st.stm32cube.ide.mcu.externaltools.gnu-tools-for-stm32.9-2020-q2-update.win32_1.5.0.202011040924/tools/bin/../lib/gcc/arm-none-eabi/9.3.1/../../../../arm-none-eabi/lib/thumb/v7e-m+fp/hard\libc_nano.a(lib_a-wsetup.o)
                0x000000000800a4b0                __swsetup_r
 .text.abort    0x000000000800a58c        0xe c:/users/mames/.eclipse/com.st.stm32cube.ide.mcu.rcp.product_1.5.1_931663386_win32_win32_x86_64/plugins/com.st.stm32cube.ide.mcu.externaltools.gnu-tools-for-stm32.9-2020-q2-update.win32_1.5.0.202011040924/tools/bin/../lib/gcc/arm-none-eabi/9.3.1/../../../../arm-none-eabi/lib/thumb/v7e-m+fp/hard\libc_nano.a(lib_a-abort.o)
                0x000000000800a58c                abort
 *fill*         0x000000000800a59a        0x2 
 .text.__sflush_r
                0x000000000800a59c      0x10c c:/users/mames/.eclipse/com.st.stm32cube.ide.mcu.rcp.product_1.5.1_931663386_win32_win32_x86_64/plugins/com.st.stm32cube.ide.mcu.externaltools.gnu-tools-for-stm32.9-2020-q2-update.win32_1.5.0.202011040924/tools/bin/../lib/gcc/arm-none-eabi/9.3.1/../../../../arm-none-eabi/lib/thumb/v7e-m+fp/hard\libc_nano.a(lib_a-fflush.o)
                0x000000000800a59c                __sflush_r
 .text._fflush_r
                0x000000000800a6a8       0x78 c:/users/mames/.eclipse/com.st.stm32cube.ide.mcu.rcp.product_1.5.1_931663386_win32_win32_x86_64/plugins/com.st.stm32cube.ide.mcu.externaltools.gnu-tools-for-stm32.9-2020-q2-update.win32_1.5.0.202011040924/tools/bin/../lib/gcc/arm-none-eabi/9.3.1/../../../../arm-none-eabi/lib/thumb/v7e-m+fp/hard\libc_nano.a(lib_a-fflush.o)
                0x000000000800a6a8                _fflush_r
 .text.std      0x000000000800a720       0x48 c:/users/mames/.eclipse/com.st.stm32cube.ide.mcu.rcp.product_1.5.1_931663386_win32_win32_x86_64/plugins/com.st.stm32cube.ide.mcu.externaltools.gnu-tools-for-stm32.9-2020-q2-update.win32_1.5.0.202011040924/tools/bin/../lib/gcc/arm-none-eabi/9.3.1/../../../../arm-none-eabi/lib/thumb/v7e-m+fp/hard\libc_nano.a(lib_a-findfp.o)
 .text._cleanup_r
                0x000000000800a768        0xc c:/users/mames/.eclipse/com.st.stm32cube.ide.mcu.rcp.product_1.5.1_931663386_win32_win32_x86_64/plugins/com.st.stm32cube.ide.mcu.externaltools.gnu-tools-for-stm32.9-2020-q2-update.win32_1.5.0.202011040924/tools/bin/../lib/gcc/arm-none-eabi/9.3.1/../../../../arm-none-eabi/lib/thumb/v7e-m+fp/hard\libc_nano.a(lib_a-findfp.o)
                0x000000000800a768                _cleanup_r
 .text.__sfmoreglue
                0x000000000800a774       0x2c c:/users/mames/.eclipse/com.st.stm32cube.ide.mcu.rcp.product_1.5.1_931663386_win32_win32_x86_64/plugins/com.st.stm32cube.ide.mcu.externaltools.gnu-tools-for-stm32.9-2020-q2-update.win32_1.5.0.202011040924/tools/bin/../lib/gcc/arm-none-eabi/9.3.1/../../../../arm-none-eabi/lib/thumb/v7e-m+fp/hard\libc_nano.a(lib_a-findfp.o)
                0x000000000800a774                __sfmoreglue
 .text.__sfp_lock_acquire
                0x000000000800a7a0        0xc c:/users/mames/.eclipse/com.st.stm32cube.ide.mcu.rcp.product_1.5.1_931663386_win32_win32_x86_64/plugins/com.st.stm32cube.ide.mcu.externaltools.gnu-tools-for-stm32.9-2020-q2-update.win32_1.5.0.202011040924/tools/bin/../lib/gcc/arm-none-eabi/9.3.1/../../../../arm-none-eabi/lib/thumb/v7e-m+fp/hard\libc_nano.a(lib_a-findfp.o)
                0x000000000800a7a0                __sfp_lock_acquire
 .text.__sfp_lock_release
                0x000000000800a7ac        0xc c:/users/mames/.eclipse/com.st.stm32cube.ide.mcu.rcp.product_1.5.1_931663386_win32_win32_x86_64/plugins/com.st.stm32cube.ide.mcu.externaltools.gnu-tools-for-stm32.9-2020-q2-update.win32_1.5.0.202011040924/tools/bin/../lib/gcc/arm-none-eabi/9.3.1/../../../../arm-none-eabi/lib/thumb/v7e-m+fp/hard\libc_nano.a(lib_a-findfp.o)
                0x000000000800a7ac                __sfp_lock_release
 .text.__sinit_lock_acquire
                0x000000000800a7b8        0xc c:/users/mames/.eclipse/com.st.stm32cube.ide.mcu.rcp.product_1.5.1_931663386_win32_win32_x86_64/plugins/com.st.stm32cube.ide.mcu.externaltools.gnu-tools-for-stm32.9-2020-q2-update.win32_1.5.0.202011040924/tools/bin/../lib/gcc/arm-none-eabi/9.3.1/../../../../arm-none-eabi/lib/thumb/v7e-m+fp/hard\libc_nano.a(lib_a-findfp.o)
                0x000000000800a7b8                __sinit_lock_acquire
 .text.__sinit_lock_release
                0x000000000800a7c4        0xc c:/users/mames/.eclipse/com.st.stm32cube.ide.mcu.rcp.product_1.5.1_931663386_win32_win32_x86_64/plugins/com.st.stm32cube.ide.mcu.externaltools.gnu-tools-for-stm32.9-2020-q2-update.win32_1.5.0.202011040924/tools/bin/../lib/gcc/arm-none-eabi/9.3.1/../../../../arm-none-eabi/lib/thumb/v7e-m+fp/hard\libc_nano.a(lib_a-findfp.o)
                0x000000000800a7c4                __sinit_lock_release
 .text.__sinit  0x000000000800a7d0       0x70 c:/users/mames/.eclipse/com.st.stm32cube.ide.mcu.rcp.product_1.5.1_931663386_win32_win32_x86_64/plugins/com.st.stm32cube.ide.mcu.externaltools.gnu-tools-for-stm32.9-2020-q2-update.win32_1.5.0.202011040924/tools/bin/../lib/gcc/arm-none-eabi/9.3.1/../../../../arm-none-eabi/lib/thumb/v7e-m+fp/hard\libc_nano.a(lib_a-findfp.o)
                0x000000000800a7d0                __sinit
 .text.__sfp    0x000000000800a840       0x8c c:/users/mames/.eclipse/com.st.stm32cube.ide.mcu.rcp.product_1.5.1_931663386_win32_win32_x86_64/plugins/com.st.stm32cube.ide.mcu.externaltools.gnu-tools-for-stm32.9-2020-q2-update.win32_1.5.0.202011040924/tools/bin/../lib/gcc/arm-none-eabi/9.3.1/../../../../arm-none-eabi/lib/thumb/v7e-m+fp/hard\libc_nano.a(lib_a-findfp.o)
                0x000000000800a840                __sfp
 .text._fwalk_reent
                0x000000000800a8cc       0x3e c:/users/mames/.eclipse/com.st.stm32cube.ide.mcu.rcp.product_1.5.1_931663386_win32_win32_x86_64/plugins/com.st.stm32cube.ide.mcu.externaltools.gnu-tools-for-stm32.9-2020-q2-update.win32_1.5.0.202011040924/tools/bin/../lib/gcc/arm-none-eabi/9.3.1/../../../../arm-none-eabi/lib/thumb/v7e-m+fp/hard\libc_nano.a(lib_a-fwalk.o)
                0x000000000800a8cc                _fwalk_reent
 .text.__retarget_lock_init_recursive
                0x000000000800a90a        0x2 c:/users/mames/.eclipse/com.st.stm32cube.ide.mcu.rcp.product_1.5.1_931663386_win32_win32_x86_64/plugins/com.st.stm32cube.ide.mcu.externaltools.gnu-tools-for-stm32.9-2020-q2-update.win32_1.5.0.202011040924/tools/bin/../lib/gcc/arm-none-eabi/9.3.1/../../../../arm-none-eabi/lib/thumb/v7e-m+fp/hard\libc_nano.a(lib_a-lock.o)
                0x000000000800a90a                __retarget_lock_init_recursive
 .text.__retarget_lock_acquire_recursive
                0x000000000800a90c        0x2 c:/users/mames/.eclipse/com.st.stm32cube.ide.mcu.rcp.product_1.5.1_931663386_win32_win32_x86_64/plugins/com.st.stm32cube.ide.mcu.externaltools.gnu-tools-for-stm32.9-2020-q2-update.win32_1.5.0.202011040924/tools/bin/../lib/gcc/arm-none-eabi/9.3.1/../../../../arm-none-eabi/lib/thumb/v7e-m+fp/hard\libc_nano.a(lib_a-lock.o)
                0x000000000800a90c                __retarget_lock_acquire_recursive
 .text.__retarget_lock_release_recursive
                0x000000000800a90e        0x2 c:/users/mames/.eclipse/com.st.stm32cube.ide.mcu.rcp.product_1.5.1_931663386_win32_win32_x86_64/plugins/com.st.stm32cube.ide.mcu.externaltools.gnu-tools-for-stm32.9-2020-q2-update.win32_1.5.0.202011040924/tools/bin/../lib/gcc/arm-none-eabi/9.3.1/../../../../arm-none-eabi/lib/thumb/v7e-m+fp/hard\libc_nano.a(lib_a-lock.o)
                0x000000000800a90e                __retarget_lock_release_recursive
 .text.__swhatbuf_r
                0x000000000800a910       0x48 c:/users/mames/.eclipse/com.st.stm32cube.ide.mcu.rcp.product_1.5.1_931663386_win32_win32_x86_64/plugins/com.st.stm32cube.ide.mcu.externaltools.gnu-tools-for-stm32.9-2020-q2-update.win32_1.5.0.202011040924/tools/bin/../lib/gcc/arm-none-eabi/9.3.1/../../../../arm-none-eabi/lib/thumb/v7e-m+fp/hard\libc_nano.a(lib_a-makebuf.o)
                0x000000000800a910                __swhatbuf_r
 .text.__smakebuf_r
                0x000000000800a958       0x80 c:/users/mames/.eclipse/com.st.stm32cube.ide.mcu.rcp.product_1.5.1_931663386_win32_win32_x86_64/plugins/com.st.stm32cube.ide.mcu.externaltools.gnu-tools-for-stm32.9-2020-q2-update.win32_1.5.0.202011040924/tools/bin/../lib/gcc/arm-none-eabi/9.3.1/../../../../arm-none-eabi/lib/thumb/v7e-m+fp/hard\libc_nano.a(lib_a-makebuf.o)
                0x000000000800a958                __smakebuf_r
 .text._malloc_usable_size_r
                0x000000000800a9d8       0x10 c:/users/mames/.eclipse/com.st.stm32cube.ide.mcu.rcp.product_1.5.1_931663386_win32_win32_x86_64/plugins/com.st.stm32cube.ide.mcu.externaltools.gnu-tools-for-stm32.9-2020-q2-update.win32_1.5.0.202011040924/tools/bin/../lib/gcc/arm-none-eabi/9.3.1/../../../../arm-none-eabi/lib/thumb/v7e-m+fp/hard\libc_nano.a(lib_a-nano-msizer.o)
                0x000000000800a9d8                _malloc_usable_size_r
 .text._raise_r
                0x000000000800a9e8       0x50 c:/users/mames/.eclipse/com.st.stm32cube.ide.mcu.rcp.product_1.5.1_931663386_win32_win32_x86_64/plugins/com.st.stm32cube.ide.mcu.externaltools.gnu-tools-for-stm32.9-2020-q2-update.win32_1.5.0.202011040924/tools/bin/../lib/gcc/arm-none-eabi/9.3.1/../../../../arm-none-eabi/lib/thumb/v7e-m+fp/hard\libc_nano.a(lib_a-signal.o)
                0x000000000800a9e8                _raise_r
 .text.raise    0x000000000800aa38       0x10 c:/users/mames/.eclipse/com.st.stm32cube.ide.mcu.rcp.product_1.5.1_931663386_win32_win32_x86_64/plugins/com.st.stm32cube.ide.mcu.externaltools.gnu-tools-for-stm32.9-2020-q2-update.win32_1.5.0.202011040924/tools/bin/../lib/gcc/arm-none-eabi/9.3.1/../../../../arm-none-eabi/lib/thumb/v7e-m+fp/hard\libc_nano.a(lib_a-signal.o)
                0x000000000800aa38                raise
 .text._kill_r  0x000000000800aa48       0x24 c:/users/mames/.eclipse/com.st.stm32cube.ide.mcu.rcp.product_1.5.1_931663386_win32_win32_x86_64/plugins/com.st.stm32cube.ide.mcu.externaltools.gnu-tools-for-stm32.9-2020-q2-update.win32_1.5.0.202011040924/tools/bin/../lib/gcc/arm-none-eabi/9.3.1/../../../../arm-none-eabi/lib/thumb/v7e-m+fp/hard\libc_nano.a(lib_a-signalr.o)
                0x000000000800aa48                _kill_r
 .text._getpid_r
                0x000000000800aa6c        0x4 c:/users/mames/.eclipse/com.st.stm32cube.ide.mcu.rcp.product_1.5.1_931663386_win32_win32_x86_64/plugins/com.st.stm32cube.ide.mcu.externaltools.gnu-tools-for-stm32.9-2020-q2-update.win32_1.5.0.202011040924/tools/bin/../lib/gcc/arm-none-eabi/9.3.1/../../../../arm-none-eabi/lib/thumb/v7e-m+fp/hard\libc_nano.a(lib_a-signalr.o)
                0x000000000800aa6c                _getpid_r
 .text.__sread  0x000000000800aa70       0x22 c:/users/mames/.eclipse/com.st.stm32cube.ide.mcu.rcp.product_1.5.1_931663386_win32_win32_x86_64/plugins/com.st.stm32cube.ide.mcu.externaltools.gnu-tools-for-stm32.9-2020-q2-update.win32_1.5.0.202011040924/tools/bin/../lib/gcc/arm-none-eabi/9.3.1/../../../../arm-none-eabi/lib/thumb/v7e-m+fp/hard\libc_nano.a(lib_a-stdio.o)
                0x000000000800aa70                __sread
 .text.__swrite
                0x000000000800aa92       0x38 c:/users/mames/.eclipse/com.st.stm32cube.ide.mcu.rcp.product_1.5.1_931663386_win32_win32_x86_64/plugins/com.st.stm32cube.ide.mcu.externaltools.gnu-tools-for-stm32.9-2020-q2-update.win32_1.5.0.202011040924/tools/bin/../lib/gcc/arm-none-eabi/9.3.1/../../../../arm-none-eabi/lib/thumb/v7e-m+fp/hard\libc_nano.a(lib_a-stdio.o)
                0x000000000800aa92                __swrite
 .text.__sseek  0x000000000800aaca       0x24 c:/users/mames/.eclipse/com.st.stm32cube.ide.mcu.rcp.product_1.5.1_931663386_win32_win32_x86_64/plugins/com.st.stm32cube.ide.mcu.externaltools.gnu-tools-for-stm32.9-2020-q2-update.win32_1.5.0.202011040924/tools/bin/../lib/gcc/arm-none-eabi/9.3.1/../../../../arm-none-eabi/lib/thumb/v7e-m+fp/hard\libc_nano.a(lib_a-stdio.o)
                0x000000000800aaca                __sseek
 .text.__sclose
                0x000000000800aaee        0x8 c:/users/mames/.eclipse/com.st.stm32cube.ide.mcu.rcp.product_1.5.1_931663386_win32_win32_x86_64/plugins/com.st.stm32cube.ide.mcu.externaltools.gnu-tools-for-stm32.9-2020-q2-update.win32_1.5.0.202011040924/tools/bin/../lib/gcc/arm-none-eabi/9.3.1/../../../../arm-none-eabi/lib/thumb/v7e-m+fp/hard\libc_nano.a(lib_a-stdio.o)
                0x000000000800aaee                __sclose
 *fill*         0x000000000800aaf6        0x2 
 .text._write_r
                0x000000000800aaf8       0x24 c:/users/mames/.eclipse/com.st.stm32cube.ide.mcu.rcp.product_1.5.1_931663386_win32_win32_x86_64/plugins/com.st.stm32cube.ide.mcu.externaltools.gnu-tools-for-stm32.9-2020-q2-update.win32_1.5.0.202011040924/tools/bin/../lib/gcc/arm-none-eabi/9.3.1/../../../../arm-none-eabi/lib/thumb/v7e-m+fp/hard\libc_nano.a(lib_a-writer.o)
                0x000000000800aaf8                _write_r
 .text._close_r
                0x000000000800ab1c       0x20 c:/users/mames/.eclipse/com.st.stm32cube.ide.mcu.rcp.product_1.5.1_931663386_win32_win32_x86_64/plugins/com.st.stm32cube.ide.mcu.externaltools.gnu-tools-for-stm32.9-2020-q2-update.win32_1.5.0.202011040924/tools/bin/../lib/gcc/arm-none-eabi/9.3.1/../../../../arm-none-eabi/lib/thumb/v7e-m+fp/hard\libc_nano.a(lib_a-closer.o)
                0x000000000800ab1c                _close_r
 .text._fstat_r
                0x000000000800ab3c       0x24 c:/users/mames/.eclipse/com.st.stm32cube.ide.mcu.rcp.product_1.5.1_931663386_win32_win32_x86_64/plugins/com.st.stm32cube.ide.mcu.externaltools.gnu-tools-for-stm32.9-2020-q2-update.win32_1.5.0.202011040924/tools/bin/../lib/gcc/arm-none-eabi/9.3.1/../../../../arm-none-eabi/lib/thumb/v7e-m+fp/hard\libc_nano.a(lib_a-fstatr.o)
                0x000000000800ab3c                _fstat_r
 .text._isatty_r
                0x000000000800ab60       0x20 c:/users/mames/.eclipse/com.st.stm32cube.ide.mcu.rcp.product_1.5.1_931663386_win32_win32_x86_64/plugins/com.st.stm32cube.ide.mcu.externaltools.gnu-tools-for-stm32.9-2020-q2-update.win32_1.5.0.202011040924/tools/bin/../lib/gcc/arm-none-eabi/9.3.1/../../../../arm-none-eabi/lib/thumb/v7e-m+fp/hard\libc_nano.a(lib_a-isattyr.o)
                0x000000000800ab60                _isatty_r
 .text._lseek_r
                0x000000000800ab80       0x24 c:/users/mames/.eclipse/com.st.stm32cube.ide.mcu.rcp.product_1.5.1_931663386_win32_win32_x86_64/plugins/com.st.stm32cube.ide.mcu.externaltools.gnu-tools-for-stm32.9-2020-q2-update.win32_1.5.0.202011040924/tools/bin/../lib/gcc/arm-none-eabi/9.3.1/../../../../arm-none-eabi/lib/thumb/v7e-m+fp/hard\libc_nano.a(lib_a-lseekr.o)
                0x000000000800ab80                _lseek_r
 .text._read_r  0x000000000800aba4       0x24 c:/users/mames/.eclipse/com.st.stm32cube.ide.mcu.rcp.product_1.5.1_931663386_win32_win32_x86_64/plugins/com.st.stm32cube.ide.mcu.externaltools.gnu-tools-for-stm32.9-2020-q2-update.win32_1.5.0.202011040924/tools/bin/../lib/gcc/arm-none-eabi/9.3.1/../../../../arm-none-eabi/lib/thumb/v7e-m+fp/hard\libc_nano.a(lib_a-readr.o)
                0x000000000800aba4                _read_r
 *(.glue_7)
 .glue_7        0x000000000800abc8        0x0 linker stubs
 *(.glue_7t)
 .glue_7t       0x000000000800abc8        0x0 linker stubs
 *(.eh_frame)
 .eh_frame      0x000000000800abc8        0x0 c:/users/mames/.eclipse/com.st.stm32cube.ide.mcu.rcp.product_1.5.1_931663386_win32_win32_x86_64/plugins/com.st.stm32cube.ide.mcu.externaltools.gnu-tools-for-stm32.9-2020-q2-update.win32_1.5.0.202011040924/tools/bin/../lib/gcc/arm-none-eabi/9.3.1/thumb/v7e-m+fp/hard/crtbegin.o
 *(.init)
 .init          0x000000000800abc8        0x4 c:/users/mames/.eclipse/com.st.stm32cube.ide.mcu.rcp.product_1.5.1_931663386_win32_win32_x86_64/plugins/com.st.stm32cube.ide.mcu.externaltools.gnu-tools-for-stm32.9-2020-q2-update.win32_1.5.0.202011040924/tools/bin/../lib/gcc/arm-none-eabi/9.3.1/thumb/v7e-m+fp/hard/crti.o
                0x000000000800abc8                _init
 .init          0x000000000800abcc        0x8 c:/users/mames/.eclipse/com.st.stm32cube.ide.mcu.rcp.product_1.5.1_931663386_win32_win32_x86_64/plugins/com.st.stm32cube.ide.mcu.externaltools.gnu-tools-for-stm32.9-2020-q2-update.win32_1.5.0.202011040924/tools/bin/../lib/gcc/arm-none-eabi/9.3.1/thumb/v7e-m+fp/hard/crtn.o
 *(.fini)
 .fini          0x000000000800abd4        0x4 c:/users/mames/.eclipse/com.st.stm32cube.ide.mcu.rcp.product_1.5.1_931663386_win32_win32_x86_64/plugins/com.st.stm32cube.ide.mcu.externaltools.gnu-tools-for-stm32.9-2020-q2-update.win32_1.5.0.202011040924/tools/bin/../lib/gcc/arm-none-eabi/9.3.1/thumb/v7e-m+fp/hard/crti.o
                0x000000000800abd4                _fini
 .fini          0x000000000800abd8        0x8 c:/users/mames/.eclipse/com.st.stm32cube.ide.mcu.rcp.product_1.5.1_931663386_win32_win32_x86_64/plugins/com.st.stm32cube.ide.mcu.externaltools.gnu-tools-for-stm32.9-2020-q2-update.win32_1.5.0.202011040924/tools/bin/../lib/gcc/arm-none-eabi/9.3.1/thumb/v7e-m+fp/hard/crtn.o
                0x000000000800abe0                . = ALIGN (0x4)
                0x000000000800abe0                _etext = .

.vfp11_veneer   0x000000000800abe0        0x0
 .vfp11_veneer  0x000000000800abe0        0x0 linker stubs

.v4_bx          0x000000000800abe0        0x0
 .v4_bx         0x000000000800abe0        0x0 linker stubs

.iplt           0x000000000800abe0        0x0
 .iplt          0x000000000800abe0        0x0 c:/users/mames/.eclipse/com.st.stm32cube.ide.mcu.rcp.product_1.5.1_931663386_win32_win32_x86_64/plugins/com.st.stm32cube.ide.mcu.externaltools.gnu-tools-for-stm32.9-2020-q2-update.win32_1.5.0.202011040924/tools/bin/../lib/gcc/arm-none-eabi/9.3.1/thumb/v7e-m+fp/hard/crtbegin.o

.rodata         0x000000000800abe0      0x574
                0x000000000800abe0                . = ALIGN (0x4)
 *(.rodata)
 .rodata        0x000000000800abe0       0x2c Core/Src/commands.o
 .rodata        0x000000000800ac0c       0x51 Core/Src/fsmParse.o
 *(.rodata*)
 *fill*         0x000000000800ac5d        0x3 
 .rodata.commandExecute
                0x000000000800ac60        0xc Core/Src/commands.o
                0x000000000800ac60                commandExecute
 .rodata.AHBPrescTable
                0x000000000800ac6c       0x10 Core/Src/system_stm32f3xx.o
                0x000000000800ac6c                AHBPrescTable
 .rodata.APBPrescTable
                0x000000000800ac7c        0x8 Core/Src/system_stm32f3xx.o
                0x000000000800ac7c                APBPrescTable
 .rodata.aPLLMULFactorTable
                0x000000000800ac84       0x10 Drivers/STM32F3xx_HAL_Driver/Src/stm32f3xx_hal_rcc.o
                0x000000000800ac84                aPLLMULFactorTable
 .rodata.aPredivFactorTable
                0x000000000800ac94       0x10 Drivers/STM32F3xx_HAL_Driver/Src/stm32f3xx_hal_rcc.o
                0x000000000800ac94                aPredivFactorTable
 .rodata._global_impure_ptr
                0x000000000800aca4        0x4 c:/users/mames/.eclipse/com.st.stm32cube.ide.mcu.rcp.product_1.5.1_931663386_win32_win32_x86_64/plugins/com.st.stm32cube.ide.mcu.externaltools.gnu-tools-for-stm32.9-2020-q2-update.win32_1.5.0.202011040924/tools/bin/../lib/gcc/arm-none-eabi/9.3.1/../../../../arm-none-eabi/lib/thumb/v7e-m+fp/hard\libc_nano.a(lib_a-impure.o)
                0x000000000800aca4                _global_impure_ptr
 .rodata._printf_float.str1.1
                0x000000000800aca8       0x12 c:/users/mames/.eclipse/com.st.stm32cube.ide.mcu.rcp.product_1.5.1_931663386_win32_win32_x86_64/plugins/com.st.stm32cube.ide.mcu.externaltools.gnu-tools-for-stm32.9-2020-q2-update.win32_1.5.0.202011040924/tools/bin/../lib/gcc/arm-none-eabi/9.3.1/../../../../arm-none-eabi/lib/thumb/v7e-m+fp/hard\libc_nano.a(lib_a-nano-vfprintf_float.o)
 .rodata._printf_i.str1.1
                0x000000000800acba       0x22 c:/users/mames/.eclipse/com.st.stm32cube.ide.mcu.rcp.product_1.5.1_931663386_win32_win32_x86_64/plugins/com.st.stm32cube.ide.mcu.externaltools.gnu-tools-for-stm32.9-2020-q2-update.win32_1.5.0.202011040924/tools/bin/../lib/gcc/arm-none-eabi/9.3.1/../../../../arm-none-eabi/lib/thumb/v7e-m+fp/hard\libc_nano.a(lib_a-nano-vfprintf_i.o)
 .rodata._strtod_l.str1.1
                0x000000000800acdc       0x22 c:/users/mames/.eclipse/com.st.stm32cube.ide.mcu.rcp.product_1.5.1_931663386_win32_win32_x86_64/plugins/com.st.stm32cube.ide.mcu.externaltools.gnu-tools-for-stm32.9-2020-q2-update.win32_1.5.0.202011040924/tools/bin/../lib/gcc/arm-none-eabi/9.3.1/../../../../arm-none-eabi/lib/thumb/v7e-m+fp/hard\libc_nano.a(lib_a-strtod.o)
                                          0xd (size before relaxing)
 .rodata.fpi.7583
                0x000000000800acdc       0x14 c:/users/mames/.eclipse/com.st.stm32cube.ide.mcu.rcp.product_1.5.1_931663386_win32_win32_x86_64/plugins/com.st.stm32cube.ide.mcu.externaltools.gnu-tools-for-stm32.9-2020-q2-update.win32_1.5.0.202011040924/tools/bin/../lib/gcc/arm-none-eabi/9.3.1/../../../../arm-none-eabi/lib/thumb/v7e-m+fp/hard\libc_nano.a(lib_a-strtod.o)
 .rodata.fpinan.7619
                0x000000000800acf0       0x14 c:/users/mames/.eclipse/com.st.stm32cube.ide.mcu.rcp.product_1.5.1_931663386_win32_win32_x86_64/plugins/com.st.stm32cube.ide.mcu.externaltools.gnu-tools-for-stm32.9-2020-q2-update.win32_1.5.0.202011040924/tools/bin/../lib/gcc/arm-none-eabi/9.3.1/../../../../arm-none-eabi/lib/thumb/v7e-m+fp/hard\libc_nano.a(lib_a-strtod.o)
 *fill*         0x000000000800ad04        0x4 
 .rodata.tinytens
                0x000000000800ad08       0x28 c:/users/mames/.eclipse/com.st.stm32cube.ide.mcu.rcp.product_1.5.1_931663386_win32_win32_x86_64/plugins/com.st.stm32cube.ide.mcu.externaltools.gnu-tools-for-stm32.9-2020-q2-update.win32_1.5.0.202011040924/tools/bin/../lib/gcc/arm-none-eabi/9.3.1/../../../../arm-none-eabi/lib/thumb/v7e-m+fp/hard\libc_nano.a(lib_a-strtod.o)
 .rodata._dtoa_r.str1.1
                0x000000000800ad30       0x94 c:/users/mames/.eclipse/com.st.stm32cube.ide.mcu.rcp.product_1.5.1_931663386_win32_win32_x86_64/plugins/com.st.stm32cube.ide.mcu.externaltools.gnu-tools-for-stm32.9-2020-q2-update.win32_1.5.0.202011040924/tools/bin/../lib/gcc/arm-none-eabi/9.3.1/../../../../arm-none-eabi/lib/thumb/v7e-m+fp/hard\libc_nano.a(lib_a-dtoa.o)
                                         0x96 (size before relaxing)
 .rodata.__gethex.str1.1
                0x000000000800adc4       0x67 c:/users/mames/.eclipse/com.st.stm32cube.ide.mcu.rcp.product_1.5.1_931663386_win32_win32_x86_64/plugins/com.st.stm32cube.ide.mcu.externaltools.gnu-tools-for-stm32.9-2020-q2-update.win32_1.5.0.202011040924/tools/bin/../lib/gcc/arm-none-eabi/9.3.1/../../../../arm-none-eabi/lib/thumb/v7e-m+fp/hard\libc_nano.a(lib_a-gdtoa-gethex.o)
                                         0x78 (size before relaxing)
 .rodata.str1.1
                0x000000000800ae2b        0x2 c:/users/mames/.eclipse/com.st.stm32cube.ide.mcu.rcp.product_1.5.1_931663386_win32_win32_x86_64/plugins/com.st.stm32cube.ide.mcu.externaltools.gnu-tools-for-stm32.9-2020-q2-update.win32_1.5.0.202011040924/tools/bin/../lib/gcc/arm-none-eabi/9.3.1/../../../../arm-none-eabi/lib/thumb/v7e-m+fp/hard\libc_nano.a(lib_a-lnumeric.o)
                                          0x3 (size before relaxing)
 *fill*         0x000000000800ae2d        0x3 
 .rodata._C_numeric_locale
                0x000000000800ae30        0xc c:/users/mames/.eclipse/com.st.stm32cube.ide.mcu.rcp.product_1.5.1_931663386_win32_win32_x86_64/plugins/com.st.stm32cube.ide.mcu.externaltools.gnu-tools-for-stm32.9-2020-q2-update.win32_1.5.0.202011040924/tools/bin/../lib/gcc/arm-none-eabi/9.3.1/../../../../arm-none-eabi/lib/thumb/v7e-m+fp/hard\libc_nano.a(lib_a-lnumeric.o)
                0x000000000800ae30                _C_numeric_locale
 .rodata._setlocale_r.str1.1
                0x000000000800ae3c        0x8 c:/users/mames/.eclipse/com.st.stm32cube.ide.mcu.rcp.product_1.5.1_931663386_win32_win32_x86_64/plugins/com.st.stm32cube.ide.mcu.externaltools.gnu-tools-for-stm32.9-2020-q2-update.win32_1.5.0.202011040924/tools/bin/../lib/gcc/arm-none-eabi/9.3.1/../../../../arm-none-eabi/lib/thumb/v7e-m+fp/hard\libc_nano.a(lib_a-locale.o)
                                          0x9 (size before relaxing)
 .rodata.str1.1
                0x000000000800ae44        0x2 c:/users/mames/.eclipse/com.st.stm32cube.ide.mcu.rcp.product_1.5.1_931663386_win32_win32_x86_64/plugins/com.st.stm32cube.ide.mcu.externaltools.gnu-tools-for-stm32.9-2020-q2-update.win32_1.5.0.202011040924/tools/bin/../lib/gcc/arm-none-eabi/9.3.1/../../../../arm-none-eabi/lib/thumb/v7e-m+fp/hard\libc_nano.a(lib_a-locale.o)
 .rodata._Balloc.str1.1
                0x000000000800ae44       0x60 c:/users/mames/.eclipse/com.st.stm32cube.ide.mcu.rcp.product_1.5.1_931663386_win32_win32_x86_64/plugins/com.st.stm32cube.ide.mcu.externaltools.gnu-tools-for-stm32.9-2020-q2-update.win32_1.5.0.202011040924/tools/bin/../lib/gcc/arm-none-eabi/9.3.1/../../../../arm-none-eabi/lib/thumb/v7e-m+fp/hard\libc_nano.a(lib_a-mprec.o)
                                         0x77 (size before relaxing)
 .rodata.__multadd.str1.1