stm32f3xx_it.c:90:6:NMI_Handler	4	static
stm32f3xx_it.c:105:6:HardFault_Handler	4	static
stm32f3xx_it.c:120:6:MemManage_Handler	4	static
stm32f3xx_it.c:135:6:BusFault_Handler	4	static
stm32f3xx_it.c:150:6:UsageFault_Handler	4	static
stm32f3xx_it.c:165:6:SVC_Handler	4	static
stm32f3xx_it.c:178:6:DebugMon_Handler	4	static
stm32f3xx_it.c:191:6:PendSV_Handler	4	static
stm32f3xx_it.c:204:6:SysTick_Handler	8	static
stm32f3xx_it.c:225:6:DMA1_Channel1_IRQHandler	8	static
stm32f3xx_it.c:239:6:USART1_IRQHandler	16	static
stm32f3xx_it.c:260:6:USART2_IRQHandler	16	static
stm32f3xx_it.c:280:6:receiveFromUart	16	static
stm32f3xx_it.c:307:6:HAL_ADC_ConvCpltCallback	24	static
