stm32f3xx_it.c:88:6:NMI_Handler	4	static
stm32f3xx_it.c:103:6:HardFault_Handler	4	static
stm32f3xx_it.c:118:6:MemManage_Handler	4	static
stm32f3xx_it.c:133:6:BusFault_Handler	4	static
stm32f3xx_it.c:148:6:UsageFault_Handler	4	static
stm32f3xx_it.c:163:6:SVC_Handler	4	static
stm32f3xx_it.c:176:6:DebugMon_Handler	4	static
stm32f3xx_it.c:189:6:PendSV_Handler	4	static
stm32f3xx_it.c:202:6:SysTick_Handler	8	static
stm32f3xx_it.c:223:6:DMA1_Channel1_IRQHandler	8	static
stm32f3xx_it.c:237:6:USART1_IRQHandler	16	static
stm32f3xx_it.c:276:6:USART2_IRQHandler	8	static
stm32f3xx_it.c:288:6:HAL_ADC_ConvCpltCallback	24	static
